Archive member included to satisfy reference by file (symbol)

c:/program files (x86)/embitz/1.11/share/em_armgcc/bin/../lib/gcc/arm-none-eabi/5.4.1/../../../../arm-none-eabi/lib/armv6-m\libm.a(lib_a-s_floor.o)
                              .objs\pokittolib\mbed-pokitto\targets\hal\target_nxp\target_lpc11u6x\spi_api.o (floor)
c:/program files (x86)/embitz/1.11/share/em_armgcc/bin/../lib/gcc/arm-none-eabi/5.4.1/../../../../arm-none-eabi/lib/armv6-m\libc_n.a(lib_a-abs.o)
                              .objs\pokittolib\mbed-pokitto\targets\hal\target_nxp\target_lpc11u6x\serial_api.o (abs)
c:/program files (x86)/embitz/1.11/share/em_armgcc/bin/../lib/gcc/arm-none-eabi/5.4.1/../../../../arm-none-eabi/lib/armv6-m\libc_n.a(lib_a-errno.o)
                              .objs\pokittolib\mbed-pokitto\common\retarget.o (__errno)
c:/program files (x86)/embitz/1.11/share/em_armgcc/bin/../lib/gcc/arm-none-eabi/5.4.1/../../../../arm-none-eabi/lib/armv6-m\libc_n.a(lib_a-exit.o)
                              c:/program files (x86)/embitz/1.11/share/em_armgcc/bin/../lib/gcc/arm-none-eabi/5.4.1/../../../../arm-none-eabi/lib/armv6-m/crt0.o (exit)
c:/program files (x86)/embitz/1.11/share/em_armgcc/bin/../lib/gcc/arm-none-eabi/5.4.1/../../../../arm-none-eabi/lib/armv6-m\libc_n.a(lib_a-fclose.o)
                              .objs\pokittolib\mbed-pokitto\common\stream.o (fclose)
c:/program files (x86)/embitz/1.11/share/em_armgcc/bin/../lib/gcc/arm-none-eabi/5.4.1/../../../../arm-none-eabi/lib/armv6-m\libc_n.a(lib_a-fflush.o)
                              c:/program files (x86)/embitz/1.11/share/em_armgcc/bin/../lib/gcc/arm-none-eabi/5.4.1/../../../../arm-none-eabi/lib/armv6-m\libc_n.a(lib_a-fclose.o) (__sflush_r)
c:/program files (x86)/embitz/1.11/share/em_armgcc/bin/../lib/gcc/arm-none-eabi/5.4.1/../../../../arm-none-eabi/lib/armv6-m\libc_n.a(lib_a-fgetc.o)
                              .objs\pokittolib\mbed-pokitto\common\retarget.o (fgetc)
c:/program files (x86)/embitz/1.11/share/em_armgcc/bin/../lib/gcc/arm-none-eabi/5.4.1/../../../../arm-none-eabi/lib/armv6-m\libc_n.a(lib_a-fgets.o)
                              .objs\pokittolib\mbed-pokitto\common\retarget.o (fgets)
c:/program files (x86)/embitz/1.11/share/em_armgcc/bin/../lib/gcc/arm-none-eabi/5.4.1/../../../../arm-none-eabi/lib/armv6-m\libc_n.a(lib_a-findfp.o)
                              c:/program files (x86)/embitz/1.11/share/em_armgcc/bin/../lib/gcc/arm-none-eabi/5.4.1/../../../../arm-none-eabi/lib/armv6-m\libc_n.a(lib_a-fclose.o) (__sinit)
c:/program files (x86)/embitz/1.11/share/em_armgcc/bin/../lib/gcc/arm-none-eabi/5.4.1/../../../../arm-none-eabi/lib/armv6-m\libc_n.a(lib_a-fopen.o)
                              .objs\pokittolib\mbed-pokitto\common\stream.o (fopen)
c:/program files (x86)/embitz/1.11/share/em_armgcc/bin/../lib/gcc/arm-none-eabi/5.4.1/../../../../arm-none-eabi/lib/armv6-m\libc_n.a(lib_a-fputc.o)
                              .objs\pokittolib\mbed-pokitto\common\stream.o (fputc)
c:/program files (x86)/embitz/1.11/share/em_armgcc/bin/../lib/gcc/arm-none-eabi/5.4.1/../../../../arm-none-eabi/lib/armv6-m\libc_n.a(lib_a-fputs.o)
                              .objs\pokittolib\mbed-pokitto\common\stream.o (fputs)
c:/program files (x86)/embitz/1.11/share/em_armgcc/bin/../lib/gcc/arm-none-eabi/5.4.1/../../../../arm-none-eabi/lib/armv6-m\libc_n.a(lib_a-fseek.o)
                              c:/program files (x86)/embitz/1.11/share/em_armgcc/bin/../lib/gcc/arm-none-eabi/5.4.1/../../../../arm-none-eabi/lib/armv6-m\libc_n.a(lib_a-fopen.o) (_fseek_r)
c:/program files (x86)/embitz/1.11/share/em_armgcc/bin/../lib/gcc/arm-none-eabi/5.4.1/../../../../arm-none-eabi/lib/armv6-m\libc_n.a(lib_a-fseeko.o)
                              c:/program files (x86)/embitz/1.11/share/em_armgcc/bin/../lib/gcc/arm-none-eabi/5.4.1/../../../../arm-none-eabi/lib/armv6-m\libc_n.a(lib_a-fseek.o) (_fseeko_r)
c:/program files (x86)/embitz/1.11/share/em_armgcc/bin/../lib/gcc/arm-none-eabi/5.4.1/../../../../arm-none-eabi/lib/armv6-m\libc_n.a(lib_a-fwalk.o)
                              c:/program files (x86)/embitz/1.11/share/em_armgcc/bin/../lib/gcc/arm-none-eabi/5.4.1/../../../../arm-none-eabi/lib/armv6-m\libc_n.a(lib_a-findfp.o) (_fwalk)
c:/program files (x86)/embitz/1.11/share/em_armgcc/bin/../lib/gcc/arm-none-eabi/5.4.1/../../../../arm-none-eabi/lib/armv6-m\libc_n.a(lib_a-impure.o)
                              c:/program files (x86)/embitz/1.11/share/em_armgcc/bin/../lib/gcc/arm-none-eabi/5.4.1/../../../../arm-none-eabi/lib/armv6-m\libc_n.a(lib_a-exit.o) (_global_impure_ptr)
c:/program files (x86)/embitz/1.11/share/em_armgcc/bin/../lib/gcc/arm-none-eabi/5.4.1/../../../../arm-none-eabi/lib/armv6-m\libc_n.a(lib_a-init.o)
                              c:/program files (x86)/embitz/1.11/share/em_armgcc/bin/../lib/gcc/arm-none-eabi/5.4.1/../../../../arm-none-eabi/lib/armv6-m/crt0.o (__libc_init_array)
[...]
Memory Configuration

Name             Origin             Length             Attributes
MFlash256        0x00000000         0x00040000         xr
Ram0_32          0x10000100         0x00007f00         xrw
Ram1_2           0x20000000         0x00000800         xrw
Ram2USB_2        0x20004000         0x00000800         xrw
*default*        0x00000000         0xffffffff

Linker script and memory map

LOAD c:/program files (x86)/embitz/1.11/share/em_armgcc/bin/../lib/gcc/arm-none-eabi/5.4.1/armv6-m/crti.o
LOAD c:/program files (x86)/embitz/1.11/share/em_armgcc/bin/../lib/gcc/arm-none-eabi/5.4.1/armv6-m/crtbegin.o
LOAD c:/program files (x86)/embitz/1.11/share/em_armgcc/bin/../lib/gcc/arm-none-eabi/5.4.1/../../../../arm-none-eabi/lib/armv6-m/crt0.o
                0x00040000                __top_MFlash256 = 0x40000
                0x10008000                __top_Ram0_32 = 0x10008000
                0x20000800                __top_Ram1_2 = 0x20000800
                0x20004800                __top_Ram2USB_2 = 0x20004800

.text           0x00000000     0x7638
 FILL mask 0xff
                0x00000000                __vectors_start__ = ABSOLUTE (.)
 *(.isr_vector)
 .isr_vector    0x00000000       0xc0 .objs\pokittolib\mbed-pokitto\targets\cmsis\target_nxp\target_lpc11u6x\toolchain_gcc_arm\target_lpc11u68\startup_lpc11u68.o
                0x00000000                g_pfnVectors
                0x000000c0                . = ALIGN (0x4)
                0x000000c0                __section_table_start = .
                0x000000c0                __data_section_table = .
                0x000000c0        0x4 LONG 0x7638 LOADADDR (.data)
                0x000000c4        0x4 LONG 0x10000100 ADDR (.data)
                0x000000c8        0x4 LONG 0x80 SIZEOF (.data)
                0x000000cc        0x4 LONG 0x7638 LOADADDR (.data_RAM2)
                0x000000d0        0x4 LONG 0x20000000 ADDR (.data_RAM2)
                0x000000d4        0x4 LONG 0x0 SIZEOF (.data_RAM2)
                0x000000d8        0x4 LONG 0x7638 LOADADDR (.data_RAM3)
                0x000000dc        0x4 LONG 0x20004000 ADDR (.data_RAM3)
                0x000000e0        0x4 LONG 0x0 SIZEOF (.data_RAM3)
                0x000000e4                __data_section_table_end = .
                0x000000e4                __bss_section_table = .
                0x000000e4        0x4 LONG 0x10000180 ADDR (.bss)
                0x000000e8        0x4 LONG 0x3960 SIZEOF (.bss)
                0x000000ec        0x4 LONG 0x20000000 ADDR (.bss_RAM2)
                0x000000f0        0x4 LONG 0x0 SIZEOF (.bss_RAM2)
                0x000000f4        0x4 LONG 0x20004000 ADDR (.bss_RAM3)
                0x000000f8        0x4 LONG 0x0 SIZEOF (.bss_RAM3)
                0x000000fc                __bss_section_table_end = .
                0x000000fc                __section_table_end = .
 *(.after_vectors*)
 .after_vectors
                0x000000fc       0x54 .objs\pokittolib\mbed-pokitto\targets\cmsis\target_nxp\target_lpc11u6x\toolchain_gcc_arm\target_lpc11u68\startup_lpc11u68.o
                0x000000fc                ResetISR
 *(.text*)
 .text          0x00000150       0x60 c:/program files (x86)/embitz/1.11/share/em_armgcc/bin/../lib/gcc/arm-none-eabi/5.4.1/armv6-m/crtbegin.o
 .text.gpio_read
                0x000001b0       0x2c .objs\main.o
 .text._ZN4mbed9DigitalInC2E7PinName
                0x000001dc       0x1a .objs\main.o
                0x000001dc                mbed::DigitalIn::DigitalIn(PinName)
                0x000001dc                mbed::DigitalIn::DigitalIn(PinName)
 *fill*         0x000001f6        0x2 ff
 .text._Z9UPDATEPADii
                0x000001f8       0x5c .objs\main.o
                0x000001f8                UPDATEPAD(int, int)
 .text._Z9UpdatePadi
                0x00000254       0x38 .objs\main.o
                0x00000254                UpdatePad(int)
 .text._Z13updateButtonsh
                0x0000028c       0x84 .objs\main.o
                0x0000028c                updateButtons(unsigned char)
 .text._Z5setupv
                0x00000310       0x64 .objs\main.o
                0x00000310                setup()
 .text.startup.main
                0x00000374       0x88 .objs\main.o
                0x00000374                main
 .text.startup._GLOBAL__sub_I_game
                0x000003fc       0x80 .objs\main.o
 .text.mbed_assert_internal
                0x0000047c       0x14 .objs\pokittolib\mbed-pokitto\common\assert.o
                0x0000047c                mbed_assert_internal
 .text.mbed_die
                0x00000490       0x5c .objs\pokittolib\mbed-pokitto\common\board.o
                0x00000490                mbed_die
 .text.error    0x000004ec        0xa .objs\pokittolib\mbed-pokitto\common\error.o
                0x000004ec                error
 *fill*         0x000004f6        0x2 ff
 .text.gpio_write
                0x000004f8       0x30 .objs\pokittolib\mbed-pokitto\common\gpio.o
 .text._gpio_init_in
                0x00000528       0x22 .objs\pokittolib\mbed-pokitto\common\gpio.o
 .text.gpio_init_in
                0x0000054a        0xa .objs\pokittolib\mbed-pokitto\common\gpio.o
                0x0000054a                gpio_init_in
 .text.gpio_init_out_ex
                0x00000554       0x2a .objs\pokittolib\mbed-pokitto\common\gpio.o
                0x00000554                gpio_init_out_ex
 .text.gpio_init_out
                0x0000057e        0xa .objs\pokittolib\mbed-pokitto\common\gpio.o
                0x0000057e                gpio_init_out
 .text._ZN4mbed11InterruptInD2Ev
                0x00000588       0x18 .objs\pokittolib\mbed-pokitto\common\interruptin.o
                0x00000588                mbed::InterruptIn::~InterruptIn()
                0x00000588                mbed::InterruptIn::~InterruptIn()
 .text._ZN4mbed11InterruptInD0Ev
                0x000005a0       0x12 .objs\pokittolib\mbed-pokitto\common\interruptin.o
                0x000005a0                mbed::InterruptIn::~InterruptIn()
 *fill*         0x000005b2        0x2 ff
 .text._ZN4mbed11InterruptInC2E7PinName
                0x000005b4       0x48 .objs\pokittolib\mbed-pokitto\common\interruptin.o
                0x000005b4                mbed::InterruptIn::InterruptIn(PinName)
                0x000005b4                mbed::InterruptIn::InterruptIn(PinName)
 .text._ZN4mbed11InterruptIn4riseEPFvvE
                0x000005fc       0x1e .objs\pokittolib\mbed-pokitto\common\interruptin.o
                0x000005fc                mbed::InterruptIn::rise(void (*)())
 .text._ZN4mbed11InterruptIn4fallEPFvvE
                0x0000061a       0x1c .objs\pokittolib\mbed-pokitto\common\interruptin.o
                0x0000061a                mbed::InterruptIn::fall(void (*)())
 .text._ZN4mbed19FunctionPointerArg1IvvE4callEv
                0x00000636       0x20 .objs\pokittolib\mbed-pokitto\common\interruptin.o
                0x00000636                mbed::FunctionPointerArg1<void, void>::call()
 .text._ZN4mbed11InterruptIn12_irq_handlerEm14gpio_irq_event
                0x00000656       0x16 .objs\pokittolib\mbed-pokitto\common\interruptin.o
                0x00000656                mbed::InterruptIn::_irq_handler(unsigned long, gpio_irq_event)
 .text.pinmap_pinout
                0x0000066c       0x34 .objs\pokittolib\mbed-pokitto\common\pinmap_common.o
                0x0000066c                pinmap_pinout
 .text.pinmap_merge
                0x000006a0       0x28 .objs\pokittolib\mbed-pokitto\common\pinmap_common.o
                0x000006a0                pinmap_merge
 .text.pinmap_find_peripheral
                0x000006c8       0x16 .objs\pokittolib\mbed-pokitto\common\pinmap_common.o
                0x000006c8                pinmap_find_peripheral
 *fill*         0x000006de        0x2 ff
 .text.pinmap_peripheral
                0x000006e0       0x20 .objs\pokittolib\mbed-pokitto\common\pinmap_common.o
                0x000006e0                pinmap_peripheral
 .text.__cxa_pure_virtual
                0x00000700        0x8 .objs\pokittolib\mbed-pokitto\common\retarget.o
                0x00000700                __cxa_pure_virtual
 .text._exit    0x00000708        0xc .objs\pokittolib\mbed-pokitto\common\retarget.o
                0x00000708                _exit
 .text._ZN4mbed3SPID2Ev
                0x00000714        0x2 .objs\pokittolib\mbed-pokitto\common\spi.o
                0x00000714                mbed::SPI::~SPI()
                0x00000714                mbed::SPI::~SPI()
 .text._ZN4mbed3SPID0Ev
                0x00000716        0xc .objs\pokittolib\mbed-pokitto\common\spi.o
                0x00000716                mbed::SPI::~SPI()
 *fill*         0x00000722        0x2 ff
 .text._ZN4mbed3SPIC2E7PinNameS1_S1_S1_
                0x00000724       0x48 .objs\pokittolib\mbed-pokitto\common\spi.o
                0x00000724                mbed::SPI::SPI(PinName, PinName, PinName, PinName)
                0x00000724                mbed::SPI::SPI(PinName, PinName, PinName, PinName)
 .text._ZN4mbed3SPI6aquireEv
                0x0000076c       0x2c .objs\pokittolib\mbed-pokitto\common\spi.o
                0x0000076c                mbed::SPI::aquire()
 .text._ZN4mbed3SPI5writeEi
                0x00000798       0x14 .objs\pokittolib\mbed-pokitto\common\spi.o
                0x00000798                mbed::SPI::write(int)
 .text._ZN4mbed6Ticker7handlerEv
                0x000007ac       0x2c .objs\pokittolib\mbed-pokitto\common\ticker.o
                0x000007ac                mbed::Ticker::handler()
 .text._ZN4mbed6Ticker6detachEv
                0x000007d8       0x10 .objs\pokittolib\mbed-pokitto\common\ticker.o
                0x000007d8                mbed::Ticker::detach()
 .text._ZN4mbed6TickerD2Ev
                0x000007e8       0x1c .objs\pokittolib\mbed-pokitto\common\ticker.o
                0x000007e8                mbed::Ticker::~Ticker()
                0x000007e8                mbed::Ticker::~Ticker()
 .text._ZN4mbed6TickerD0Ev
                0x00000804       0x12 .objs\pokittolib\mbed-pokitto\common\ticker.o
                0x00000804                mbed::Ticker::~Ticker()
 .text._ZN4mbed6Ticker5setupEm
                0x00000816       0x1c .objs\pokittolib\mbed-pokitto\common\ticker.o
                0x00000816                mbed::Ticker::setup(unsigned long)
 .text.ticker_set_handler
                0x00000832       0x12 .objs\pokittolib\mbed-pokitto\common\ticker_api.o
                0x00000832                ticker_set_handler
 .text.ticker_irq_handler
                0x00000844       0x44 .objs\pokittolib\mbed-pokitto\common\ticker_api.o
                0x00000844                ticker_irq_handler
 .text.ticker_insert_event
                0x00000888       0x38 .objs\pokittolib\mbed-pokitto\common\ticker_api.o
                0x00000888                ticker_insert_event
 .text.ticker_remove_event
                0x000008c0       0x38 .objs\pokittolib\mbed-pokitto\common\ticker_api.o
                0x000008c0                ticker_remove_event
 .text.ticker_read
                0x000008f8        0xa .objs\pokittolib\mbed-pokitto\common\ticker_api.o
                0x000008f8                ticker_read
 .text._ZN4mbed10TimerEvent3irqEm
                0x00000902        0xa .objs\pokittolib\mbed-pokitto\common\timerevent.o
                0x00000902                mbed::TimerEvent::irq(unsigned long)
 .text._ZN4mbed10TimerEventC2Ev
                0x0000090c       0x2c .objs\pokittolib\mbed-pokitto\common\timerevent.o
                0x0000090c                mbed::TimerEvent::TimerEvent()
                0x0000090c                mbed::TimerEvent::TimerEvent()
 .text._ZN4mbed10TimerEvent6insertEm
                0x00000938       0x10 .objs\pokittolib\mbed-pokitto\common\timerevent.o
                0x00000938                mbed::TimerEvent::insert(unsigned long)
 .text._ZN4mbed10TimerEvent6removeEv
                0x00000948        0xc .objs\pokittolib\mbed-pokitto\common\timerevent.o
                0x00000948                mbed::TimerEvent::remove()
 .text._ZN4mbed10TimerEventD2Ev
                0x00000954       0x18 .objs\pokittolib\mbed-pokitto\common\timerevent.o
                0x00000954                mbed::TimerEvent::~TimerEvent()
                0x00000954                mbed::TimerEvent::~TimerEvent()
 .text.get_us_ticker_data
                0x0000096c        0x8 .objs\pokittolib\mbed-pokitto\common\us_ticker_api.o
                0x0000096c                get_us_ticker_data
 .text.us_ticker_irq_handler
                0x00000974       0x10 .objs\pokittolib\mbed-pokitto\common\us_ticker_api.o
                0x00000974                us_ticker_irq_handler
 .text.wait_us  0x00000984       0x16 .objs\pokittolib\mbed-pokitto\common\wait_api.o
                0x00000984                wait_us
 .text.wait_ms  0x0000099a        0xe .objs\pokittolib\mbed-pokitto\common\wait_api.o
                0x0000099a                wait_ms
 .text.NVIC_SetVector
                0x000009a8       0x30 .objs\pokittolib\mbed-pokitto\targets\cmsis\target_nxp\target_lpc11u6x\cmsis_nvic.o
                0x000009a8                NVIC_SetVector
 .text.SystemInit
                0x000009d8      0x12c .objs\pokittolib\mbed-pokitto\targets\cmsis\target_nxp\target_lpc11u6x\system_lpc11u6x.o
                0x000009d8                SystemInit
 .text.IntDefaultHandler
                0x00000b04        0x2 .objs\pokittolib\mbed-pokitto\targets\cmsis\target_nxp\target_lpc11u6x\toolchain_gcc_arm\target_lpc11u68\startup_lpc11u68.o
                0x00000b04                TIMER16_0_IRQHandler
                0x00000b04                I2C0_IRQHandler
                0x00000b04                I2C1_IRQHandler
                0x00000b04                TIMER32_0_IRQHandler
                0x00000b04                ADCB_IRQHandler
                0x00000b04                SCT0_1_IRQHandler
                0x00000b04                TIMER32_1_IRQHandler
                0x00000b04                PIN_INT6_IRQHandler
                0x00000b04                IntDefaultHandler
                0x00000b04                PIN_INT4_IRQHandler
                0x00000b04                SSP0_IRQHandler
                0x00000b04                RTC_IRQHandler
                0x00000b04                USBWakeup_IRQHandler
                0x00000b04                USART0_IRQHandler
                0x00000b04                PIN_INT5_IRQHandler
                0x00000b04                PIN_INT2_IRQHandler
                0x00000b04                TIMER16_1_IRQHandler
                0x00000b04                USB_FIQHandler
                0x00000b04                USART1_4_IRQHandler
                0x00000b04                SSP1_IRQHandler
                0x00000b04                PIN_INT7_IRQHandler
                0x00000b04                BOD_WDT_IRQHandler
                0x00000b04                PIN_INT1_IRQHandler
                0x00000b04                USB_IRQHandler
                0x00000b04                USART2_3_IRQHandler
                0x00000b04                PIN_INT0_IRQHandler
                0x00000b04                GINT0_IRQHandler
                0x00000b04                DMA_IRQHandler
                0x00000b04                PIN_INT3_IRQHandler
                0x00000b04                FMC_IRQHandler
                0x00000b04                GINT1_IRQHandler
                0x00000b04                ADCA_IRQHandler
 .text.NMI_Handler
                0x00000b06        0x2 .objs\pokittolib\mbed-pokitto\targets\cmsis\target_nxp\target_lpc11u6x\toolchain_gcc_arm\target_lpc11u68\startup_lpc11u68.o
                0x00000b06                NMI_Handler
 .text.HardFault_Handler
                0x00000b08        0x2 .objs\pokittolib\mbed-pokitto\targets\cmsis\target_nxp\target_lpc11u6x\toolchain_gcc_arm\target_lpc11u68\startup_lpc11u68.o
                0x00000b08                HardFault_Handler
 .text.SVC_Handler
                0x00000b0a        0x2 .objs\pokittolib\mbed-pokitto\targets\cmsis\target_nxp\target_lpc11u6x\toolchain_gcc_arm\target_lpc11u68\startup_lpc11u68.o
                0x00000b0a                SVC_Handler
 .text.PendSV_Handler
                0x00000b0c        0x2 .objs\pokittolib\mbed-pokitto\targets\cmsis\target_nxp\target_lpc11u6x\toolchain_gcc_arm\target_lpc11u68\startup_lpc11u68.o
                0x00000b0c                PendSV_Handler
 .text.data_init
                0x00000b0e       0x12 .objs\pokittolib\mbed-pokitto\targets\cmsis\target_nxp\target_lpc11u6x\toolchain_gcc_arm\target_lpc11u68\startup_lpc11u68.o
                0x00000b0e                data_init
 .text.bss_init
                0x00000b20       0x10 .objs\pokittolib\mbed-pokitto\targets\cmsis\target_nxp\target_lpc11u6x\toolchain_gcc_arm\target_lpc11u68\startup_lpc11u68.o
                0x00000b20                bss_init
 .text.__aeabi_atexit
                0x00000b30        0x4 .objs\pokittolib\mbed-pokitto\targets\cmsis\target_nxp\target_lpc11u6x\toolchain_gcc_arm\target_lpc11u68\startup_lpc11u68.o
                0x00000b30                __aeabi_atexit
 .text._ZdlPv   0x00000b34        0x8 .objs\pokittolib\mbed-pokitto\targets\cmsis\target_nxp\target_lpc11u6x\toolchain_gcc_arm\target_lpc11u68\startup_lpc11u68.o
                0x00000b34                operator delete(void*)
 .text.gpio_set
                0x00000b3c       0x94 .objs\pokittolib\mbed-pokitto\targets\hal\target_nxp\target_lpc11u6x\gpio_api.o
                0x00000b3c                gpio_set
 .text.gpio_init
                0x00000bd0       0x44 .objs\pokittolib\mbed-pokitto\targets\hal\target_nxp\target_lpc11u6x\gpio_api.o
                0x00000bd0                gpio_init
 .text.gpio_mode
                0x00000c14        0xa .objs\pokittolib\mbed-pokitto\targets\hal\target_nxp\target_lpc11u6x\gpio_api.o
                0x00000c14                gpio_mode
 *fill*         0x00000c1e        0x2 ff
 .text.gpio_dir
                0x00000c20       0x3c .objs\pokittolib\mbed-pokitto\targets\hal\target_nxp\target_lpc11u6x\gpio_api.o
                0x00000c20                gpio_dir
 .text.handle_interrupt_in
                0x00000c5c       0x64 .objs\pokittolib\mbed-pokitto\targets\hal\target_nxp\target_lpc11u6x\gpio_irq_api.o
 .text.gpio_irq0
                0x00000cc0        0xa .objs\pokittolib\mbed-pokitto\targets\hal\target_nxp\target_lpc11u6x\gpio_irq_api.o
                0x00000cc0                gpio_irq0
 .text.gpio_irq1
                0x00000cca        0xa .objs\pokittolib\mbed-pokitto\targets\hal\target_nxp\target_lpc11u6x\gpio_irq_api.o
                0x00000cca                gpio_irq1
 .text.gpio_irq2
                0x00000cd4        0xa .objs\pokittolib\mbed-pokitto\targets\hal\target_nxp\target_lpc11u6x\gpio_irq_api.o
                0x00000cd4                gpio_irq2
 .text.gpio_irq3
                0x00000cde        0xa .objs\pokittolib\mbed-pokitto\targets\hal\target_nxp\target_lpc11u6x\gpio_irq_api.o
                0x00000cde                gpio_irq3
 .text.gpio_irq4
                0x00000ce8        0xa .objs\pokittolib\mbed-pokitto\targets\hal\target_nxp\target_lpc11u6x\gpio_irq_api.o
                0x00000ce8                gpio_irq4
 .text.gpio_irq5
                0x00000cf2        0xa .objs\pokittolib\mbed-pokitto\targets\hal\target_nxp\target_lpc11u6x\gpio_irq_api.o
                0x00000cf2                gpio_irq5
 .text.gpio_irq6
                0x00000cfc        0xa .objs\pokittolib\mbed-pokitto\targets\hal\target_nxp\target_lpc11u6x\gpio_irq_api.o
                0x00000cfc                gpio_irq6
 .text.gpio_irq7
                0x00000d06        0xa .objs\pokittolib\mbed-pokitto\targets\hal\target_nxp\target_lpc11u6x\gpio_irq_api.o
                0x00000d06                gpio_irq7
 .text.gpio_irq_init
                0x00000d10       0xc4 .objs\pokittolib\mbed-pokitto\targets\hal\target_nxp\target_lpc11u6x\gpio_irq_api.o
                0x00000d10                gpio_irq_init
 .text.gpio_irq_free
                0x00000dd4       0x28 .objs\pokittolib\mbed-pokitto\targets\hal\target_nxp\target_lpc11u6x\gpio_irq_api.o
                0x00000dd4                gpio_irq_free
 .text.gpio_irq_set
                0x00000dfc       0x4c .objs\pokittolib\mbed-pokitto\targets\hal\target_nxp\target_lpc11u6x\gpio_irq_api.o
                0x00000dfc                gpio_irq_set
 .text.pin_function
                0x00000e48       0x38 .objs\pokittolib\mbed-pokitto\targets\hal\target_nxp\target_lpc11u6x\pinmap.o
                0x00000e48                pin_function
 .text.pin_mode
                0x00000e80       0x5c .objs\pokittolib\mbed-pokitto\targets\hal\target_nxp\target_lpc11u6x\pinmap.o
                0x00000e80                pin_mode
 .text.pwmout_write
                0x00000edc       0x46 .objs\pokittolib\mbed-pokitto\targets\hal\target_nxp\target_lpc11u6x\pwmout_api.o
                0x00000edc                pwmout_write
 .text.pwmout_period_us
                0x00000f22       0x42 .objs\pokittolib\mbed-pokitto\targets\hal\target_nxp\target_lpc11u6x\pwmout_api.o
                0x00000f22                pwmout_period_us
 .text.pwmout_init
                0x00000f64      0x18c .objs\pokittolib\mbed-pokitto\targets\hal\target_nxp\target_lpc11u6x\pwmout_api.o
                0x00000f64                pwmout_init
 .text.spi_init
                0x000010f0      0x100 .objs\pokittolib\mbed-pokitto\targets\hal\target_nxp\target_lpc11u6x\spi_api.o
                0x000010f0                spi_init
 .text.spi_format
                0x000011f0       0x6c .objs\pokittolib\mbed-pokitto\targets\hal\target_nxp\target_lpc11u6x\spi_api.o
                0x000011f0                spi_format
 .text.spi_frequency
                0x0000125c       0x88 .objs\pokittolib\mbed-pokitto\targets\hal\target_nxp\target_lpc11u6x\spi_api.o
                0x0000125c                spi_frequency
 .text.spi_master_write
                0x000012e4       0x18 .objs\pokittolib\mbed-pokitto\targets\hal\target_nxp\target_lpc11u6x\spi_api.o
                0x000012e4                spi_master_write
 .text.us_ticker_init
                0x000012fc       0x60 .objs\pokittolib\mbed-pokitto\targets\hal\target_nxp\target_lpc11u6x\us_ticker.o
                0x000012fc                us_ticker_init
 .text.us_ticker_read
                0x0000135c       0x1c .objs\pokittolib\mbed-pokitto\targets\hal\target_nxp\target_lpc11u6x\us_ticker.o
                0x0000135c                us_ticker_read
 .text.us_ticker_set_interrupt
                0x00001378       0x14 .objs\pokittolib\mbed-pokitto\targets\hal\target_nxp\target_lpc11u6x\us_ticker.o
                0x00001378                us_ticker_set_interrupt
 .text.us_ticker_disable_interrupt
                0x0000138c       0x10 .objs\pokittolib\mbed-pokitto\targets\hal\target_nxp\target_lpc11u6x\us_ticker.o
                0x0000138c                us_ticker_disable_interrupt
 .text.us_ticker_clear_interrupt
                0x0000139c        0xc .objs\pokittolib\mbed-pokitto\targets\hal\target_nxp\target_lpc11u6x\us_ticker.o
                0x0000139c                us_ticker_clear_interrupt
 .text._ZN7Pokitto9Backlight5beginEv
                0x000013a8        0x2 .objs\pokittolib\pokitto_core\pokittobacklight.o
                0x000013a8                Pokitto::Backlight::begin()
 .text._ZN7Pokitto9Backlight3setEh
                0x000013aa        0x2 .objs\pokittolib\pokitto_core\pokittobacklight.o
                0x000013aa                Pokitto::Backlight::set(unsigned char)
 .text._ZN7Pokitto7Battery5beginEv
                0x000013ac        0x2 .objs\pokittolib\pokitto_core\pokittobattery.o
                0x000013ac                Pokitto::Battery::begin()
 *fill*         0x000013ae        0x2 ff
 .text._ZN7Pokitto7Battery6updateEv
                0x000013b0        0xc .objs\pokittolib\pokitto_core\pokittobattery.o
                0x000013b0                Pokitto::Battery::update()
 .text._ZN7Pokitto7Buttons5beginEv
                0x000013bc        0x8 .objs\pokittolib\pokitto_core\pokittobuttons.o
                0x000013bc                Pokitto::Buttons::begin()
 .text._ZN7Pokitto7Buttons6updateEv
                0x000013c4       0x38 .objs\pokittolib\pokitto_core\pokittobuttons.o
                0x000013c4                Pokitto::Buttons::update()
 .text._ZN7Pokitto7Buttons7pressedEh
                0x000013fc       0x14 .objs\pokittolib\pokitto_core\pokittobuttons.o
                0x000013fc                Pokitto::Buttons::pressed(unsigned char)
 .text._ZN7Pokitto7Buttons11pollButtonsEv
                0x00001410       0x8c .objs\pokittolib\pokitto_core\pokittobuttons.o
                0x00001410                Pokitto::Buttons::pollButtons()
 .text._ZN7Pokitto7Buttons4aBtnEv
                0x0000149c        0xc .objs\pokittolib\pokitto_core\pokittobuttons.o
                0x0000149c                Pokitto::Buttons::aBtn()
 .text._ZN7Pokitto7ConsoleC2Ev
                0x000014a8       0x48 .objs\pokittolib\pokitto_core\pokittoconsole.o
                0x000014a8                Pokitto::Console::Console()
                0x000014a8                Pokitto::Console::Console()
 .text.startup._GLOBAL__sub_I_pConsole
                0x000014f0       0x10 .objs\pokittolib\pokitto_core\pokittoconsole.o
 .text._Z17start_applicationm
                0x00001500       0xb8 .objs\pokittolib\pokitto_core\pokittocore.o
                0x00001500                start_application(unsigned long)
 .text._ZN7Pokitto4CoreC2Ev
                0x000015b8        0x2 .objs\pokittolib\pokitto_core\pokittocore.o
                0x000015b8                Pokitto::Core::Core()
                0x000015b8                Pokitto::Core::Core()
 *fill*         0x000015ba        0x2 ff
 .text._ZN7Pokitto4Core12jumpToLoaderEv
                0x000015bc       0x7c .objs\pokittolib\pokitto_core\pokittocore.o
                0x000015bc                Pokitto::Core::jumpToLoader()
 .text._ZN7Pokitto4Core9askLoaderEv
                0x00001638      0x158 .objs\pokittolib\pokitto_core\pokittocore.o
                0x00001638                Pokitto::Core::askLoader()
 .text._ZN7Pokitto4Core10drawvolbarEiiib
                0x00001790      0x1dc .objs\pokittolib\pokitto_core\pokittocore.o
                0x00001790                Pokitto::Core::drawvolbar(int, int, int, bool)
 .text._ZN7Pokitto4Core11setVolLimitEv
                0x0000196c      0x29c .objs\pokittolib\pokitto_core\pokittocore.o
                0x0000196c                Pokitto::Core::setVolLimit()
 .text._ZN7Pokitto4Core4initEv
                0x00001c08       0x30 .objs\pokittolib\pokitto_core\pokittocore.o
                0x00001c08                Pokitto::Core::init()
 .text._ZN7Pokitto4Core9isRunningEv
                0x00001c38        0xc .objs\pokittolib\pokitto_core\pokittocore.o
                0x00001c38                Pokitto::Core::isRunning()
 .text._ZN7Pokitto4Core8showLogoEv
                0x00001c44       0xb8 .objs\pokittolib\pokitto_core\pokittocore.o
                0x00001c44                Pokitto::Core::showLogo()
 .text._ZN7Pokitto4Core12readSettingsEv
                0x00001cfc       0x20 .objs\pokittolib\pokitto_core\pokittocore.o
                0x00001cfc                Pokitto::Core::readSettings()
 .text._ZN7Pokitto4Core5beginEv
                0x00001d1c       0xc8 .objs\pokittolib\pokitto_core\pokittocore.o
                0x00001d1c                Pokitto::Core::begin()
 .text.startup._GLOBAL__sub_I_selectedfile
                0x00001de4       0x10 .objs\pokittolib\pokitto_core\pokittocore.o
 .text.startup._GLOBAL__sub_I_res
                0x00001df4       0x38 .objs\pokittolib\pokitto_core\pokittodisk.o
 .text._ZN7Pokitto7Display13setColorDepthEh
                0x00001e2c       0x14 .objs\pokittolib\pokitto_core\pokittodisplay.o
                0x00001e2c                Pokitto::Display::setColorDepth(unsigned char)
 .text._ZN7Pokitto7Display8clearLCDEv
                0x00001e40       0x1c .objs\pokittolib\pokitto_core\pokittodisplay.o
                0x00001e40                Pokitto::Display::clearLCD()
 .text._ZN7Pokitto7Display7fillLCDEt
                0x00001e5c        0x8 .objs\pokittolib\pokitto_core\pokittodisplay.o
                0x00001e5c                Pokitto::Display::fillLCD(unsigned short)
 .text._ZN7Pokitto7Display15directRectangleEsssst
                0x00001e64        0xe .objs\pokittolib\pokitto_core\pokittodisplay.o
                0x00001e64                Pokitto::Display::directRectangle(short, short, short, short, unsigned short)
 .text._ZN7Pokitto7Display5beginEv
                0x00001e72        0x8 .objs\pokittolib\pokitto_core\pokittodisplay.o
                0x00001e72                Pokitto::Display::begin()
 *fill*         0x00001e7a        0x2 ff
 .text._ZN7Pokitto7Display9setCursorEss
                0x00001e7c       0x14 .objs\pokittolib\pokitto_core\pokittodisplay.o
                0x00001e7c                Pokitto::Display::setCursor(short, short)
 .text._ZN7Pokitto7Display12directBitmapEssPKhhh
                0x00001e90      0x234 .objs\pokittolib\pokitto_core\pokittodisplay.o
                0x00001e90                Pokitto::Display::directBitmap(short, short, unsigned char const*, unsigned char, unsigned char)
 .text._ZN7Pokitto7Display10directCharEsst
                0x000020c4      0x154 .objs\pokittolib\pokitto_core\pokittodisplay.o
                0x000020c4                Pokitto::Display::directChar(short, short, unsigned short)
 .text._ZN7Pokitto7Display5clearEv
                0x00002218       0x60 .objs\pokittolib\pokitto_core\pokittodisplay.o
                0x00002218                Pokitto::Display::clear()
 .text._ZN7Pokitto7Display6updateEv
                0x00002278       0x28 .objs\pokittolib\pokitto_core\pokittodisplay.o
                0x00002278                Pokitto::Display::update()
 .text._ZN7Pokitto7Display17setDefaultPaletteEv
                0x000022a0       0x10 .objs\pokittolib\pokitto_core\pokittodisplay.o
                0x000022a0                Pokitto::Display::setDefaultPalette()
 .text._ZN7Pokitto7Display9drawPixelEssh
                0x000022b0       0x5c .objs\pokittolib\pokitto_core\pokittodisplay.o
                0x000022b0                Pokitto::Display::drawPixel(short, short, unsigned char)
 .text._ZN7Pokitto7Display10bufferCharEsst
                0x0000230c       0xb4 .objs\pokittolib\pokitto_core\pokittodisplay.o
                0x0000230c                Pokitto::Display::bufferChar(short, short, unsigned short)
 .text._ZN7Pokitto7Display9drawPixelEss
                0x000023c0       0x58 .objs\pokittolib\pokitto_core\pokittodisplay.o
                0x000023c0                Pokitto::Display::drawPixel(short, short)
 .text._ZN7Pokitto7Display10drawColumnEsss
                0x00002418       0x48 .objs\pokittolib\pokitto_core\pokittodisplay.o
                0x00002418                Pokitto::Display::drawColumn(short, short, short)
 .text._ZN7Pokitto7Display13fillRectangleEssss
                0x00002460       0x7c .objs\pokittolib\pokitto_core\pokittodisplay.o
                0x00002460                Pokitto::Display::fillRectangle(short, short, short, short)
 .text._ZN7Pokitto7Display6scrollEs
                0x000024dc      0x11c .objs\pokittolib\pokitto_core\pokittodisplay.o
                0x000024dc                Pokitto::Display::scroll(short)
 .text._ZN7Pokitto7Display7setFontEPKh
                0x000025f8       0x24 .objs\pokittolib\pokitto_core\pokittodisplay.o
                0x000025f8                Pokitto::Display::setFont(unsigned char const*)
 .text._ZN7Pokitto7DisplayC2Ev
                0x0000261c       0x60 .objs\pokittolib\pokitto_core\pokittodisplay.o
                0x0000261c                Pokitto::Display::Display()
                0x0000261c                Pokitto::Display::Display()
 .text._ZN7Pokitto7Display10drawBitmapEssPKh
                0x0000267c      0x2e8 .objs\pokittolib\pokitto_core\pokittodisplay.o
                0x0000267c                Pokitto::Display::drawBitmap(short, short, unsigned char const*)
 .text._ZN7Pokitto7Display10print_charEhhh
                0x00002964       0x2c .objs\pokittolib\pokitto_core\pokittodisplay.o
                0x00002964                Pokitto::Display::print_char(unsigned char, unsigned char, unsigned char)
 .text._ZN7Pokitto7Display23isDirectPrintingEnabledEv
                0x00002990       0x10 .objs\pokittolib\pokitto_core\pokittodisplay.o
                0x00002990                Pokitto::Display::isDirectPrintingEnabled()
 .text._ZN7Pokitto7Display20enableDirectPrintingEh
                0x000029a0       0x3c .objs\pokittolib\pokitto_core\pokittodisplay.o
                0x000029a0                Pokitto::Display::enableDirectPrinting(unsigned char)
 .text._ZN7Pokitto7Display11inc_txtlineEv
                0x000029dc       0x40 .objs\pokittolib\pokitto_core\pokittodisplay.o
                0x000029dc                Pokitto::Display::inc_txtline()
 .text._ZN7Pokitto7Display5writeEh
                0x00002a1c       0xc8 .objs\pokittolib\pokitto_core\pokittodisplay.o
                0x00002a1c                Pokitto::Display::write(unsigned char)
 .text._ZN7Pokitto7Display5writeEPKc
                0x00002ae4       0x14 .objs\pokittolib\pokitto_core\pokittodisplay.o
                0x00002ae4                Pokitto::Display::write(char const*)
 .text._ZN7Pokitto7Display5printEPKc
                0x00002af8        0x8 .objs\pokittolib\pokitto_core\pokittodisplay.o
                0x00002af8                Pokitto::Display::print(char const*)
 .text._ZN7Pokitto7Display7printlnEv
                0x00002b00       0x10 .objs\pokittolib\pokitto_core\pokittodisplay.o
                0x00002b00                Pokitto::Display::println()
 .text._ZN7Pokitto7Display7printlnEPKc
                0x00002b10        0xc .objs\pokittolib\pokitto_core\pokittodisplay.o
                0x00002b10                Pokitto::Display::println(char const*)
 .text._ZN7Pokitto7Display10set_cursorEhh
                0x00002b1c       0x14 .objs\pokittolib\pokitto_core\pokittodisplay.o
                0x00002b1c                Pokitto::Display::set_cursor(unsigned char, unsigned char)
 .text._ZN7Pokitto7Display11printNumberEmh
                0x00002b30       0x54 .objs\pokittolib\pokitto_core\pokittodisplay.o
                0x00002b30                Pokitto::Display::printNumber(unsigned long, unsigned char)
 .text._ZN7Pokitto7Display5printEli.part.4
                0x00002b84       0x18 .objs\pokittolib\pokitto_core\pokittodisplay.o
 .text._ZN7Pokitto7Display5printEli
                0x00002b9c       0x20 .objs\pokittolib\pokitto_core\pokittodisplay.o
                0x00002b9c                Pokitto::Display::print(long, int)
 .text._ZN7Pokitto7Display5printEii
                0x00002bbc        0x8 .objs\pokittolib\pokitto_core\pokittodisplay.o
                0x00002bbc                Pokitto::Display::print(int, int)
 .text._ZN7Pokitto7Display5printEhhii
                0x00002bc4       0x1c .objs\pokittolib\pokitto_core\pokittodisplay.o
                0x00002bc4                Pokitto::Display::print(unsigned char, unsigned char, int, int)
 .text.startup._GLOBAL__sub_I_core
                0x00002be0       0x10 .objs\pokittolib\pokitto_core\pokittodisplay.o
 .text._ZN7Pokitto7Display14load565PaletteEPKt
                0x00002bf0       0x1c .objs\pokittolib\pokitto_core\pokittopalette.o
                0x00002bf0                Pokitto::Display::load565Palette(unsigned short const*)
 .text._ZN7Pokitto7Display8RGBto565Ehhh
                0x00002c0c       0x10 .objs\pokittolib\pokitto_core\pokittopalette.o
                0x00002c0c                Pokitto::Display::RGBto565(unsigned char, unsigned char, unsigned char)
 .text._ZN7Pokitto7Display14loadRGBPaletteEPKh
                0x00002c1c       0x2c .objs\pokittolib\pokitto_core\pokittopalette.o
                0x00002c1c                Pokitto::Display::loadRGBPalette(unsigned char const*)
 .text._ZN7Pokitto7Display16interpolateColorEtth
                0x00002c48       0x5c .objs\pokittolib\pokitto_core\pokittopalette.o
                0x00002c48                Pokitto::Display::interpolateColor(unsigned short, unsigned short, unsigned char)
 .text._ZN7Pokitto5Sound5beginEv
                0x00002ca4        0x8 .objs\pokittolib\pokitto_core\pokittosound.o
                0x00002ca4                Pokitto::Sound::begin()
 .text._ZN7Pokitto5Sound9setVolumeEs
                0x00002cac       0x24 .objs\pokittolib\pokitto_core\pokittosound.o
                0x00002cac                Pokitto::Sound::setVolume(short)
 .text._ZN7Pokitto5Sound9setMaxVolEs
                0x00002cd0       0x28 .objs\pokittolib\pokitto_core\pokittosound.o
                0x00002cd0                Pokitto::Sound::setMaxVol(short)
 .text._ZN7Pokitto5Sound8volumeUpEv
                0x00002cf8       0x1c .objs\pokittolib\pokitto_core\pokittosound.o
                0x00002cf8                Pokitto::Sound::volumeUp()
 .text._ZN7Pokitto5Sound10volumeDownEv
                0x00002d14       0x1c .objs\pokittolib\pokitto_core\pokittosound.o
                0x00002d14                Pokitto::Sound::volumeDown()
 .text._ZN7Pokitto5Sound9getVolumeEv
                0x00002d30        0xc .objs\pokittolib\pokitto_core\pokittosound.o
                0x00002d30                Pokitto::Sound::getVolume()
 .text._ZN7Pokitto5Sound9ampEnableEh
                0x00002d3c        0x2 .objs\pokittolib\pokitto_core\pokittosound.o
                0x00002d3c                Pokitto::Sound::ampEnable(unsigned char)
 *fill*         0x00002d3e        0x2 ff
 .text._ZN7Pokitto5Sound15playMusicStreamEv
                0x00002d40       0x18 .objs\pokittolib\pokitto_core\pokittosound.o
                0x00002d40                Pokitto::Sound::playMusicStream()
 .text.startup._GLOBAL__sub_I_c
                0x00002d58       0x10 .objs\pokittolib\pokitto_core\pokittosound.o
 .text._Z8APressedv
                0x00002d68        0xc .objs\pokittolib\pokitto_hw\hwbuttons.o
                0x00002d68                APressed()
 .text._Z9AReleasedv
                0x00002d74        0xc .objs\pokittolib\pokitto_hw\hwbuttons.o
                0x00002d74                AReleased()
 .text._Z8BPressedv
                0x00002d80        0xc .objs\pokittolib\pokitto_hw\hwbuttons.o
                0x00002d80                BPressed()
 .text._Z9BReleasedv
                0x00002d8c        0xc .objs\pokittolib\pokitto_hw\hwbuttons.o
                0x00002d8c                BReleased()
 .text._Z8CPressedv
                0x00002d98        0xc .objs\pokittolib\pokitto_hw\hwbuttons.o
                0x00002d98                CPressed()
 .text._Z9CReleasedv
                0x00002da4        0xc .objs\pokittolib\pokitto_hw\hwbuttons.o
                0x00002da4                CReleased()
 .text._Z8UPressedv
                0x00002db0        0xc .objs\pokittolib\pokitto_hw\hwbuttons.o
                0x00002db0                UPressed()
 .text._Z9UReleasedv
                0x00002dbc        0xc .objs\pokittolib\pokitto_hw\hwbuttons.o
                0x00002dbc                UReleased()
 .text._Z8DPressedv
                0x00002dc8        0xc .objs\pokittolib\pokitto_hw\hwbuttons.o
                0x00002dc8                DPressed()
 .text._Z9DReleasedv
                0x00002dd4        0xc .objs\pokittolib\pokitto_hw\hwbuttons.o
                0x00002dd4                DReleased()
 .text._Z9RReleasedv
                0x00002de0        0xc .objs\pokittolib\pokitto_hw\hwbuttons.o
                0x00002de0                RReleased()
 .text._Z9LReleasedv
                0x00002dec        0xc .objs\pokittolib\pokitto_hw\hwbuttons.o
                0x00002dec                LReleased()
 .text._Z8RPressedv
                0x00002df8       0x1c .objs\pokittolib\pokitto_hw\hwbuttons.o
                0x00002df8                RPressed()
 .text._Z8LPressedv
                0x00002e14       0x1c .objs\pokittolib\pokitto_hw\hwbuttons.o
                0x00002e14                LPressed()
 .text._ZN7Pokitto11initButtonsEv
                0x00002e30       0xd8 .objs\pokittolib\pokitto_hw\hwbuttons.o
                0x00002e30                Pokitto::initButtons()
 .text._ZN7Pokitto4Core4aBtnEv
                0x00002f08        0xc .objs\pokittolib\pokitto_hw\hwbuttons.o
                0x00002f08                Pokitto::Core::aBtn()
 .text._ZN7Pokitto4Core4bBtnEv
                0x00002f14        0xc .objs\pokittolib\pokitto_hw\hwbuttons.o
                0x00002f14                Pokitto::Core::bBtn()
 .text._ZN7Pokitto4Core4cBtnEv
                0x00002f20        0xc .objs\pokittolib\pokitto_hw\hwbuttons.o
                0x00002f20                Pokitto::Core::cBtn()
 .text._ZN7Pokitto4Core7leftBtnEv
                0x00002f2c        0xc .objs\pokittolib\pokitto_hw\hwbuttons.o
                0x00002f2c                Pokitto::Core::leftBtn()
 .text._ZN7Pokitto4Core8rightBtnEv
                0x00002f38        0xc .objs\pokittolib\pokitto_hw\hwbuttons.o
                0x00002f38                Pokitto::Core::rightBtn()
 .text.startup._GLOBAL__sub_I__s
                0x00002f44       0xe0 .objs\pokittolib\pokitto_hw\hwbuttons.o
 .text._ZL13setup_data_16t
                0x00003024       0x30 .objs\pokittolib\pokitto_hw\hwlcd.o
 .text._Z16write_command_16t
                0x00003054       0x34 .objs\pokittolib\pokitto_hw\hwlcd.o
                0x00003054                write_command_16(unsigned short)
 .text._Z13write_data_16t
                0x00003088       0x34 .objs\pokittolib\pokitto_hw\hwlcd.o
                0x00003088                write_data_16(unsigned short)
 .text._ZN7Pokitto13initBacklightEv
                0x000030bc       0x2c .objs\pokittolib\pokitto_hw\hwlcd.o
                0x000030bc                Pokitto::initBacklight()
 .text._ZN7Pokitto14lcdFillSurfaceEt
                0x000030e8       0x64 .objs\pokittolib\pokitto_hw\hwlcd.o
                0x000030e8                Pokitto::lcdFillSurface(unsigned short)
 .text._ZN7Pokitto8lcdClearEv
                0x0000314c       0x60 .objs\pokittolib\pokitto_hw\hwlcd.o
                0x0000314c                Pokitto::lcdClear()
 .text._ZN7Pokitto7lcdInitEv
                0x000031ac      0x218 .objs\pokittolib\pokitto_hw\hwlcd.o
                0x000031ac                Pokitto::lcdInit()
 .text._ZN7Pokitto9setWindowEhhhh
                0x000033c4       0x58 .objs\pokittolib\pokitto_hw\hwlcd.o
                0x000033c4                Pokitto::setWindow(unsigned char, unsigned char, unsigned char, unsigned char)
 .text._ZN7Pokitto8lcdPixelEsst
                0x0000341c       0x36 .objs\pokittolib\pokitto_hw\hwlcd.o
                0x0000341c                Pokitto::lcdPixel(short, short, unsigned short)
 .text._ZN7Pokitto12lcdRectangleEsssst
                0x00003452       0x4c .objs\pokittolib\pokitto_hw\hwlcd.o
                0x00003452                Pokitto::lcdRectangle(short, short, short, short, unsigned short)
 *fill*         0x0000349e        0x2 ff
 .text._ZN7Pokitto15lcdRefreshMode2EPhPt
                0x000034a0      0x3f0 .objs\pokittolib\pokitto_hw\hwlcd.o
                0x000034a0                Pokitto::lcdRefreshMode2(unsigned char*, unsigned short*)
 .text._ZN4mbed10DigitalOutC2E7PinName
                0x00003890       0x1a .objs\pokittolib\pokitto_hw\hwsound.o
                0x00003890                mbed::DigitalOut::DigitalOut(PinName)
                0x00003890                mbed::DigitalOut::DigitalOut(PinName)
 *fill*         0x000038aa        0x2 ff
 .text._ZN7Pokitto11setHWvolumeEh
                0x000038ac       0x38 .objs\pokittolib\pokitto_hw\hwsound.o
                0x000038ac                Pokitto::setHWvolume(unsigned char)
 .text._Z19initHWvolumecontrolv
                0x000038e4       0x20 .objs\pokittolib\pokitto_hw\hwsound.o
                0x000038e4                initHWvolumecontrol()
 .text._ZN7Pokitto9dac_writeEh
                0x00003904       0xc0 .objs\pokittolib\pokitto_hw\hwsound.o
                0x00003904                Pokitto::dac_write(unsigned char)
 .text._Z11pokSoundIRQv
                0x000039c4       0xc8 .objs\pokittolib\pokitto_hw\hwsound.o
                0x000039c4                pokSoundIRQ()
 .text._ZN7Pokitto9soundInitEv
                0x00003a8c       0x48 .objs\pokittolib\pokitto_hw\hwsound.o
                0x00003a8c                Pokitto::soundInit()
 .text._Z13pokPlayStreamv
                0x00003ad4        0xc .objs\pokittolib\pokitto_hw\hwsound.o
                0x00003ad4                pokPlayStream()
 .text.startup._GLOBAL__sub_I_buffers
                0x00003ae0       0xc0 .objs\pokittolib\pokitto_hw\hwsound.o
 .text.SysTick_Handler
                0x00003ba0       0x10 .objs\pokittolib\pokitto_hw\pokittoclock.o
                0x00003ba0                SysTick_Handler
 .text._ZN7Pokitto4Core9initClockEv
                0x00003bb0       0x20 .objs\pokittolib\pokitto_hw\pokittoclock.o
                0x00003bb0                Pokitto::Core::initClock()
 .text._ZN7Pokitto4Core7getTimeEv
                0x00003bd0        0xc .objs\pokittolib\pokitto_hw\pokittoclock.o
                0x00003bd0                Pokitto::Core::getTime()
 .text._ZN7Pokitto4Core10initRandomEv
                0x00003bdc        0x2 .objs\pokittolib\pokitto_hw\pokittohw.o
                0x00003bdc                Pokitto::Core::initRandom()
 *fill*         0x00003bde        0x2 ff
 .text._ZN7Pokitto4Core8initGPIOEv
                0x00003be0      0x108 .objs\pokittolib\pokitto_hw\pokittohw.o
                0x00003be0                Pokitto::Core::initGPIO()
 .text.gpio_write
                0x00003ce8       0x30 .objs\pokittolib\pokitto_hw\softwarei2c.o
 .text.gpio_read
                0x00003d18       0x2c .objs\pokittolib\pokitto_hw\softwarei2c.o
 .text._ZN4mbed12DigitalInOut6outputEv
                0x00003d44        0xa .objs\pokittolib\pokitto_hw\softwarei2c.o
                0x00003d44                mbed::DigitalInOut::output()
 .text._ZN11SoftwareI2C5startEv
                0x00003d4e       0x46 .objs\pokittolib\pokitto_hw\softwarei2c.o
                0x00003d4e                SoftwareI2C::start()
 .text._ZN11SoftwareI2C4stopEv
                0x00003d94       0x36 .objs\pokittolib\pokitto_hw\softwarei2c.o
                0x00003d94                SoftwareI2C::stop()
 .text._ZN11SoftwareI2C7putByteEh
                0x00003dca       0x48 .objs\pokittolib\pokitto_hw\softwarei2c.o
                0x00003dca                SoftwareI2C::putByte(unsigned char)
 .text._ZN11SoftwareI2C6getAckEv
                0x00003e12       0x52 .objs\pokittolib\pokitto_hw\softwarei2c.o
                0x00003e12                SoftwareI2C::getAck()
 .text._ZN11SoftwareI2CC2E7PinNameS0_
                0x00003e64       0x94 .objs\pokittolib\pokitto_hw\softwarei2c.o
                0x00003e64                SoftwareI2C::SoftwareI2C(PinName, PinName)
                0x00003e64                SoftwareI2C::SoftwareI2C(PinName, PinName)
 .text._ZN11SoftwareI2CD2Ev
                0x00003ef8        0x2 .objs\pokittolib\pokitto_hw\softwarei2c.o
                0x00003ef8                SoftwareI2C::~SoftwareI2C()
                0x00003ef8                SoftwareI2C::~SoftwareI2C()
 .text._ZN11SoftwareI2C5writeEhh
                0x00003efa       0x34 .objs\pokittolib\pokitto_hw\softwarei2c.o
                0x00003efa                SoftwareI2C::write(unsigned char, unsigned char)
 *fill*         0x00003f2e        0x2 ff
 .text.startup._GLOBAL__sub_I_playing
                0x00003f30       0x2c .objs\pokittolib\pokitto_libs\synth\synth.o
 .text.startup._GLOBAL__sub_I__dc
                0x00003f5c       0x10 .objs\pokittolib\pokitto_xternals\arduino\delay.o
 .text.floor    0x00003f6c      0x130 c:/program files (x86)/embitz/1.11/share/em_armgcc/bin/../lib/gcc/arm-none-eabi/5.4.1/../../../../arm-none-eabi/lib/armv6-m\libm.a(lib_a-s_floor.o)
                0x00003f6c                floor
 .text.exit     0x0000409c       0x2c c:/program files (x86)/embitz/1.11/share/em_armgcc/bin/../lib/gcc/arm-none-eabi/5.4.1/../../../../arm-none-eabi/lib/armv6-m\libc_n.a(lib_a-exit.o)
                0x0000409c                exit
 .text.__libc_init_array
                0x000040c8       0x4c c:/program files (x86)/embitz/1.11/share/em_armgcc/bin/../lib/gcc/arm-none-eabi/5.4.1/../../../../arm-none-eabi/lib/armv6-m\libc_n.a(lib_a-init.o)
                0x000040c8                __libc_init_array
 .text.free     0x00004114       0x14 c:/program files (x86)/embitz/1.11/share/em_armgcc/bin/../lib/gcc/arm-none-eabi/5.4.1/../../../../arm-none-eabi/lib/armv6-m\libc_n.a(lib_a-malloc.o)
                0x00004114                free
 .text.memset   0x00004128       0x10 c:/program files (x86)/embitz/1.11/share/em_armgcc/bin/../lib/gcc/arm-none-eabi/5.4.1/../../../../arm-none-eabi/lib/armv6-m\libc_n.a(lib_a-memset.o)
                0x00004128                memset
 .text._free_r  0x00004138       0x98 c:/program files (x86)/embitz/1.11/share/em_armgcc/bin/../lib/gcc/arm-none-eabi/5.4.1/../../../../arm-none-eabi/lib/armv6-m\libc_n.a(lib_a-nano-freer.o)
                0x00004138                _free_r
 .text.__malloc_lock
                0x000041d0        0x2 c:/program files (x86)/embitz/1.11/share/em_armgcc/bin/../lib/gcc/arm-none-eabi/5.4.1/../../../../arm-none-eabi/lib/armv6-m\libc_n.a(lib_a-mlock.o)
                0x000041d0                __malloc_lock
 .text.__malloc_unlock
                0x000041d2        0x2 c:/program files (x86)/embitz/1.11/share/em_armgcc/bin/../lib/gcc/arm-none-eabi/5.4.1/../../../../arm-none-eabi/lib/armv6-m\libc_n.a(lib_a-mlock.o)
                0x000041d2                __malloc_unlock
 .text          0x000041d4       0x14 c:/program files (x86)/embitz/1.11/share/em_armgcc/bin/../lib/gcc/arm-none-eabi/5.4.1/armv6-m\libgcc.a(_thumb1_case_uqi.o)
                0x000041d4                __gnu_thumb1_case_uqi
 .text          0x000041e8      0x114 c:/program files (x86)/embitz/1.11/share/em_armgcc/bin/../lib/gcc/arm-none-eabi/5.4.1/armv6-m\libgcc.a(_udivsi3.o)
                0x000041e8                __aeabi_uidiv
                0x000041e8                __udivsi3
                0x000042f4                __aeabi_uidivmod
 .text          0x000042fc      0x1d4 c:/program files (x86)/embitz/1.11/share/em_armgcc/bin/../lib/gcc/arm-none-eabi/5.4.1/armv6-m\libgcc.a(_divsi3.o)
                0x000042fc                __divsi3
                0x000042fc                __aeabi_idiv
                0x000044c8                __aeabi_idivmod
 .text          0x000044d0        0x4 c:/program files (x86)/embitz/1.11/share/em_armgcc/bin/../lib/gcc/arm-none-eabi/5.4.1/armv6-m\libgcc.a(_dvmd_tls.o)
                0x000044d0                __aeabi_idiv0
                0x000044d0                __aeabi_ldiv0
 .text          0x000044d4       0x7c c:/program files (x86)/embitz/1.11/share/em_armgcc/bin/../lib/gcc/arm-none-eabi/5.4.1/armv6-m\libgcc.a(_arm_cmpdf2.o)
                0x000044d4                __aeabi_cdrcmple
                0x000044e4                __aeabi_cdcmple
                0x000044e4                __aeabi_cdcmpeq
                0x000044f4                __aeabi_dcmpeq
                0x00004500                __aeabi_dcmplt
                0x00004514                __aeabi_dcmple
                0x00004528                __aeabi_dcmpgt
                0x0000453c                __aeabi_dcmpge
 .text          0x00004550       0x74 c:/program files (x86)/embitz/1.11/share/em_armgcc/bin/../lib/gcc/arm-none-eabi/5.4.1/armv6-m\libgcc.a(_arm_cmpsf2.o)
                0x00004550                __aeabi_cfrcmple
                0x00004558                __aeabi_cfcmpeq
                0x00004558                __aeabi_cfcmple
                0x00004568                __aeabi_fcmpeq
                0x00004574                __aeabi_fcmplt
                0x00004588                __aeabi_fcmple
                0x0000459c                __aeabi_fcmpgt
                0x000045b0                __aeabi_fcmpge
 .text          0x000045c4       0x30 c:/program files (x86)/embitz/1.11/share/em_armgcc/bin/../lib/gcc/arm-none-eabi/5.4.1/armv6-m\libgcc.a(_fixunssfsi.o)
                0x000045c4                __fixunssfsi
                0x000045c4                __aeabi_f2uiz
 .text          0x000045f4      0x2ec c:/program files (x86)/embitz/1.11/share/em_armgcc/bin/../lib/gcc/arm-none-eabi/5.4.1/armv6-m\libgcc.a(addsf3.o)
                0x000045f4                __aeabi_fadd
 .text          0x000048e0      0x234 c:/program files (x86)/embitz/1.11/share/em_armgcc/bin/../lib/gcc/arm-none-eabi/5.4.1/armv6-m\libgcc.a(divsf3.o)
                0x000048e0                __aeabi_fdiv
 .text          0x00004b14       0x50 c:/program files (x86)/embitz/1.11/share/em_armgcc/bin/../lib/gcc/arm-none-eabi/5.4.1/armv6-m\libgcc.a(eqsf2.o)
                0x00004b14                __eqsf2
                0x00004b14                __nesf2
 .text          0x00004b64       0x88 c:/program files (x86)/embitz/1.11/share/em_armgcc/bin/../lib/gcc/arm-none-eabi/5.4.1/armv6-m\libgcc.a(gesf2.o)
                0x00004b64                __gesf2
                0x00004b64                __gtsf2
 .text          0x00004bec       0x88 c:/program files (x86)/embitz/1.11/share/em_armgcc/bin/../lib/gcc/arm-none-eabi/5.4.1/armv6-m\libgcc.a(lesf2.o)
                0x00004bec                __ltsf2
                0x00004bec                __lesf2
 .text          0x00004c74      0x228 c:/program files (x86)/embitz/1.11/share/em_armgcc/bin/../lib/gcc/arm-none-eabi/5.4.1/armv6-m\libgcc.a(mulsf3.o)
                0x00004c74                __aeabi_fmul
 .text          0x00004e9c      0x30c c:/program files (x86)/embitz/1.11/share/em_armgcc/bin/../lib/gcc/arm-none-eabi/5.4.1/armv6-m\libgcc.a(subsf3.o)
                0x00004e9c                __aeabi_fsub
 .text          0x000051a8       0x44 c:/program files (x86)/embitz/1.11/share/em_armgcc/bin/../lib/gcc/arm-none-eabi/5.4.1/armv6-m\libgcc.a(fixsfsi.o)
                0x000051a8                __aeabi_f2iz
 .text          0x000051ec       0x90 c:/program files (x86)/embitz/1.11/share/em_armgcc/bin/../lib/gcc/arm-none-eabi/5.4.1/armv6-m\libgcc.a(floatsisf.o)
                0x000051ec                __aeabi_i2f
 .text          0x0000527c       0x7c c:/program files (x86)/embitz/1.11/share/em_armgcc/bin/../lib/gcc/arm-none-eabi/5.4.1/armv6-m\libgcc.a(floatunsisf.o)
                0x0000527c                __aeabi_ui2f
 .text          0x000052f8      0x658 c:/program files (x86)/embitz/1.11/share/em_armgcc/bin/../lib/gcc/arm-none-eabi/5.4.1/armv6-m\libgcc.a(adddf3.o)
                0x000052f8                __aeabi_dadd
 .text          0x00005950       0x80 c:/program files (x86)/embitz/1.11/share/em_armgcc/bin/../lib/gcc/arm-none-eabi/5.4.1/armv6-m\libgcc.a(eqdf2.o)
                0x00005950                __nedf2
                0x00005950                __eqdf2
 .text          0x000059d0       0xc8 c:/program files (x86)/embitz/1.11/share/em_armgcc/bin/../lib/gcc/arm-none-eabi/5.4.1/armv6-m\libgcc.a(gedf2.o)
                0x000059d0                __gedf2
                0x000059d0                __gtdf2
 .text          0x00005a98       0xd4 c:/program files (x86)/embitz/1.11/share/em_armgcc/bin/../lib/gcc/arm-none-eabi/5.4.1/armv6-m\libgcc.a(ledf2.o)
                0x00005a98                __ledf2
                0x00005a98                __ltdf2
 .text          0x00005b6c       0x6c c:/program files (x86)/embitz/1.11/share/em_armgcc/bin/../lib/gcc/arm-none-eabi/5.4.1/armv6-m\libgcc.a(fixdfsi.o)
                0x00005b6c                __aeabi_d2iz
 .text          0x00005bd8       0xa8 c:/program files (x86)/embitz/1.11/share/em_armgcc/bin/../lib/gcc/arm-none-eabi/5.4.1/armv6-m\libgcc.a(extendsfdf2.o)
                0x00005bd8                __aeabi_f2d
 .text          0x00005c80       0x3c c:/program files (x86)/embitz/1.11/share/em_armgcc/bin/../lib/gcc/arm-none-eabi/5.4.1/armv6-m\libgcc.a(_clzsi2.o)
                0x00005c80                __clzsi2
 *(.rodata .rodata.*)
 .rodata._ZL10sprite_pal
                0x00005cbc       0x20 .objs\main.o
 .rodata.str1.1
                0x00005cdc       0x67 .objs\main.o
 .rodata._ZL7sprites
                0x00005d43      0x110 .objs\main.o
 .rodata.str1.1
                0x00005e53       0x31 .objs\pokittolib\mbed-pokitto\common\assert.o
 .rodata.str1.1
                0x00005e84       0x67 .objs\pokittolib\mbed-pokitto\common\board.o
 .rodata.str1.1
                0x00005e84       0x67 .objs\pokittolib\mbed-pokitto\common\gpio.o
 .rodata._ZTVN4mbed11InterruptInE
                0x00005e84       0x10 .objs\pokittolib\mbed-pokitto\common\interruptin.o
                0x00005e84                vtable for mbed::InterruptIn
 .rodata.str1.1
                0x00005e94       0x60 .objs\pokittolib\mbed-pokitto\common\pinmap_common.o
 .rodata._ZTVN4mbed3SPIE
                0x00005ef4       0x14 .objs\pokittolib\mbed-pokitto\common\spi.o
                0x00005ef4                vtable for mbed::SPI
 .rodata._ZTVN4mbed6TickerE
                0x00005f08       0x14 .objs\pokittolib\mbed-pokitto\common\ticker.o
                0x00005f08                vtable for mbed::Ticker
 .rodata._ZTVN4mbed10TimerEventE
                0x00005f1c       0x14 .objs\pokittolib\mbed-pokitto\common\timerevent.o
                0x00005f1c                vtable for mbed::TimerEvent
 .rodata.us_interface
                0x00005f30       0x14 .objs\pokittolib\mbed-pokitto\common\us_ticker_api.o
 .rodata.us_data
                0x00005f44        0x8 .objs\pokittolib\mbed-pokitto\common\us_ticker_api.o
 .rodata.str1.1
                0x00005f4c       0x4a .objs\pokittolib\mbed-pokitto\targets\hal\target_nxp\target_lpc11u6x\gpio_api.o
                                 0x75 (size before relaxing)
 *fill*         0x00005f96        0x2 ff
 .rodata.CSWTCH.17
                0x00005f98       0x20 .objs\pokittolib\mbed-pokitto\targets\hal\target_nxp\target_lpc11u6x\gpio_irq_api.o
 .rodata.str1.1
                0x00005fb8       0x48 .objs\pokittolib\mbed-pokitto\targets\hal\target_nxp\target_lpc11u6x\pinmap.o
                                 0x5b (size before relaxing)
 .rodata.PinMap_PWM
                0x00006000       0x6c .objs\pokittolib\mbed-pokitto\targets\hal\target_nxp\target_lpc11u6x\pwmout_api.o
 .rodata.str1.1
                0x0000606c       0x2b .objs\pokittolib\mbed-pokitto\targets\hal\target_nxp\target_lpc11u6x\pwmout_api.o
 *fill*         0x00006097        0x1 ff
 .rodata.SCTs   0x00006098        0x8 .objs\pokittolib\mbed-pokitto\targets\hal\target_nxp\target_lpc11u6x\pwmout_api.o
 .rodata.PinMap_SPI_MISO
                0x000060a0       0x3c .objs\pokittolib\mbed-pokitto\targets\hal\target_nxp\target_lpc11u6x\spi_api.o
 .rodata.PinMap_SPI_SCLK
                0x000060dc       0x48 .objs\pokittolib\mbed-pokitto\targets\hal\target_nxp\target_lpc11u6x\spi_api.o
 .rodata.str1.1
                0x00006124       0xc2 .objs\pokittolib\mbed-pokitto\targets\hal\target_nxp\target_lpc11u6x\spi_api.o
 *fill*         0x000061e6        0x2 ff
 .rodata.PinMap_SPI_MOSI
                0x000061e8       0x3c .objs\pokittolib\mbed-pokitto\targets\hal\target_nxp\target_lpc11u6x\spi_api.o
 .rodata.PinMap_SPI_SSEL
                0x00006224       0x3c .objs\pokittolib\mbed-pokitto\targets\hal\target_nxp\target_lpc11u6x\spi_api.o
 .rodata.font5x7
                0x00006260      0x304 .objs\pokittolib\pokitto_core\fonts\font5x7.o
                0x00006260                font5x7
 .rodata.fontC64
                0x00006564      0x364 .objs\pokittolib\pokitto_core\fonts\fontc64.o
                0x00006564                fontC64
 .rodata.fntC64UIGfx
                0x000068c8      0x364 .objs\pokittolib\pokitto_core\fonts\fontc64uigfx.o
                0x000068c8                fntC64UIGfx
 .rodata.fontMini
                0x00006c2c      0x13a .objs\pokittolib\pokitto_core\fonts\mini4x6.o
                0x00006c2c                fontMini
 .rodata.paletteCGA
                0x00006d66       0x30 .objs\pokittolib\pokitto_core\palettes\palcga.o
                0x00006d66                paletteCGA
 .rodata.str1.1
                0x00006d96      0x1e5 .objs\pokittolib\pokitto_core\pokittocore.o
                                0x1f6 (size before relaxing)
 .rodata.Pokitto_logo
                0x00006f7b      0x50a .objs\pokittolib\pokitto_core\pokittologos.o
                0x00006f7b                Pokitto_logo
 .rodata.Pokitto_headphones
                0x00007485       0x22 .objs\pokittolib\pokitto_core\pokittologos.o
                0x00007485                Pokitto_headphones
 .rodata.Pokitto_speaker
                0x000074a7       0x22 .objs\pokittolib\pokitto_core\pokittologos.o
                0x000074a7                Pokitto_speaker
 .rodata.Pokitto_volumebar
                0x000074c9        0x6 .objs\pokittolib\pokitto_core\pokittologos.o
                0x000074c9                Pokitto_volumebar
 .rodata.str1.1
                0x000074cf       0x67 .objs\pokittolib\pokitto_hw\softwarei2c.o
 *fill*         0x000074cf        0x1 ff
 .rodata.__sf_fake_stdin
                0x000074d0       0x20 c:/program files (x86)/embitz/1.11/share/em_armgcc/bin/../lib/gcc/arm-none-eabi/5.4.1/../../../../arm-none-eabi/lib/armv6-m\libc_n.a(lib_a-findfp.o)
                0x000074d0                __sf_fake_stdin
 .rodata.__sf_fake_stdout
                0x000074f0       0x20 c:/program files (x86)/embitz/1.11/share/em_armgcc/bin/../lib/gcc/arm-none-eabi/5.4.1/../../../../arm-none-eabi/lib/armv6-m\libc_n.a(lib_a-findfp.o)
                0x000074f0                __sf_fake_stdout
 .rodata.__sf_fake_stderr
                0x00007510       0x20 c:/program files (x86)/embitz/1.11/share/em_armgcc/bin/../lib/gcc/arm-none-eabi/5.4.1/../../../../arm-none-eabi/lib/armv6-m\libc_n.a(lib_a-findfp.o)
                0x00007510                __sf_fake_stderr
 .rodata.str1.1
                0x00007530      0x1e5 c:/program files (x86)/embitz/1.11/share/em_armgcc/bin/../lib/gcc/arm-none-eabi/5.4.1/../../../../arm-none-eabi/lib/armv6-m\libc_n.a(lib_a-impure.o)
                                  0x2 (size before relaxing)
 .rodata._global_impure_ptr
                0x00007530        0x4 c:/program files (x86)/embitz/1.11/share/em_armgcc/bin/../lib/gcc/arm-none-eabi/5.4.1/../../../../arm-none-eabi/lib/armv6-m\libc_n.a(lib_a-impure.o)
                0x00007530                _global_impure_ptr
 .rodata        0x00007534       0x80 c:/program files (x86)/embitz/1.11/share/em_armgcc/bin/../lib/gcc/arm-none-eabi/5.4.1/armv6-m\libgcc.a(divsf3.o)
 .rodata        0x000075b4       0x40 c:/program files (x86)/embitz/1.11/share/em_armgcc/bin/../lib/gcc/arm-none-eabi/5.4.1/armv6-m\libgcc.a(mulsf3.o)
                0x00007718                . = ALIGN (0x4)
                0x00007718                . = ALIGN (0x4)
 *(.init)
 .init          0x000075f4        0x4 c:/program files (x86)/embitz/1.11/share/em_armgcc/bin/../lib/gcc/arm-none-eabi/5.4.1/armv6-m/crti.o
                0x000075f4                _init
 .init          0x000075f8        0x8 c:/program files (x86)/embitz/1.11/share/em_armgcc/bin/../lib/gcc/arm-none-eabi/5.4.1/armv6-m/crtn.o
                0x00007718                . = ALIGN (0x4)
                0x00007718                __preinit_array_start = .
 *(.preinit_array)
                0x00007718                __preinit_array_end = .
                0x00007718                . = ALIGN (0x4)
                0x00007718                __init_array_start = .
 *(SORT(.init_array.*))
 *(.init_array)
 .init_array    0x00007600        0x4 c:/program files (x86)/embitz/1.11/share/em_armgcc/bin/../lib/gcc/arm-none-eabi/5.4.1/armv6-m/crtbegin.o
 .init_array    0x00007604        0x4 .objs\main.o
 .init_array    0x00007608        0x4 .objs\pokittolib\pokitto_core\pokittoconsole.o
 .init_array    0x0000760c        0x4 .objs\pokittolib\pokitto_core\pokittocore.o
 .init_array    0x00007610        0x4 .objs\pokittolib\pokitto_core\pokittodisk.o
 .init_array    0x00007614        0x4 .objs\pokittolib\pokitto_core\pokittodisplay.o
 .init_array    0x00007618        0x4 .objs\pokittolib\pokitto_core\pokittosound.o
 .init_array    0x0000761c        0x4 .objs\pokittolib\pokitto_hw\hwbuttons.o
 .init_array    0x00007620        0x4 .objs\pokittolib\pokitto_hw\hwsound.o
 .init_array    0x00007624        0x4 .objs\pokittolib\pokitto_libs\synth\synth.o
 .init_array    0x00007628        0x4 .objs\pokittolib\pokitto_xternals\arduino\delay.o
                0x00007718                __init_array_end = .
 *(.fini)
 .fini          0x0000762c        0x4 c:/program files (x86)/embitz/1.11/share/em_armgcc/bin/../lib/gcc/arm-none-eabi/5.4.1/armv6-m/crti.o
                0x0000762c                _fini
 .fini          0x00007630        0x8 c:/program files (x86)/embitz/1.11/share/em_armgcc/bin/../lib/gcc/arm-none-eabi/5.4.1/armv6-m/crtn.o
                0x00007718                . = ALIGN (0x4)
 *crtbegin.o(.ctors)
 *(EXCLUDE_FILE(*crtend.o) .ctors)
 *(SORT(.ctors.*))
 *crtend.o(.ctors)
                0x00007718                . = ALIGN (0x4)
 *crtbegin.o(.dtors)
 *(EXCLUDE_FILE(*crtend.o) .dtors)
 *(SORT(.dtors.*))
 *crtend.o(.dtors)

.glue_7         0x00007638        0x0
 .glue_7        0x00007638        0x0 linker stubs

.glue_7t        0x00007638        0x0
 .glue_7t       0x00007638        0x0 linker stubs

.vfp11_veneer   0x00007638        0x0
 .vfp11_veneer  0x00007638        0x0 linker stubs

.v4_bx          0x00007638        0x0
 .v4_bx         0x00007638        0x0 linker stubs

.iplt           0x00007638        0x0
 .iplt          0x00007638        0x0 c:/program files (x86)/embitz/1.11/share/em_armgcc/bin/../lib/gcc/arm-none-eabi/5.4.1/armv6-m/crtbegin.o

.eh_frame       0x00007638        0x0
 .eh_frame      0x00007638        0x0 c:/program files (x86)/embitz/1.11/share/em_armgcc/bin/../lib/gcc/arm-none-eabi/5.4.1/armv6-m/crtbegin.o

.rel.dyn        0x00007638        0x0
 .rel.iplt      0x00007638        0x0 c:/program files (x86)/embitz/1.11/share/em_armgcc/bin/../lib/gcc/arm-none-eabi/5.4.1/armv6-m/crtbegin.o

.ARM.extab
 *(.ARM.extab* .gnu.linkonce.armextab.*)
                0x00007638                __exidx_start = .

.ARM.exidx
 *(.ARM.exidx* .gnu.linkonce.armexidx.*)
                0x00007638                __exidx_end = .
                0x00007638                _etext = .

.mtb_buffer_RAM2
 *(.mtb.$RAM2*)
 *(.mtb.$RAM1_2*)

.data_RAM2      0x20000000        0x0 load address 0x00007638
 FILL mask 0xff
 *(.ramfunc.$RAM2)
 *(.ramfunc.$Ram1_2)
 *(.data.$RAM2*)
 *(.data.$Ram1_2*)
                0x20000000                . = ALIGN (0x4)

.mtb_buffer_RAM3
 *(.mtb.$RAM3*)
 *(.mtb.$RAM2USB_2*)

.data_RAM3      0x20004000        0x0 load address 0x00007638
 FILL mask 0xff
 *(.ramfunc.$RAM3)
 *(.ramfunc.$Ram2USB_2)
 *(.data.$RAM3*)
 *(.data.$Ram2USB_2*)
                0x20004000                . = ALIGN (0x4)

.mtb_buffer_default
 *(.mtb*)

.uninit_RESERVED
                0x10000100        0x0
 *(.bss.$RESERVED*)
                0x10000100                . = ALIGN (0x4)
                0x10000100                _end_uninit_RESERVED = .

.data           0x10000100       0x80 load address 0x00007638
 FILL mask 0xff
                0x10000100                _data = .
 *(vtable)
 *(.ramfunc*)
 *(.data*)
 .data          0x10000100        0x4 c:/program files (x86)/embitz/1.11/share/em_armgcc/bin/../lib/gcc/arm-none-eabi/5.4.1/armv6-m/crtbegin.o
                0x10000100                __dso_handle
 .data.SystemCoreClock
                0x10000104        0x4 .objs\pokittolib\mbed-pokitto\targets\cmsis\target_nxp\target_lpc11u6x\system_lpc11u6x.o
                0x10000104                SystemCoreClock
 .data._ZN7Pokitto7Display11directcolorE
                0x10000108        0x2 .objs\pokittolib\pokitto_core\pokittodisplay.o
                0x10000108                Pokitto::Display::directcolor
 .data._ZN7Pokitto7Display14adjustLineStepE
                0x1000010a        0x1 .objs\pokittolib\pokitto_core\pokittodisplay.o
                0x1000010a                Pokitto::Display::adjustLineStep
 .data._ZN7Pokitto7Display3bppE
                0x1000010b        0x1 .objs\pokittolib\pokitto_core\pokittodisplay.o
                0x1000010b                Pokitto::Display::bpp
 .data._ZN7Pokitto7Display8textWrapE
                0x1000010c        0x1 .objs\pokittolib\pokitto_core\pokittodisplay.o
                0x1000010c                Pokitto::Display::textWrap
 *fill*         0x1000010d        0x1 ff
 .data._ZN7Pokitto7Display5colorE
                0x1000010e        0x2 .objs\pokittolib\pokitto_core\pokittodisplay.o
                0x1000010e                Pokitto::Display::color
 .data._ZN7Pokitto7Display8fontSizeE
                0x10000110        0x1 .objs\pokittolib\pokitto_core\pokittodisplay.o
                0x10000110                Pokitto::Display::fontSize
 .data._ZN7Pokitto7Display14adjustCharStepE
                0x10000111        0x1 .objs\pokittolib\pokitto_core\pokittodisplay.o
                0x10000111                Pokitto::Display::adjustCharStep
 .data._ZN7Pokitto7Display5widthE
                0x10000112        0x1 .objs\pokittolib\pokitto_core\pokittodisplay.o
                0x10000112                Pokitto::Display::width
 *fill*         0x10000113        0x1 ff
 .data._ZN7Pokitto7Display14invisiblecolorE
                0x10000114        0x2 .objs\pokittolib\pokitto_core\pokittodisplay.o
                0x10000114                Pokitto::Display::invisiblecolor
 .data._ZN7Pokitto7Display6heightE
                0x10000116        0x1 .objs\pokittolib\pokitto_core\pokittodisplay.o
                0x10000116                Pokitto::Display::height
 *fill*         0x10000117        0x1 ff
 .data._ZN7Pokitto5Sound9volumeMaxE
                0x10000118        0x2 .objs\pokittolib\pokitto_core\pokittosound.o
                0x10000118                Pokitto::Sound::volumeMax
 .data.streamvol
                0x1000011a        0x1 .objs\pokittolib\pokitto_hw\hwsound.o
                0x1000011a                streamvol
 .data.tempo    0x1000011b        0x1 .objs\pokittolib\pokitto_libs\synth\synth.o
                0x1000011b                tempo
 .data.impure_data
                0x1000011c       0x60 c:/program files (x86)/embitz/1.11/share/em_armgcc/bin/../lib/gcc/arm-none-eabi/5.4.1/../../../../arm-none-eabi/lib/armv6-m\libc_n.a(lib_a-impure.o)
 .data._impure_ptr
                0x1000017c        0x4 c:/program files (x86)/embitz/1.11/share/em_armgcc/bin/../lib/gcc/arm-none-eabi/5.4.1/../../../../arm-none-eabi/lib/armv6-m\libc_n.a(lib_a-impure.o)
                0x1000017c                _impure_ptr
                0x10000180                . = ALIGN (0x4)
                0x10000180                _edata = .

.jcr            0x10000180        0x0 load address 0x000076b8
 .jcr           0x10000180        0x0 c:/program files (x86)/embitz/1.11/share/em_armgcc/bin/../lib/gcc/arm-none-eabi/5.4.1/armv6-m/crtbegin.o

.igot.plt       0x10000180        0x0 load address 0x000076b8
 .igot.plt      0x10000180        0x0 c:/program files (x86)/embitz/1.11/share/em_armgcc/bin/../lib/gcc/arm-none-eabi/5.4.1/armv6-m/crtbegin.o

.bss_RAM2       0x20000000        0x0
 *(.bss.$RAM2*)
 *(.bss.$Ram1_2*)
                0x20000000                . = ALIGN (0x4)

.bss_RAM3       0x20004000        0x0
 *(.bss.$RAM3*)
 *(.bss.$Ram2USB_2*)
                0x20004000                . = ALIGN (0x4)

.bss            0x10000180     0x3960
                0x10000180                _bss = .
 *(.bss*)
 .bss           0x10000180       0x1c c:/program files (x86)/embitz/1.11/share/em_armgcc/bin/../lib/gcc/arm-none-eabi/5.4.1/armv6-m/crtbegin.o
 .bss._Down     0x1000019c        0x3 .objs\main.o
                0x1000019c                _Down
 *fill*         0x1000019f        0x1 
 .bss._aPin     0x100001a0       0x18 .objs\main.o
                0x100001a0                _aPin
 .bss._cPin     0x100001b8       0x18 .objs\main.o
                0x100001b8                _cPin
 .bss.ExPad     0x100001d0        0x1 .objs\main.o
                0x100001d0                ExPad
 *fill*         0x100001d1        0x3 
 .bss.frameNumber
                0x100001d4        0x4 .objs\main.o
                0x100001d4                frameNumber
 .bss._upPin    0x100001d8       0x18 .objs\main.o
                0x100001d8                _upPin
 .bss._A        0x100001f0        0x3 .objs\main.o
                0x100001f0                _A
 .bss._B        0x100001f3        0x3 .objs\main.o
                0x100001f3                _B
 .bss._C        0x100001f6        0x3 .objs\main.o
                0x100001f6                _C
 *fill*         0x100001f9        0x3 
 .bss._leftPin  0x100001fc       0x18 .objs\main.o
                0x100001fc                _leftPin
 .bss.myPad     0x10000214        0x1 .objs\main.o
                0x10000214                myPad
 *fill*         0x10000215        0x3 
 .bss._downPin  0x10000218       0x18 .objs\main.o
                0x10000218                _downPin
 .bss._bPin     0x10000230       0x18 .objs\main.o
                0x10000230                _bPin
 .bss.tempTime  0x10000248        0x4 .objs\main.o
                0x10000248                tempTime
 .bss.game      0x1000024c        0x1 .objs\main.o
                0x1000024c                game
 *fill*         0x1000024d        0x3 
 .bss._rightPin
                0x10000250       0x18 .objs\main.o
                0x10000250                _rightPin
 .bss.gameMode  0x10000268        0x1 .objs\main.o
                0x10000268                gameMode
 .bss.CompletePad
                0x10000269        0x1 .objs\main.o
                0x10000269                CompletePad
 .bss._Left     0x1000026a        0x3 .objs\main.o
                0x1000026a                _Left
 .bss._Right    0x1000026d        0x3 .objs\main.o
                0x1000026d                _Right
 .bss.myDelay   0x10000270        0x4 .objs\main.o
                0x10000270                myDelay
 .bss._Up       0x10000274        0x3 .objs\main.o
                0x10000274                _Up
 *fill*         0x10000277        0x1 
 .bss._ZN4mbed3SPI6_ownerE
                0x10000278        0x4 .objs\pokittolib\mbed-pokitto\common\spi.o
                0x10000278                mbed::SPI::_owner
 .bss.events    0x1000027c        0x8 .objs\pokittolib\mbed-pokitto\common\us_ticker_api.o
 .bss.gpio_enabled
                0x10000284        0x4 .objs\pokittolib\mbed-pokitto\targets\hal\target_nxp\target_lpc11u6x\gpio_api.o
 .bss.irq_handler
                0x10000288        0x4 .objs\pokittolib\mbed-pokitto\targets\hal\target_nxp\target_lpc11u6x\gpio_irq_api.o
 .bss.channel_ids
                0x1000028c       0x20 .objs\pokittolib\mbed-pokitto\targets\hal\target_nxp\target_lpc11u6x\gpio_irq_api.o
 .bss.sct_used  0x100002ac        0x1 .objs\pokittolib\mbed-pokitto\targets\hal\target_nxp\target_lpc11u6x\pwmout_api.o
 *fill*         0x100002ad        0x3 
 .bss.us_ticker_inited
                0x100002b0        0x4 .objs\pokittolib\mbed-pokitto\targets\hal\target_nxp\target_lpc11u6x\us_ticker.o
                0x100002b0                us_ticker_inited
 .bss._ZN7Pokitto7Battery5levelE
                0x100002b4        0x1 .objs\pokittolib\pokitto_core\pokittobattery.o
                0x100002b4                Pokitto::Battery::level
 .bss._ZN7Pokitto7Buttons13buttons_stateE
                0x100002b5        0x1 .objs\pokittolib\pokitto_core\pokittobuttons.o
                0x100002b5                Pokitto::Buttons::buttons_state
 .bss._ZN7Pokitto7Buttons6statesE
                0x100002b6        0x7 .objs\pokittolib\pokitto_core\pokittobuttons.o
                0x100002b6                Pokitto::Buttons::states
 .bss._ZN7Pokitto7Buttons16buttons_releasedE
                0x100002bd        0x1 .objs\pokittolib\pokitto_core\pokittobuttons.o
                0x100002bd                Pokitto::Buttons::buttons_released
 .bss._ZN7Pokitto7Buttons12buttons_heldE
                0x100002be        0x1 .objs\pokittolib\pokitto_core\pokittobuttons.o
                0x100002be                Pokitto::Buttons::buttons_held
 .bss._ZN7Pokitto7Console8conslastE
                0x100002bf        0x1 .objs\pokittolib\pokitto_core\pokittoconsole.o
                0x100002bf                Pokitto::Console::conslast
 .bss.pConsole  0x100002c0        0x1 .objs\pokittolib\pokitto_core\pokittoconsole.o
                0x100002c0                pConsole
 *fill*         0x100002c1        0x1 
 .bss._ZN7Pokitto7Console5colorE
                0x100002c2        0x2 .objs\pokittolib\pokitto_core\pokittoconsole.o
                0x100002c2                Pokitto::Console::color
 .bss._ZN7Pokitto7Console4modeE
                0x100002c4        0x1 .objs\pokittolib\pokitto_core\pokittoconsole.o
                0x100002c4                Pokitto::Console::mode
 .bss._ZN7Pokitto7Console11conspointerE
                0x100002c5        0x1 .objs\pokittolib\pokitto_core\pokittoconsole.o
                0x100002c5                Pokitto::Console::conspointer
 .bss._ZN7Pokitto7Console11conscounterE
                0x100002c6        0x2 .objs\pokittolib\pokitto_core\pokittoconsole.o
                0x100002c6                Pokitto::Console::conscounter
 .bss._ZN7Pokitto7Console4fontE
                0x100002c8        0x4 .objs\pokittolib\pokitto_core\pokittoconsole.o
                0x100002c8                Pokitto::Console::font
 .bss._ZN7Pokitto7Console9consfirstE
                0x100002cc        0x1 .objs\pokittolib\pokitto_core\pokittoconsole.o
                0x100002cc                Pokitto::Console::consfirst
 .bss._ZN7Pokitto4Core14startMenuTimerE
                0x100002cd        0x1 .objs\pokittolib\pokitto_core\pokittocore.o
                0x100002cd                Pokitto::Core::startMenuTimer
 .bss._ZN7Pokitto4Core9run_stateE
                0x100002ce        0x1 .objs\pokittolib\pokitto_core\pokittocore.o
                0x100002ce                Pokitto::Core::run_state
 .bss._ZN7Pokitto4Core12timePerFrameE
                0x100002cf        0x1 .objs\pokittolib\pokitto_core\pokittocore.o
                0x100002cf                Pokitto::Core::timePerFrame
 .bss._ZN7Pokitto4Core14volbar_visibleE
                0x100002d0        0x1 .objs\pokittolib\pokitto_core\pokittocore.o
                0x100002d0                Pokitto::Core::volbar_visible
 .bss._ZN7Pokitto4Core7displayE
                0x100002d1        0x1 .objs\pokittolib\pokitto_core\pokittocore.o
                0x100002d1                Pokitto::Core::display
 *fill*         0x100002d2        0x2 
 .bss._ZN7Pokitto4Core14frameEndMicrosE
                0x100002d4        0x4 .objs\pokittolib\pokitto_core\pokittocore.o
                0x100002d4                Pokitto::Core::frameEndMicros
 .bss.device    0x100002d8       0x18 .objs\pokittolib\pokitto_core\pokittodisk.o
                0x100002d8                device
 .bss._ZN7Pokitto7Display8m_scrbufE
                0x100002f0        0x4 .objs\pokittolib\pokitto_core\pokittodisplay.o
                0x100002f0                Pokitto::Display::m_scrbuf
 .bss._ZN7Pokitto7Display12m_colordepthE
                0x100002f4        0x1 .objs\pokittolib\pokitto_core\pokittodisplay.o
                0x100002f4                Pokitto::Display::m_colordepth
 *fill*         0x100002f5        0x1 
 .bss._ZN7Pokitto7Display3m_wE
                0x100002f6        0x2 .objs\pokittolib\pokitto_core\pokittodisplay.o
                0x100002f6                Pokitto::Display::m_w
 .bss._ZN7Pokitto7Display7paletteE
                0x100002f8       0x20 .objs\pokittolib\pokitto_core\pokittodisplay.o
                0x100002f8                Pokitto::Display::palette
 .bss._ZN7Pokitto7Display11persistenceE
                0x10000318        0x1 .objs\pokittolib\pokitto_core\pokittodisplay.o
                0x10000318                Pokitto::Display::persistence
 *fill*         0x10000319        0x3 
 .bss._ZN7Pokitto7Display10paletteptrE
                0x1000031c        0x4 .objs\pokittolib\pokitto_core\pokittodisplay.o
                0x1000031c                Pokitto::Display::paletteptr
 .bss._ZN7Pokitto7Display10fontHeightE
                0x10000320        0x1 .objs\pokittolib\pokitto_core\pokittodisplay.o
                0x10000320                Pokitto::Display::fontHeight
 .bss._ZN7Pokitto7Display9fontWidthE
                0x10000321        0x1 .objs\pokittolib\pokitto_core\pokittodisplay.o
                0x10000321                Pokitto::Display::fontWidth
 .bss._ZN7Pokitto7Display7bgcolorE
                0x10000322        0x2 .objs\pokittolib\pokitto_core\pokittodisplay.o
                0x10000322                Pokitto::Display::bgcolor
 .bss._ZN7Pokitto7Display4fontE
                0x10000324        0x4 .objs\pokittolib\pokitto_core\pokittodisplay.o
                0x10000324                Pokitto::Display::font
 .bss._ZN7Pokitto7Display7cursorXE
                0x10000328        0x2 .objs\pokittolib\pokitto_core\pokittodisplay.o
                0x10000328                Pokitto::Display::cursorX
 .bss._ZN7Pokitto7Display3m_hE
                0x1000032a        0x2 .objs\pokittolib\pokitto_core\pokittodisplay.o
                0x1000032a                Pokitto::Display::m_h
 .bss.core      0x1000032c        0x1 .objs\pokittolib\pokitto_core\pokittodisplay.o
                0x1000032c                core
 .bss._ZN7Pokitto7Display6m_modeE
                0x1000032d        0x1 .objs\pokittolib\pokitto_core\pokittodisplay.o
                0x1000032d                Pokitto::Display::m_mode
 .bss._ZN7Pokitto7Display7cursorYE
                0x1000032e        0x2 .objs\pokittolib\pokitto_core\pokittodisplay.o
                0x1000032e                Pokitto::Display::cursorY
 .bss._ZN7Pokitto7Display13directbgcolorE
                0x10000330        0x2 .objs\pokittolib\pokitto_core\pokittodisplay.o
                0x10000330                Pokitto::Display::directbgcolor
 .bss._ZN7Pokitto7Display12screenbufferE
                0x10000332     0x131f .objs\pokittolib\pokitto_core\pokittodisplay.o
                0x10000332                Pokitto::Display::screenbuffer
 .bss.c         0x10001651        0x1 .objs\pokittolib\pokitto_core\pokittosound.o
                0x10001651                c
 .bss._ZN7Pokitto5Sound12globalVolumeE
                0x10001652        0x2 .objs\pokittolib\pokitto_core\pokittosound.o
                0x10001652                Pokitto::Sound::globalVolume
 .bss.CBtn      0x10001654       0x50 .objs\pokittolib\pokitto_hw\hwbuttons.o
                0x10001654                CBtn
 .bss.DBtn      0x100016a4       0x50 .objs\pokittolib\pokitto_hw\hwbuttons.o
                0x100016a4                DBtn
 .bss._bd       0x100016f4        0x1 .objs\pokittolib\pokitto_hw\hwbuttons.o
                0x100016f4                _bd
 *fill*         0x100016f5        0x3 
 .bss.LBtn      0x100016f8       0x50 .objs\pokittolib\pokitto_hw\hwbuttons.o
                0x100016f8                LBtn
 .bss.RBtn      0x10001748       0x50 .objs\pokittolib\pokitto_hw\hwbuttons.o
                0x10001748                RBtn
 .bss.UBtn      0x10001798       0x50 .objs\pokittolib\pokitto_hw\hwbuttons.o
                0x10001798                UBtn
 .bss._ZN7Pokitto10heldStatesE
                0x100017e8        0x7 .objs\pokittolib\pokitto_hw\hwbuttons.o
                0x100017e8                Pokitto::heldStates
 *fill*         0x100017ef        0x1 
 .bss.ABtn      0x100017f0       0x50 .objs\pokittolib\pokitto_hw\hwbuttons.o
                0x100017f0                ABtn
 .bss.BBtn      0x10001840       0x50 .objs\pokittolib\pokitto_hw\hwbuttons.o
                0x10001840                BBtn
 .bss.prevdata  0x10001890        0x2 .objs\pokittolib\pokitto_hw\hwlcd.o
                0x10001890                prevdata
 *fill*         0x10001892        0x2 
 .bss.backlightpwm
                0x10001894        0x8 .objs\pokittolib\pokitto_hw\hwlcd.o
                0x10001894                backlightpwm
 .bss.dac3      0x1000189c       0x18 .objs\pokittolib\pokitto_hw\hwsound.o
                0x1000189c                dac3
 .bss.currentPtr
                0x100018b4        0x4 .objs\pokittolib\pokitto_hw\hwsound.o
                0x100018b4                currentPtr
 .bss.soundbuf  0x100018b8      0x100 .objs\pokittolib\pokitto_hw\hwsound.o
                0x100018b8                soundbuf
 .bss.dac0      0x100019b8       0x18 .objs\pokittolib\pokitto_hw\hwsound.o
                0x100019b8                dac0
 .bss.endPtr    0x100019d0        0x4 .objs\pokittolib\pokitto_hw\hwsound.o
                0x100019d0                endPtr
 .bss.dac2      0x100019d4       0x18 .objs\pokittolib\pokitto_hw\hwsound.o
                0x100019d4                dac2
 .bss.currentBuffer
                0x100019ec        0x4 .objs\pokittolib\pokitto_hw\hwsound.o
                0x100019ec                currentBuffer
 .bss.dac4      0x100019f0       0x18 .objs\pokittolib\pokitto_hw\hwsound.o
                0x100019f0                dac4
 .bss.dac5      0x10001a08       0x18 .objs\pokittolib\pokitto_hw\hwsound.o
                0x10001a08                dac5
 .bss.dac6      0x10001a20       0x18 .objs\pokittolib\pokitto_hw\hwsound.o
                0x10001a20                dac6
 .bss.dac7      0x10001a38       0x18 .objs\pokittolib\pokitto_hw\hwsound.o
                0x10001a38                dac7
 .bss._ZN7Pokitto8audiopwmE
                0x10001a50        0x8 .objs\pokittolib\pokitto_hw\hwsound.o
                0x10001a50                Pokitto::audiopwm
 .bss._ZN7Pokitto8streamonE
                0x10001a58        0x1 .objs\pokittolib\pokitto_hw\hwsound.o
                0x10001a58                Pokitto::streamon
 *fill*         0x10001a59        0x3 
 .bss.amp       0x10001a5c       0x18 .objs\pokittolib\pokitto_hw\hwsound.o
                0x10001a5c                amp
 .bss._ZN7Pokitto5audioE
                0x10001a74       0x30 .objs\pokittolib\pokitto_hw\hwsound.o
                0x10001a74                Pokitto::audio
 .bss._ZN7Pokitto10streambyteE
                0x10001aa4        0x1 .objs\pokittolib\pokitto_hw\hwsound.o
                0x10001aa4                Pokitto::streambyte
 .bss.buffers   0x10001aa5     0x2000 .objs\pokittolib\pokitto_hw\hwsound.o
                0x10001aa5                buffers
 .bss._ZN7Pokitto8HWvolumeE
                0x10003aa5        0x1 .objs\pokittolib\pokitto_hw\hwsound.o
                0x10003aa5                Pokitto::HWvolume
 .bss.streamstep
                0x10003aa6        0x1 .objs\pokittolib\pokitto_hw\hwsound.o
                0x10003aa6                streamstep
 *fill*         0x10003aa7        0x1 
 .bss.soundbyte
                0x10003aa8        0x2 .objs\pokittolib\pokitto_hw\hwsound.o
                0x10003aa8                soundbyte
 .bss.volpotError
                0x10003aaa        0x1 .objs\pokittolib\pokitto_hw\hwsound.o
                0x10003aaa                volpotError
 *fill*         0x10003aab        0x1 
 .bss.dac1      0x10003aac       0x18 .objs\pokittolib\pokitto_hw\hwsound.o
                0x10003aac                dac1
 .bss.soundbufindex
                0x10003ac4        0x1 .objs\pokittolib\pokitto_hw\hwsound.o
                0x10003ac4                soundbufindex
 *fill*         0x10003ac5        0x3 
 .bss.pt_count  0x10003ac8        0x4 .objs\pokittolib\pokitto_hw\pokittoclock.o
                0x10003ac8                pt_count
 .bss._ZN7Pokitto4Core11refreshtimeE
                0x10003acc        0x4 .objs\pokittolib\pokitto_hw\pokittoclock.o
                0x10003acc                Pokitto::Core::refreshtime
 .bss.samplespertick
                0x10003ad0        0x2 .objs\pokittolib\pokitto_libs\synth\synth.o
                0x10003ad0                samplespertick
 *fill*         0x10003ad2        0x2 
 .bss.per       0x10003ad4        0x4 .objs\pokittolib\pokitto_libs\synth\synth.o
                0x10003ad4                per
 .bss._dc       0x10003ad8        0x1 .objs\pokittolib\pokitto_xternals\arduino\delay.o
                0x10003ad8                _dc
 *fill*         0x10003ad9        0x3 
 .bss.__malloc_free_list
                0x10003adc        0x4 c:/program files (x86)/embitz/1.11/share/em_armgcc/bin/../lib/gcc/arm-none-eabi/5.4.1/../../../../arm-none-eabi/lib/armv6-m\libc_n.a(lib_a-nano-mallocr.o)
                0x10003adc                __malloc_free_list
 *(COMMON)
                0x10003ae0                . = ALIGN (0x4)
                0x10003ae0                _ebss = .
                [!provide]                PROVIDE (end, .)
                0x10003ae0                __end__ = .

.noinit_RAM2    0x20000000        0x0
 *(.noinit.$RAM2*)
 *(.noinit.$Ram1_2*)
                0x20000000                . = ALIGN (0x4)

.noinit_RAM3    0x20004000        0x0
 *(.noinit.$RAM3*)
 *(.noinit.$Ram2USB_2*)
                0x20004000                . = ALIGN (0x4)

.noinit         0x10003ae0        0x0
                0x10003ae0                _noinit = .
 *(.noinit*)
                0x10003ae0                . = ALIGN (0x4)
                0x10003ae0                _end_noinit = .
                [!provide]                PROVIDE (_pvHeapStart, .)
                0x10008000                PROVIDE (_vStackTop, (__top_Ram0_32 - 0x0))
LOAD .objs\main.o
LOAD .objs\pokittolib\libpff\mmc.o
LOAD .objs\pokittolib\libpff\pff.o
LOAD .objs\pokittolib\mbed-pokitto\common\assert.o
LOAD .objs\pokittolib\mbed-pokitto\common\board.o
LOAD .objs\pokittolib\mbed-pokitto\common\busin.o
LOAD .objs\pokittolib\mbed-pokitto\common\businout.o
LOAD .objs\pokittolib\mbed-pokitto\common\busout.o
LOAD .objs\pokittolib\mbed-pokitto\common\callchain.o
LOAD .objs\pokittolib\mbed-pokitto\common\can.o
LOAD .objs\pokittolib\mbed-pokitto\common\error.o
LOAD .objs\pokittolib\mbed-pokitto\common\ethernet.o
LOAD .objs\pokittolib\mbed-pokitto\common\filebase.o
LOAD .objs\pokittolib\mbed-pokitto\common\filelike.o
LOAD .objs\pokittolib\mbed-pokitto\common\filepath.o
LOAD .objs\pokittolib\mbed-pokitto\common\filesystemlike.o
LOAD .objs\pokittolib\mbed-pokitto\common\gpio.o
LOAD .objs\pokittolib\mbed-pokitto\common\i2c.o
LOAD .objs\pokittolib\mbed-pokitto\common\i2cslave.o
LOAD .objs\pokittolib\mbed-pokitto\common\interruptin.o
LOAD .objs\pokittolib\mbed-pokitto\common\interruptmanager.o
LOAD .objs\pokittolib\mbed-pokitto\common\localfilesystem.o
LOAD .objs\pokittolib\mbed-pokitto\common\lp_ticker_api.o
LOAD .objs\pokittolib\mbed-pokitto\common\mbed_interface.o
LOAD .objs\pokittolib\mbed-pokitto\common\pinmap_common.o
LOAD .objs\pokittolib\mbed-pokitto\common\rawserial.o
LOAD .objs\pokittolib\mbed-pokitto\common\retarget.o
LOAD .objs\pokittolib\mbed-pokitto\common\rtc_time.o
LOAD .objs\pokittolib\mbed-pokitto\common\semihost_api.o
LOAD .objs\pokittolib\mbed-pokitto\common\serial.o
LOAD .objs\pokittolib\mbed-pokitto\common\serialbase.o
LOAD .objs\pokittolib\mbed-pokitto\common\spi.o
LOAD .objs\pokittolib\mbed-pokitto\common\spislave.o
LOAD .objs\pokittolib\mbed-pokitto\common\stream.o
LOAD .objs\pokittolib\mbed-pokitto\common\ticker.o
LOAD .objs\pokittolib\mbed-pokitto\common\ticker_api.o
LOAD .objs\pokittolib\mbed-pokitto\common\timeout.o
LOAD .objs\pokittolib\mbed-pokitto\common\timer.o
LOAD .objs\pokittolib\mbed-pokitto\common\timerevent.o
LOAD .objs\pokittolib\mbed-pokitto\common\us_ticker_api.o
LOAD .objs\pokittolib\mbed-pokitto\common\wait_api.o
LOAD .objs\pokittolib\mbed-pokitto\targets\cmsis\target_nxp\target_lpc11u6x\cmsis_nvic.o
LOAD .objs\pokittolib\mbed-pokitto\targets\cmsis\target_nxp\target_lpc11u6x\system_lpc11u6x.o
LOAD .objs\pokittolib\mbed-pokitto\targets\cmsis\target_nxp\target_lpc11u6x\toolchain_gcc_arm\target_lpc11u68\startup_lpc11u68.o
LOAD .objs\pokittolib\mbed-pokitto\targets\hal\target_nxp\target_lpc11u6x\analogin_api.o
LOAD .objs\pokittolib\mbed-pokitto\targets\hal\target_nxp\target_lpc11u6x\gpio_api.o
LOAD .objs\pokittolib\mbed-pokitto\targets\hal\target_nxp\target_lpc11u6x\gpio_irq_api.o
LOAD .objs\pokittolib\mbed-pokitto\targets\hal\target_nxp\target_lpc11u6x\i2c_api.o
LOAD .objs\pokittolib\mbed-pokitto\targets\hal\target_nxp\target_lpc11u6x\pinmap.o
LOAD .objs\pokittolib\mbed-pokitto\targets\hal\target_nxp\target_lpc11u6x\pwmout_api.o
LOAD .objs\pokittolib\mbed-pokitto\targets\hal\target_nxp\target_lpc11u6x\rtc_api.o
LOAD .objs\pokittolib\mbed-pokitto\targets\hal\target_nxp\target_lpc11u6x\serial_api.o
LOAD .objs\pokittolib\mbed-pokitto\targets\hal\target_nxp\target_lpc11u6x\sleep.o
LOAD .objs\pokittolib\mbed-pokitto\targets\hal\target_nxp\target_lpc11u6x\spi_api.o
LOAD .objs\pokittolib\mbed-pokitto\targets\hal\target_nxp\target_lpc11u6x\us_ticker.o
LOAD .objs\pokittolib\pokitto_core\fonts\adventurer12x16.o
LOAD .objs\pokittolib\pokitto_core\fonts\donut7x10.o
LOAD .objs\pokittolib\pokitto_core\fonts\dragon6x8.o
LOAD .objs\pokittolib\pokitto_core\fonts\font3x3.o
LOAD .objs\pokittolib\pokitto_core\fonts\font3x5.o
LOAD .objs\pokittolib\pokitto_core\fonts\font5x7.o
LOAD .objs\pokittolib\pokitto_core\fonts\fontc64.o
LOAD .objs\pokittolib\pokitto_core\fonts\fontc64uigfx.o
LOAD .objs\pokittolib\pokitto_core\fonts\karateka8x11.o
LOAD .objs\pokittolib\pokitto_core\fonts\koubit7x7.o
LOAD .objs\pokittolib\pokitto_core\fonts\mini4x6.o
LOAD .objs\pokittolib\pokitto_core\fonts\runes6x8.o
LOAD .objs\pokittolib\pokitto_core\fonts\tic806x6.o
LOAD .objs\pokittolib\pokitto_core\fonts\tight4x7.o
LOAD .objs\pokittolib\pokitto_core\fonts\tiny5x7.o
LOAD .objs\pokittolib\pokitto_core\fonts\zxspec.o
LOAD .objs\pokittolib\pokitto_core\palettes\palaction.o
LOAD .objs\pokittolib\pokitto_core\palettes\palcga.o
LOAD .objs\pokittolib\pokitto_core\palettes\paldb16.o
LOAD .objs\pokittolib\pokitto_core\palettes\paldefault.o
LOAD .objs\pokittolib\pokitto_core\palettes\palgameboy.o
LOAD .objs\pokittolib\pokitto_core\palettes\palmagma.o
LOAD .objs\pokittolib\pokitto_core\palettes\palmono.o
LOAD .objs\pokittolib\pokitto_core\palettes\palpico.o
LOAD .objs\pokittolib\pokitto_core\palettes\palrainbow.o
LOAD .objs\pokittolib\pokitto_core\palettes\palzxspec.o
LOAD .objs\pokittolib\pokitto_core\pokittobacklight.o
LOAD .objs\pokittolib\pokitto_core\pokittobattery.o
LOAD .objs\pokittolib\pokitto_core\pokittobuttons.o
LOAD .objs\pokittolib\pokitto_core\pokittoconsole.o
LOAD .objs\pokittolib\pokitto_core\pokittocore.o
LOAD .objs\pokittolib\pokitto_core\pokittodisk.o