Archive member included to satisfy reference by file (symbol)

c:/program files (x86)/embitz/1.11/share/em_armgcc/bin/../lib/gcc/arm-none-eabi/5.4.1/../../../../arm-none-eabi/lib/armv6-m\libm.a(lib_a-s_floor.o)
                              .objs\pokittolib\mbed-pokitto\targets\hal\target_nxp\target_lpc11u6x\spi_api.o (floor)
c:/program files (x86)/embitz/1.11/share/em_armgcc/bin/../lib/gcc/arm-none-eabi/5.4.1/../../../../arm-none-eabi/lib/armv6-m\libc_n.a(lib_a-abs.o)
                              .objs\pokittolib\mbed-pokitto\targets\hal\target_nxp\target_lpc11u6x\serial_api.o (abs)
c:/program files (x86)/embitz/1.11/share/em_armgcc/bin/../lib/gcc/arm-none-eabi/5.4.1/../../../../arm-none-eabi/lib/armv6-m\libc_n.a(lib_a-errno.o)
                              .objs\pokittolib\mbed-pokitto\common\retarget.o (__errno)
c:/program files (x86)/embitz/1.11/share/em_armgcc/bin/../lib/gcc/arm-none-eabi/5.4.1/../../../../arm-none-eabi/lib/armv6-m\libc_n.a(lib_a-exit.o)
                              c:/program files (x86)/embitz/1.11/share/em_armgcc/bin/../lib/gcc/arm-none-eabi/5.4.1/../../../../arm-none-eabi/lib/armv6-m/crt0.o (exit)
c:/program files (x86)/embitz/1.11/share/em_armgcc/bin/../lib/gcc/arm-none-eabi/5.4.1/../../../../arm-none-eabi/lib/armv6-m\libc_n.a(lib_a-fclose.o)
                              .objs\pokittolib\mbed-pokitto\common\stream.o (fclose)
c:/program files (x86)/embitz/1.11/share/em_armgcc/bin/../lib/gcc/arm-none-eabi/5.4.1/../../../../arm-none-eabi/lib/armv6-m\libc_n.a(lib_a-fflush.o)
                              c:/program files (x86)/embitz/1.11/share/em_armgcc/bin/../lib/gcc/arm-none-eabi/5.4.1/../../../../arm-none-eabi/lib/armv6-m\libc_n.a(lib_a-fclose.o) (__sflush_r)
c:/program files (x86)/embitz/1.11/share/em_armgcc/bin/../lib/gcc/arm-none-eabi/5.4.1/../../../../arm-none-eabi/lib/armv6-m\libc_n.a(lib_a-fgetc.o)
                              .objs\pokittolib\mbed-pokitto\common\retarget.o (fgetc)
c:/program files (x86)/embitz/1.11/share/em_armgcc/bin/../lib/gcc/arm-none-eabi/5.4.1/../../../../arm-none-eabi/lib/armv6-m\libc_n.a(lib_a-fgets.o)
                              .objs\pokittolib\mbed-pokitto\common\retarget.o (fgets)
c:/program files (x86)/embitz/1.11/share/em_armgcc/bin/../lib/gcc/arm-none-eabi/5.4.1/../../../../arm-none-eabi/lib/armv6-m\libc_n.a(lib_a-findfp.o)
                              c:/program files (x86)/embitz/1.11/share/em_armgcc/bin/../lib/gcc/arm-none-eabi/5.4.1/../../../../arm-none-eabi/lib/armv6-m\libc_n.a(lib_a-fclose.o) (__sinit)
c:/program files (x86)/embitz/1.11/share/em_armgcc/bin/../lib/gcc/arm-none-eabi/5.4.1/../../../../arm-none-eabi/lib/armv6-m\libc_n.a(lib_a-fopen.o)
                              .objs\pokittolib\mbed-pokitto\common\stream.o (fopen)
c:/program files (x86)/embitz/1.11/share/em_armgcc/bin/../lib/gcc/arm-none-eabi/5.4.1/../../../../arm-none-eabi/lib/armv6-m\libc_n.a(lib_a-fputc.o)
                              .objs\pokittolib\mbed-pokitto\common\stream.o (fputc)
c:/program files (x86)/embitz/1.11/share/em_armgcc/bin/../lib/gcc/arm-none-eabi/5.4.1/../../../../arm-none-eabi/lib/armv6-m\libc_n.a(lib_a-fputs.o)
                              .objs\pokittolib\mbed-pokitto\common\stream.o (fputs)
c:/program files (x86)/embitz/1.11/share/em_armgcc/bin/../lib/gcc/arm-none-eabi/5.4.1/../../../../arm-none-eabi/lib/armv6-m\libc_n.a(lib_a-fseek.o)
                              c:/program files (x86)/embitz/1.11/share/em_armgcc/bin/../lib/gcc/arm-none-eabi/5.4.1/../../../../arm-none-eabi/lib/armv6-m\libc_n.a(lib_a-fopen.o) (_fseek_r)
c:/program files (x86)/embitz/1.11/share/em_armgcc/bin/../lib/gcc/arm-none-eabi/5.4.1/../../../../arm-none-eabi/lib/armv6-m\libc_n.a(lib_a-fseeko.o)
                              c:/program files (x86)/embitz/1.11/share/em_armgcc/bin/../lib/gcc/arm-none-eabi/5.4.1/../../../../arm-none-eabi/lib/armv6-m\libc_n.a(lib_a-fseek.o) (_fseeko_r)
c:/program files (x86)/embitz/1.11/share/em_armgcc/bin/../lib/gcc/arm-none-eabi/5.4.1/../../../../arm-none-eabi/lib/armv6-m\libc_n.a(lib_a-fwalk.o)
                              c:/program files (x86)/embitz/1.11/share/em_armgcc/bin/../lib/gcc/arm-none-eabi/5.4.1/../../../../arm-none-eabi/lib/armv6-m\libc_n.a(lib_a-findfp.o) (_fwalk)
c:/program files (x86)/embitz/1.11/share/em_armgcc/bin/../lib/gcc/arm-none-eabi/5.4.1/../../../../arm-none-eabi/lib/armv6-m\libc_n.a(lib_a-impure.o)
                              c:/program files (x86)/embitz/1.11/share/em_armgcc/bin/../lib/gcc/arm-none-eabi/5.4.1/../../../../arm-none-eabi/lib/armv6-m\libc_n.a(lib_a-exit.o) (_global_impure_ptr)
c:/program files (x86)/embitz/1.11/share/em_armgcc/bin/../lib/gcc/arm-none-eabi/5.4.1/../../../../arm-none-eabi/lib/armv6-m\libc_n.a(lib_a-init.o)
                              c:/program files (x86)/embitz/1.11/share/em_armgcc/bin/../lib/gcc/arm-none-eabi/5.4.1/../../../../arm-none-eabi/lib/armv6-m/crt0.o (__libc_init_array)
[...]
Memory Configuration

Name             Origin             Length             Attributes
MFlash256        0x00000000         0x00040000         xr
Ram0_32          0x10000100         0x00007f00         xrw
Ram1_2           0x20000000         0x00000800         xrw
Ram2USB_2        0x20004000         0x00000800         xrw
*default*        0x00000000         0xffffffff

Linker script and memory map

LOAD c:/program files (x86)/embitz/1.11/share/em_armgcc/bin/../lib/gcc/arm-none-eabi/5.4.1/armv6-m/crti.o
LOAD c:/program files (x86)/embitz/1.11/share/em_armgcc/bin/../lib/gcc/arm-none-eabi/5.4.1/armv6-m/crtbegin.o
LOAD c:/program files (x86)/embitz/1.11/share/em_armgcc/bin/../lib/gcc/arm-none-eabi/5.4.1/../../../../arm-none-eabi/lib/armv6-m/crt0.o
                0x00040000                __top_MFlash256 = 0x40000
                0x10008000                __top_Ram0_32 = 0x10008000
                0x20000800                __top_Ram1_2 = 0x20000800
                0x20004800                __top_Ram2USB_2 = 0x20004800

.text           0x00000000     0x6db0
 FILL mask 0xff
                0x00000000                __vectors_start__ = ABSOLUTE (.)
 *(.isr_vector)
 .isr_vector    0x00000000       0xc0 .objs\pokittolib\mbed-pokitto\targets\cmsis\target_nxp\target_lpc11u6x\toolchain_gcc_arm\target_lpc11u68\startup_lpc11u68.o
                0x00000000                g_pfnVectors
                0x000000c0                . = ALIGN (0x4)
                0x000000c0                __section_table_start = .
                0x000000c0                __data_section_table = .
                0x000000c0        0x4 LONG 0x6db0 LOADADDR (.data)
                0x000000c4        0x4 LONG 0x10000100 ADDR (.data)
                0x000000c8        0x4 LONG 0x80 SIZEOF (.data)
                0x000000cc        0x4 LONG 0x6db0 LOADADDR (.data_RAM2)
                0x000000d0        0x4 LONG 0x20000000 ADDR (.data_RAM2)
                0x000000d4        0x4 LONG 0x0 SIZEOF (.data_RAM2)
                0x000000d8        0x4 LONG 0x6db0 LOADADDR (.data_RAM3)
                0x000000dc        0x4 LONG 0x20004000 ADDR (.data_RAM3)
                0x000000e0        0x4 LONG 0x0 SIZEOF (.data_RAM3)
                0x000000e4                __data_section_table_end = .
                0x000000e4                __bss_section_table = .
                0x000000e4        0x4 LONG 0x10000180 ADDR (.bss)
                0x000000e8        0x4 LONG 0x395c SIZEOF (.bss)
                0x000000ec        0x4 LONG 0x20000000 ADDR (.bss_RAM2)
                0x000000f0        0x4 LONG 0x0 SIZEOF (.bss_RAM2)
                0x000000f4        0x4 LONG 0x20004000 ADDR (.bss_RAM3)
                0x000000f8        0x4 LONG 0x0 SIZEOF (.bss_RAM3)
                0x000000fc                __bss_section_table_end = .
                0x000000fc                __section_table_end = .
 *(.after_vectors*)
 .after_vectors
                0x000000fc       0x54 .objs\pokittolib\mbed-pokitto\targets\cmsis\target_nxp\target_lpc11u6x\toolchain_gcc_arm\target_lpc11u68\startup_lpc11u68.o
                0x000000fc                ResetISR
 *(.text*)
 .text          0x00000150       0x60 c:/program files (x86)/embitz/1.11/share/em_armgcc/bin/../lib/gcc/arm-none-eabi/5.4.1/armv6-m/crtbegin.o
 .text.gpio_read
                0x000001b0       0x2c .objs\main.o
 .text._ZN4mbed9DigitalInC2E7PinName
                0x000001dc       0x1a .objs\main.o
                0x000001dc                mbed::DigitalIn::DigitalIn(PinName)
                0x000001dc                mbed::DigitalIn::DigitalIn(PinName)
 *fill*         0x000001f6        0x2 ff
 .text._Z9UPDATEPADii
                0x000001f8       0x5c .objs\main.o
                0x000001f8                UPDATEPAD(int, int)
 .text._Z9UpdatePadi
                0x00000254       0x38 .objs\main.o
                0x00000254                UpdatePad(int)
 .text._Z13updateButtonsh
                0x0000028c       0x84 .objs\main.o
                0x0000028c                updateButtons(unsigned char)
 .text._Z5setupv
                0x00000310       0x50 .objs\main.o
                0x00000310                setup()
 .text.startup.main
                0x00000360       0x64 .objs\main.o
                0x00000360                main
 .text.startup._GLOBAL__sub_I_game
                0x000003c4       0x80 .objs\main.o
 .text.mbed_assert_internal
                0x00000444       0x14 .objs\pokittolib\mbed-pokitto\common\assert.o
                0x00000444                mbed_assert_internal
 .text.mbed_die
                0x00000458       0x5c .objs\pokittolib\mbed-pokitto\common\board.o
                0x00000458                mbed_die
 .text.error    0x000004b4        0xa .objs\pokittolib\mbed-pokitto\common\error.o
                0x000004b4                error
 *fill*         0x000004be        0x2 ff
 .text.gpio_write
                0x000004c0       0x30 .objs\pokittolib\mbed-pokitto\common\gpio.o
 .text._gpio_init_in
                0x000004f0       0x22 .objs\pokittolib\mbed-pokitto\common\gpio.o
 .text.gpio_init_in
                0x00000512        0xa .objs\pokittolib\mbed-pokitto\common\gpio.o
                0x00000512                gpio_init_in
 .text.gpio_init_out_ex
                0x0000051c       0x2a .objs\pokittolib\mbed-pokitto\common\gpio.o
                0x0000051c                gpio_init_out_ex
 .text.gpio_init_out
                0x00000546        0xa .objs\pokittolib\mbed-pokitto\common\gpio.o
                0x00000546                gpio_init_out
 .text._ZN4mbed11InterruptInD2Ev
                0x00000550       0x18 .objs\pokittolib\mbed-pokitto\common\interruptin.o
                0x00000550                mbed::InterruptIn::~InterruptIn()
                0x00000550                mbed::InterruptIn::~InterruptIn()
 .text._ZN4mbed11InterruptInD0Ev
                0x00000568       0x12 .objs\pokittolib\mbed-pokitto\common\interruptin.o
                0x00000568                mbed::InterruptIn::~InterruptIn()
 *fill*         0x0000057a        0x2 ff
 .text._ZN4mbed11InterruptInC2E7PinName
                0x0000057c       0x48 .objs\pokittolib\mbed-pokitto\common\interruptin.o
                0x0000057c                mbed::InterruptIn::InterruptIn(PinName)
                0x0000057c                mbed::InterruptIn::InterruptIn(PinName)
 .text._ZN4mbed11InterruptIn4riseEPFvvE
                0x000005c4       0x1e .objs\pokittolib\mbed-pokitto\common\interruptin.o
                0x000005c4                mbed::InterruptIn::rise(void (*)())
 .text._ZN4mbed11InterruptIn4fallEPFvvE
                0x000005e2       0x1c .objs\pokittolib\mbed-pokitto\common\interruptin.o
                0x000005e2                mbed::InterruptIn::fall(void (*)())
 .text._ZN4mbed19FunctionPointerArg1IvvE4callEv
                0x000005fe       0x20 .objs\pokittolib\mbed-pokitto\common\interruptin.o
                0x000005fe                mbed::FunctionPointerArg1<void, void>::call()
 .text._ZN4mbed11InterruptIn12_irq_handlerEm14gpio_irq_event
                0x0000061e       0x16 .objs\pokittolib\mbed-pokitto\common\interruptin.o
                0x0000061e                mbed::InterruptIn::_irq_handler(unsigned long, gpio_irq_event)
 .text.pinmap_pinout
                0x00000634       0x34 .objs\pokittolib\mbed-pokitto\common\pinmap_common.o
                0x00000634                pinmap_pinout
 .text.pinmap_merge
                0x00000668       0x28 .objs\pokittolib\mbed-pokitto\common\pinmap_common.o
                0x00000668                pinmap_merge
 .text.pinmap_find_peripheral
                0x00000690       0x16 .objs\pokittolib\mbed-pokitto\common\pinmap_common.o
                0x00000690                pinmap_find_peripheral
 *fill*         0x000006a6        0x2 ff
 .text.pinmap_peripheral
                0x000006a8       0x20 .objs\pokittolib\mbed-pokitto\common\pinmap_common.o
                0x000006a8                pinmap_peripheral
 .text.__cxa_pure_virtual
                0x000006c8        0x8 .objs\pokittolib\mbed-pokitto\common\retarget.o
                0x000006c8                __cxa_pure_virtual
 .text._exit    0x000006d0        0xc .objs\pokittolib\mbed-pokitto\common\retarget.o
                0x000006d0                _exit
 .text._ZN4mbed3SPID2Ev
                0x000006dc        0x2 .objs\pokittolib\mbed-pokitto\common\spi.o
                0x000006dc                mbed::SPI::~SPI()
                0x000006dc                mbed::SPI::~SPI()
 .text._ZN4mbed3SPID0Ev
                0x000006de        0xc .objs\pokittolib\mbed-pokitto\common\spi.o
                0x000006de                mbed::SPI::~SPI()
 *fill*         0x000006ea        0x2 ff
 .text._ZN4mbed3SPIC2E7PinNameS1_S1_S1_
                0x000006ec       0x48 .objs\pokittolib\mbed-pokitto\common\spi.o
                0x000006ec                mbed::SPI::SPI(PinName, PinName, PinName, PinName)
                0x000006ec                mbed::SPI::SPI(PinName, PinName, PinName, PinName)
 .text._ZN4mbed3SPI6aquireEv
                0x00000734       0x2c .objs\pokittolib\mbed-pokitto\common\spi.o
                0x00000734                mbed::SPI::aquire()
 .text._ZN4mbed3SPI5writeEi
                0x00000760       0x14 .objs\pokittolib\mbed-pokitto\common\spi.o
                0x00000760                mbed::SPI::write(int)
 .text._ZN4mbed6Ticker7handlerEv
                0x00000774       0x2c .objs\pokittolib\mbed-pokitto\common\ticker.o
                0x00000774                mbed::Ticker::handler()
 .text._ZN4mbed6Ticker6detachEv
                0x000007a0       0x10 .objs\pokittolib\mbed-pokitto\common\ticker.o
                0x000007a0                mbed::Ticker::detach()
 .text._ZN4mbed6TickerD2Ev
                0x000007b0       0x1c .objs\pokittolib\mbed-pokitto\common\ticker.o
                0x000007b0                mbed::Ticker::~Ticker()
                0x000007b0                mbed::Ticker::~Ticker()
 .text._ZN4mbed6TickerD0Ev
                0x000007cc       0x12 .objs\pokittolib\mbed-pokitto\common\ticker.o
                0x000007cc                mbed::Ticker::~Ticker()
 .text._ZN4mbed6Ticker5setupEm
                0x000007de       0x1c .objs\pokittolib\mbed-pokitto\common\ticker.o
                0x000007de                mbed::Ticker::setup(unsigned long)
 .text.ticker_set_handler
                0x000007fa       0x12 .objs\pokittolib\mbed-pokitto\common\ticker_api.o
                0x000007fa                ticker_set_handler
 .text.ticker_irq_handler
                0x0000080c       0x44 .objs\pokittolib\mbed-pokitto\common\ticker_api.o
                0x0000080c                ticker_irq_handler
 .text.ticker_insert_event
                0x00000850       0x38 .objs\pokittolib\mbed-pokitto\common\ticker_api.o
                0x00000850                ticker_insert_event
 .text.ticker_remove_event
                0x00000888       0x38 .objs\pokittolib\mbed-pokitto\common\ticker_api.o
                0x00000888                ticker_remove_event
 .text.ticker_read
                0x000008c0        0xa .objs\pokittolib\mbed-pokitto\common\ticker_api.o
                0x000008c0                ticker_read
 .text._ZN4mbed10TimerEvent3irqEm
                0x000008ca        0xa .objs\pokittolib\mbed-pokitto\common\timerevent.o
                0x000008ca                mbed::TimerEvent::irq(unsigned long)
 .text._ZN4mbed10TimerEventC2Ev
                0x000008d4       0x2c .objs\pokittolib\mbed-pokitto\common\timerevent.o
                0x000008d4                mbed::TimerEvent::TimerEvent()
                0x000008d4                mbed::TimerEvent::TimerEvent()
 .text._ZN4mbed10TimerEvent6insertEm
                0x00000900       0x10 .objs\pokittolib\mbed-pokitto\common\timerevent.o
                0x00000900                mbed::TimerEvent::insert(unsigned long)
 .text._ZN4mbed10TimerEvent6removeEv
                0x00000910        0xc .objs\pokittolib\mbed-pokitto\common\timerevent.o
                0x00000910                mbed::TimerEvent::remove()
 .text._ZN4mbed10TimerEventD2Ev
                0x0000091c       0x18 .objs\pokittolib\mbed-pokitto\common\timerevent.o
                0x0000091c                mbed::TimerEvent::~TimerEvent()
                0x0000091c                mbed::TimerEvent::~TimerEvent()
 .text.get_us_ticker_data
                0x00000934        0x8 .objs\pokittolib\mbed-pokitto\common\us_ticker_api.o
                0x00000934                get_us_ticker_data
 .text.us_ticker_irq_handler
                0x0000093c       0x10 .objs\pokittolib\mbed-pokitto\common\us_ticker_api.o
                0x0000093c                us_ticker_irq_handler
 .text.wait_us  0x0000094c       0x16 .objs\pokittolib\mbed-pokitto\common\wait_api.o
                0x0000094c                wait_us
 .text.wait_ms  0x00000962        0xe .objs\pokittolib\mbed-pokitto\common\wait_api.o
                0x00000962                wait_ms
 .text.NVIC_SetVector
                0x00000970       0x30 .objs\pokittolib\mbed-pokitto\targets\cmsis\target_nxp\target_lpc11u6x\cmsis_nvic.o
                0x00000970                NVIC_SetVector
 .text.SystemInit
                0x000009a0      0x12c .objs\pokittolib\mbed-pokitto\targets\cmsis\target_nxp\target_lpc11u6x\system_lpc11u6x.o
                0x000009a0                SystemInit
 .text.IntDefaultHandler
                0x00000acc        0x2 .objs\pokittolib\mbed-pokitto\targets\cmsis\target_nxp\target_lpc11u6x\toolchain_gcc_arm\target_lpc11u68\startup_lpc11u68.o
                0x00000acc                TIMER16_0_IRQHandler
                0x00000acc                I2C0_IRQHandler
                0x00000acc                I2C1_IRQHandler
                0x00000acc                TIMER32_0_IRQHandler
                0x00000acc                ADCB_IRQHandler
                0x00000acc                SCT0_1_IRQHandler
                0x00000acc                TIMER32_1_IRQHandler
                0x00000acc                PIN_INT6_IRQHandler
                0x00000acc                IntDefaultHandler
                0x00000acc                PIN_INT4_IRQHandler
                0x00000acc                SSP0_IRQHandler
                0x00000acc                RTC_IRQHandler
                0x00000acc                USBWakeup_IRQHandler
                0x00000acc                USART0_IRQHandler
                0x00000acc                PIN_INT5_IRQHandler
                0x00000acc                PIN_INT2_IRQHandler
                0x00000acc                TIMER16_1_IRQHandler
                0x00000acc                USB_FIQHandler
                0x00000acc                USART1_4_IRQHandler
                0x00000acc                SSP1_IRQHandler
                0x00000acc                PIN_INT7_IRQHandler
                0x00000acc                BOD_WDT_IRQHandler
                0x00000acc                PIN_INT1_IRQHandler
                0x00000acc                USB_IRQHandler
                0x00000acc                USART2_3_IRQHandler
                0x00000acc                PIN_INT0_IRQHandler
                0x00000acc                GINT0_IRQHandler
                0x00000acc                DMA_IRQHandler
                0x00000acc                PIN_INT3_IRQHandler
                0x00000acc                FMC_IRQHandler
                0x00000acc                GINT1_IRQHandler
                0x00000acc                ADCA_IRQHandler
 .text.NMI_Handler
                0x00000ace        0x2 .objs\pokittolib\mbed-pokitto\targets\cmsis\target_nxp\target_lpc11u6x\toolchain_gcc_arm\target_lpc11u68\startup_lpc11u68.o
                0x00000ace                NMI_Handler
 .text.HardFault_Handler
                0x00000ad0        0x2 .objs\pokittolib\mbed-pokitto\targets\cmsis\target_nxp\target_lpc11u6x\toolchain_gcc_arm\target_lpc11u68\startup_lpc11u68.o
                0x00000ad0                HardFault_Handler
 .text.SVC_Handler
                0x00000ad2        0x2 .objs\pokittolib\mbed-pokitto\targets\cmsis\target_nxp\target_lpc11u6x\toolchain_gcc_arm\target_lpc11u68\startup_lpc11u68.o
                0x00000ad2                SVC_Handler
 .text.PendSV_Handler
                0x00000ad4        0x2 .objs\pokittolib\mbed-pokitto\targets\cmsis\target_nxp\target_lpc11u6x\toolchain_gcc_arm\target_lpc11u68\startup_lpc11u68.o
                0x00000ad4                PendSV_Handler
 .text.data_init
                0x00000ad6       0x12 .objs\pokittolib\mbed-pokitto\targets\cmsis\target_nxp\target_lpc11u6x\toolchain_gcc_arm\target_lpc11u68\startup_lpc11u68.o
                0x00000ad6                data_init
 .text.bss_init
                0x00000ae8       0x10 .objs\pokittolib\mbed-pokitto\targets\cmsis\target_nxp\target_lpc11u6x\toolchain_gcc_arm\target_lpc11u68\startup_lpc11u68.o
                0x00000ae8                bss_init
 .text.__aeabi_atexit
                0x00000af8        0x4 .objs\pokittolib\mbed-pokitto\targets\cmsis\target_nxp\target_lpc11u6x\toolchain_gcc_arm\target_lpc11u68\startup_lpc11u68.o
                0x00000af8                __aeabi_atexit
 .text._ZdlPv   0x00000afc        0x8 .objs\pokittolib\mbed-pokitto\targets\cmsis\target_nxp\target_lpc11u6x\toolchain_gcc_arm\target_lpc11u68\startup_lpc11u68.o
                0x00000afc                operator delete(void*)
 .text.gpio_set
                0x00000b04       0x94 .objs\pokittolib\mbed-pokitto\targets\hal\target_nxp\target_lpc11u6x\gpio_api.o
                0x00000b04                gpio_set
 .text.gpio_init
                0x00000b98       0x44 .objs\pokittolib\mbed-pokitto\targets\hal\target_nxp\target_lpc11u6x\gpio_api.o
                0x00000b98                gpio_init
 .text.gpio_mode
                0x00000bdc        0xa .objs\pokittolib\mbed-pokitto\targets\hal\target_nxp\target_lpc11u6x\gpio_api.o
                0x00000bdc                gpio_mode
 *fill*         0x00000be6        0x2 ff
 .text.gpio_dir
                0x00000be8       0x3c .objs\pokittolib\mbed-pokitto\targets\hal\target_nxp\target_lpc11u6x\gpio_api.o
                0x00000be8                gpio_dir
 .text.handle_interrupt_in
                0x00000c24       0x64 .objs\pokittolib\mbed-pokitto\targets\hal\target_nxp\target_lpc11u6x\gpio_irq_api.o
 .text.gpio_irq0
                0x00000c88        0xa .objs\pokittolib\mbed-pokitto\targets\hal\target_nxp\target_lpc11u6x\gpio_irq_api.o
                0x00000c88                gpio_irq0
 .text.gpio_irq1
                0x00000c92        0xa .objs\pokittolib\mbed-pokitto\targets\hal\target_nxp\target_lpc11u6x\gpio_irq_api.o
                0x00000c92                gpio_irq1
 .text.gpio_irq2
                0x00000c9c        0xa .objs\pokittolib\mbed-pokitto\targets\hal\target_nxp\target_lpc11u6x\gpio_irq_api.o
                0x00000c9c                gpio_irq2
 .text.gpio_irq3
                0x00000ca6        0xa .objs\pokittolib\mbed-pokitto\targets\hal\target_nxp\target_lpc11u6x\gpio_irq_api.o
                0x00000ca6                gpio_irq3
 .text.gpio_irq4
                0x00000cb0        0xa .objs\pokittolib\mbed-pokitto\targets\hal\target_nxp\target_lpc11u6x\gpio_irq_api.o
                0x00000cb0                gpio_irq4
 .text.gpio_irq5
                0x00000cba        0xa .objs\pokittolib\mbed-pokitto\targets\hal\target_nxp\target_lpc11u6x\gpio_irq_api.o
                0x00000cba                gpio_irq5
 .text.gpio_irq6
                0x00000cc4        0xa .objs\pokittolib\mbed-pokitto\targets\hal\target_nxp\target_lpc11u6x\gpio_irq_api.o
                0x00000cc4                gpio_irq6
 .text.gpio_irq7
                0x00000cce        0xa .objs\pokittolib\mbed-pokitto\targets\hal\target_nxp\target_lpc11u6x\gpio_irq_api.o
                0x00000cce                gpio_irq7
 .text.gpio_irq_init
                0x00000cd8       0xc4 .objs\pokittolib\mbed-pokitto\targets\hal\target_nxp\target_lpc11u6x\gpio_irq_api.o
                0x00000cd8                gpio_irq_init
 .text.gpio_irq_free
                0x00000d9c       0x28 .objs\pokittolib\mbed-pokitto\targets\hal\target_nxp\target_lpc11u6x\gpio_irq_api.o
                0x00000d9c                gpio_irq_free
 .text.gpio_irq_set
                0x00000dc4       0x4c .objs\pokittolib\mbed-pokitto\targets\hal\target_nxp\target_lpc11u6x\gpio_irq_api.o
                0x00000dc4                gpio_irq_set
 .text.pin_function
                0x00000e10       0x38 .objs\pokittolib\mbed-pokitto\targets\hal\target_nxp\target_lpc11u6x\pinmap.o
                0x00000e10                pin_function
 .text.pin_mode
                0x00000e48       0x5c .objs\pokittolib\mbed-pokitto\targets\hal\target_nxp\target_lpc11u6x\pinmap.o
                0x00000e48                pin_mode
 .text.pwmout_write
                0x00000ea4       0x46 .objs\pokittolib\mbed-pokitto\targets\hal\target_nxp\target_lpc11u6x\pwmout_api.o
                0x00000ea4                pwmout_write
 .text.pwmout_period_us
                0x00000eea       0x42 .objs\pokittolib\mbed-pokitto\targets\hal\target_nxp\target_lpc11u6x\pwmout_api.o
                0x00000eea                pwmout_period_us
 .text.pwmout_init
                0x00000f2c      0x18c .objs\pokittolib\mbed-pokitto\targets\hal\target_nxp\target_lpc11u6x\pwmout_api.o
                0x00000f2c                pwmout_init
 .text.spi_init
                0x000010b8      0x100 .objs\pokittolib\mbed-pokitto\targets\hal\target_nxp\target_lpc11u6x\spi_api.o
                0x000010b8                spi_init
 .text.spi_format
                0x000011b8       0x6c .objs\pokittolib\mbed-pokitto\targets\hal\target_nxp\target_lpc11u6x\spi_api.o
                0x000011b8                spi_format
 .text.spi_frequency
                0x00001224       0x88 .objs\pokittolib\mbed-pokitto\targets\hal\target_nxp\target_lpc11u6x\spi_api.o
                0x00001224                spi_frequency
 .text.spi_master_write
                0x000012ac       0x18 .objs\pokittolib\mbed-pokitto\targets\hal\target_nxp\target_lpc11u6x\spi_api.o
                0x000012ac                spi_master_write
 .text.us_ticker_init
                0x000012c4       0x60 .objs\pokittolib\mbed-pokitto\targets\hal\target_nxp\target_lpc11u6x\us_ticker.o
                0x000012c4                us_ticker_init
 .text.us_ticker_read
                0x00001324       0x1c .objs\pokittolib\mbed-pokitto\targets\hal\target_nxp\target_lpc11u6x\us_ticker.o
                0x00001324                us_ticker_read
 .text.us_ticker_set_interrupt
                0x00001340       0x14 .objs\pokittolib\mbed-pokitto\targets\hal\target_nxp\target_lpc11u6x\us_ticker.o
                0x00001340                us_ticker_set_interrupt
 .text.us_ticker_disable_interrupt
                0x00001354       0x10 .objs\pokittolib\mbed-pokitto\targets\hal\target_nxp\target_lpc11u6x\us_ticker.o
                0x00001354                us_ticker_disable_interrupt
 .text.us_ticker_clear_interrupt
                0x00001364        0xc .objs\pokittolib\mbed-pokitto\targets\hal\target_nxp\target_lpc11u6x\us_ticker.o
                0x00001364                us_ticker_clear_interrupt
 .text._ZN7Pokitto9Backlight5beginEv
                0x00001370        0x2 .objs\pokittolib\pokitto_core\pokittobacklight.o
                0x00001370                Pokitto::Backlight::begin()
 .text._ZN7Pokitto9Backlight3setEh
                0x00001372        0x2 .objs\pokittolib\pokitto_core\pokittobacklight.o
                0x00001372                Pokitto::Backlight::set(unsigned char)
 .text._ZN7Pokitto7Battery5beginEv
                0x00001374        0x2 .objs\pokittolib\pokitto_core\pokittobattery.o
                0x00001374                Pokitto::Battery::begin()
 *fill*         0x00001376        0x2 ff
 .text._ZN7Pokitto7Battery6updateEv
                0x00001378        0xc .objs\pokittolib\pokitto_core\pokittobattery.o
                0x00001378                Pokitto::Battery::update()
 .text._ZN7Pokitto7Buttons5beginEv
                0x00001384        0x8 .objs\pokittolib\pokitto_core\pokittobuttons.o
                0x00001384                Pokitto::Buttons::begin()
 .text._ZN7Pokitto7Buttons6updateEv
                0x0000138c       0x38 .objs\pokittolib\pokitto_core\pokittobuttons.o
                0x0000138c                Pokitto::Buttons::update()
 .text._ZN7Pokitto7Buttons7pressedEh
                0x000013c4       0x14 .objs\pokittolib\pokitto_core\pokittobuttons.o
                0x000013c4                Pokitto::Buttons::pressed(unsigned char)
 .text._ZN7Pokitto7Buttons11pollButtonsEv
                0x000013d8       0x8c .objs\pokittolib\pokitto_core\pokittobuttons.o
                0x000013d8                Pokitto::Buttons::pollButtons()
 .text._ZN7Pokitto7Buttons4aBtnEv
                0x00001464        0xc .objs\pokittolib\pokitto_core\pokittobuttons.o
                0x00001464                Pokitto::Buttons::aBtn()
 .text._ZN7Pokitto7ConsoleC2Ev
                0x00001470       0x48 .objs\pokittolib\pokitto_core\pokittoconsole.o
                0x00001470                Pokitto::Console::Console()
                0x00001470                Pokitto::Console::Console()
 .text.startup._GLOBAL__sub_I_pConsole
                0x000014b8       0x10 .objs\pokittolib\pokitto_core\pokittoconsole.o
 .text._Z17start_applicationm
                0x000014c8       0xb8 .objs\pokittolib\pokitto_core\pokittocore.o
                0x000014c8                start_application(unsigned long)
 .text._ZN7Pokitto4CoreC2Ev
                0x00001580        0x2 .objs\pokittolib\pokitto_core\pokittocore.o
                0x00001580                Pokitto::Core::Core()
                0x00001580                Pokitto::Core::Core()
 *fill*         0x00001582        0x2 ff
 .text._ZN7Pokitto4Core12jumpToLoaderEv
                0x00001584       0x7c .objs\pokittolib\pokitto_core\pokittocore.o
                0x00001584                Pokitto::Core::jumpToLoader()
 .text._ZN7Pokitto4Core9askLoaderEv
                0x00001600      0x158 .objs\pokittolib\pokitto_core\pokittocore.o
                0x00001600                Pokitto::Core::askLoader()
 .text._ZN7Pokitto4Core10drawvolbarEiiib
                0x00001758      0x1dc .objs\pokittolib\pokitto_core\pokittocore.o
                0x00001758                Pokitto::Core::drawvolbar(int, int, int, bool)
 .text._ZN7Pokitto4Core11setVolLimitEv
                0x00001934      0x29c .objs\pokittolib\pokitto_core\pokittocore.o
                0x00001934                Pokitto::Core::setVolLimit()
 .text._ZN7Pokitto4Core4initEv
                0x00001bd0       0x30 .objs\pokittolib\pokitto_core\pokittocore.o
                0x00001bd0                Pokitto::Core::init()
 .text._ZN7Pokitto4Core9isRunningEv
                0x00001c00        0xc .objs\pokittolib\pokitto_core\pokittocore.o
                0x00001c00                Pokitto::Core::isRunning()
 .text._ZN7Pokitto4Core8showLogoEv
                0x00001c0c       0xb8 .objs\pokittolib\pokitto_core\pokittocore.o
                0x00001c0c                Pokitto::Core::showLogo()
 .text._ZN7Pokitto4Core12readSettingsEv
                0x00001cc4       0x20 .objs\pokittolib\pokitto_core\pokittocore.o
                0x00001cc4                Pokitto::Core::readSettings()
 .text._ZN7Pokitto4Core5beginEv
                0x00001ce4       0xc8 .objs\pokittolib\pokitto_core\pokittocore.o
                0x00001ce4                Pokitto::Core::begin()
 .text.startup._GLOBAL__sub_I_selectedfile
                0x00001dac       0x10 .objs\pokittolib\pokitto_core\pokittocore.o
 .text.startup._GLOBAL__sub_I_res
                0x00001dbc       0x38 .objs\pokittolib\pokitto_core\pokittodisk.o
 .text._ZN7Pokitto7Display13setColorDepthEh
                0x00001df4       0x14 .objs\pokittolib\pokitto_core\pokittodisplay.o
                0x00001df4                Pokitto::Display::setColorDepth(unsigned char)
 .text._ZN7Pokitto7Display8clearLCDEv
                0x00001e08       0x1c .objs\pokittolib\pokitto_core\pokittodisplay.o
                0x00001e08                Pokitto::Display::clearLCD()
 .text._ZN7Pokitto7Display7fillLCDEt
                0x00001e24        0x8 .objs\pokittolib\pokitto_core\pokittodisplay.o
                0x00001e24                Pokitto::Display::fillLCD(unsigned short)
 .text._ZN7Pokitto7Display15directRectangleEsssst
                0x00001e2c        0xe .objs\pokittolib\pokitto_core\pokittodisplay.o
                0x00001e2c                Pokitto::Display::directRectangle(short, short, short, short, unsigned short)
 .text._ZN7Pokitto7Display5beginEv
                0x00001e3a        0x8 .objs\pokittolib\pokitto_core\pokittodisplay.o
                0x00001e3a                Pokitto::Display::begin()
 *fill*         0x00001e42        0x2 ff
 .text._ZN7Pokitto7Display9setCursorEss
                0x00001e44       0x14 .objs\pokittolib\pokitto_core\pokittodisplay.o
                0x00001e44                Pokitto::Display::setCursor(short, short)
 .text._ZN7Pokitto7Display12directBitmapEssPKhhh
                0x00001e58      0x234 .objs\pokittolib\pokitto_core\pokittodisplay.o
                0x00001e58                Pokitto::Display::directBitmap(short, short, unsigned char const*, unsigned char, unsigned char)
 .text._ZN7Pokitto7Display10directCharEsst
                0x0000208c      0x154 .objs\pokittolib\pokitto_core\pokittodisplay.o
                0x0000208c                Pokitto::Display::directChar(short, short, unsigned short)
 .text._ZN7Pokitto7Display5clearEv
                0x000021e0       0x60 .objs\pokittolib\pokitto_core\pokittodisplay.o
                0x000021e0                Pokitto::Display::clear()
 .text._ZN7Pokitto7Display17setDefaultPaletteEv
                0x00002240       0x10 .objs\pokittolib\pokitto_core\pokittodisplay.o
                0x00002240                Pokitto::Display::setDefaultPalette()
 .text._ZN7Pokitto7Display9drawPixelEssh
                0x00002250       0x5c .objs\pokittolib\pokitto_core\pokittodisplay.o
                0x00002250                Pokitto::Display::drawPixel(short, short, unsigned char)
 .text._ZN7Pokitto7Display10bufferCharEsst
                0x000022ac       0xb4 .objs\pokittolib\pokitto_core\pokittodisplay.o
                0x000022ac                Pokitto::Display::bufferChar(short, short, unsigned short)
 .text._ZN7Pokitto7Display9drawPixelEss
                0x00002360       0x58 .objs\pokittolib\pokitto_core\pokittodisplay.o
                0x00002360                Pokitto::Display::drawPixel(short, short)
 .text._ZN7Pokitto7Display10drawColumnEsss
                0x000023b8       0x48 .objs\pokittolib\pokitto_core\pokittodisplay.o
                0x000023b8                Pokitto::Display::drawColumn(short, short, short)
 .text._ZN7Pokitto7Display13fillRectangleEssss
                0x00002400       0x7c .objs\pokittolib\pokitto_core\pokittodisplay.o
                0x00002400                Pokitto::Display::fillRectangle(short, short, short, short)
 .text._ZN7Pokitto7Display6scrollEs
                0x0000247c      0x11c .objs\pokittolib\pokitto_core\pokittodisplay.o
                0x0000247c                Pokitto::Display::scroll(short)
 .text._ZN7Pokitto7Display7setFontEPKh
                0x00002598       0x24 .objs\pokittolib\pokitto_core\pokittodisplay.o
                0x00002598                Pokitto::Display::setFont(unsigned char const*)
 .text._ZN7Pokitto7DisplayC2Ev
                0x000025bc       0x60 .objs\pokittolib\pokitto_core\pokittodisplay.o
                0x000025bc                Pokitto::Display::Display()
                0x000025bc                Pokitto::Display::Display()
 .text._ZN7Pokitto7Display10print_charEhhh
                0x0000261c       0x2c .objs\pokittolib\pokitto_core\pokittodisplay.o
                0x0000261c                Pokitto::Display::print_char(unsigned char, unsigned char, unsigned char)
 .text._ZN7Pokitto7Display23isDirectPrintingEnabledEv
                0x00002648       0x10 .objs\pokittolib\pokitto_core\pokittodisplay.o
                0x00002648                Pokitto::Display::isDirectPrintingEnabled()
 .text._ZN7Pokitto7Display20enableDirectPrintingEh
                0x00002658       0x3c .objs\pokittolib\pokitto_core\pokittodisplay.o
                0x00002658                Pokitto::Display::enableDirectPrinting(unsigned char)
 .text._ZN7Pokitto7Display11inc_txtlineEv
                0x00002694       0x40 .objs\pokittolib\pokitto_core\pokittodisplay.o
                0x00002694                Pokitto::Display::inc_txtline()
 .text._ZN7Pokitto7Display5writeEh
                0x000026d4       0xc8 .objs\pokittolib\pokitto_core\pokittodisplay.o
                0x000026d4                Pokitto::Display::write(unsigned char)
 .text._ZN7Pokitto7Display5writeEPKc
                0x0000279c       0x14 .objs\pokittolib\pokitto_core\pokittodisplay.o
                0x0000279c                Pokitto::Display::write(char const*)
 .text._ZN7Pokitto7Display5printEPKc
                0x000027b0        0x8 .objs\pokittolib\pokitto_core\pokittodisplay.o
                0x000027b0                Pokitto::Display::print(char const*)
 .text._ZN7Pokitto7Display7printlnEv
                0x000027b8       0x10 .objs\pokittolib\pokitto_core\pokittodisplay.o
                0x000027b8                Pokitto::Display::println()
 .text._ZN7Pokitto7Display7printlnEPKc
                0x000027c8        0xc .objs\pokittolib\pokitto_core\pokittodisplay.o
                0x000027c8                Pokitto::Display::println(char const*)
 .text._ZN7Pokitto7Display10set_cursorEhh
                0x000027d4       0x14 .objs\pokittolib\pokitto_core\pokittodisplay.o
                0x000027d4                Pokitto::Display::set_cursor(unsigned char, unsigned char)
 .text._ZN7Pokitto7Display11printNumberEmh
                0x000027e8       0x54 .objs\pokittolib\pokitto_core\pokittodisplay.o
                0x000027e8                Pokitto::Display::printNumber(unsigned long, unsigned char)
 .text._ZN7Pokitto7Display5printEli.part.4
                0x0000283c       0x18 .objs\pokittolib\pokitto_core\pokittodisplay.o
 .text._ZN7Pokitto7Display5printEli
                0x00002854       0x20 .objs\pokittolib\pokitto_core\pokittodisplay.o
                0x00002854                Pokitto::Display::print(long, int)
 .text._ZN7Pokitto7Display5printEii
                0x00002874        0x8 .objs\pokittolib\pokitto_core\pokittodisplay.o
                0x00002874                Pokitto::Display::print(int, int)
 .text._ZN7Pokitto7Display5printEhhii
                0x0000287c       0x1c .objs\pokittolib\pokitto_core\pokittodisplay.o
                0x0000287c                Pokitto::Display::print(unsigned char, unsigned char, int, int)
 .text.startup._GLOBAL__sub_I_core
                0x00002898       0x10 .objs\pokittolib\pokitto_core\pokittodisplay.o
 .text._ZN7Pokitto7Display8RGBto565Ehhh
                0x000028a8       0x10 .objs\pokittolib\pokitto_core\pokittopalette.o
                0x000028a8                Pokitto::Display::RGBto565(unsigned char, unsigned char, unsigned char)
 .text._ZN7Pokitto7Display14loadRGBPaletteEPKh
                0x000028b8       0x2c .objs\pokittolib\pokitto_core\pokittopalette.o
                0x000028b8                Pokitto::Display::loadRGBPalette(unsigned char const*)
 .text._ZN7Pokitto7Display16interpolateColorEtth
                0x000028e4       0x5c .objs\pokittolib\pokitto_core\pokittopalette.o
                0x000028e4                Pokitto::Display::interpolateColor(unsigned short, unsigned short, unsigned char)
 .text._ZN7Pokitto5Sound5beginEv
                0x00002940        0x8 .objs\pokittolib\pokitto_core\pokittosound.o
                0x00002940                Pokitto::Sound::begin()
 .text._ZN7Pokitto5Sound9setVolumeEs
                0x00002948       0x24 .objs\pokittolib\pokitto_core\pokittosound.o
                0x00002948                Pokitto::Sound::setVolume(short)
 .text._ZN7Pokitto5Sound9setMaxVolEs
                0x0000296c       0x28 .objs\pokittolib\pokitto_core\pokittosound.o
                0x0000296c                Pokitto::Sound::setMaxVol(short)
 .text._ZN7Pokitto5Sound8volumeUpEv
                0x00002994       0x1c .objs\pokittolib\pokitto_core\pokittosound.o
                0x00002994                Pokitto::Sound::volumeUp()
 .text._ZN7Pokitto5Sound10volumeDownEv
                0x000029b0       0x1c .objs\pokittolib\pokitto_core\pokittosound.o
                0x000029b0                Pokitto::Sound::volumeDown()
 .text._ZN7Pokitto5Sound9getVolumeEv
                0x000029cc        0xc .objs\pokittolib\pokitto_core\pokittosound.o
                0x000029cc                Pokitto::Sound::getVolume()
 .text._ZN7Pokitto5Sound9ampEnableEh
                0x000029d8        0x2 .objs\pokittolib\pokitto_core\pokittosound.o
                0x000029d8                Pokitto::Sound::ampEnable(unsigned char)
 *fill*         0x000029da        0x2 ff
 .text._ZN7Pokitto5Sound15playMusicStreamEv
                0x000029dc       0x18 .objs\pokittolib\pokitto_core\pokittosound.o
                0x000029dc                Pokitto::Sound::playMusicStream()
 .text.startup._GLOBAL__sub_I_c
                0x000029f4       0x10 .objs\pokittolib\pokitto_core\pokittosound.o
 .text._Z8APressedv
                0x00002a04        0xc .objs\pokittolib\pokitto_hw\hwbuttons.o
                0x00002a04                APressed()
 .text._Z9AReleasedv
                0x00002a10        0xc .objs\pokittolib\pokitto_hw\hwbuttons.o
                0x00002a10                AReleased()
 .text._Z8BPressedv
                0x00002a1c        0xc .objs\pokittolib\pokitto_hw\hwbuttons.o
                0x00002a1c                BPressed()
 .text._Z9BReleasedv
                0x00002a28        0xc .objs\pokittolib\pokitto_hw\hwbuttons.o
                0x00002a28                BReleased()
 .text._Z8CPressedv
                0x00002a34        0xc .objs\pokittolib\pokitto_hw\hwbuttons.o
                0x00002a34                CPressed()
 .text._Z9CReleasedv
                0x00002a40        0xc .objs\pokittolib\pokitto_hw\hwbuttons.o
                0x00002a40                CReleased()
 .text._Z8UPressedv
                0x00002a4c        0xc .objs\pokittolib\pokitto_hw\hwbuttons.o
                0x00002a4c                UPressed()
 .text._Z9UReleasedv
                0x00002a58        0xc .objs\pokittolib\pokitto_hw\hwbuttons.o
                0x00002a58                UReleased()
 .text._Z8DPressedv
                0x00002a64        0xc .objs\pokittolib\pokitto_hw\hwbuttons.o
                0x00002a64                DPressed()
 .text._Z9DReleasedv
                0x00002a70        0xc .objs\pokittolib\pokitto_hw\hwbuttons.o
                0x00002a70                DReleased()
 .text._Z9RReleasedv
                0x00002a7c        0xc .objs\pokittolib\pokitto_hw\hwbuttons.o
                0x00002a7c                RReleased()
 .text._Z9LReleasedv
                0x00002a88        0xc .objs\pokittolib\pokitto_hw\hwbuttons.o
                0x00002a88                LReleased()
 .text._Z8RPressedv
                0x00002a94       0x1c .objs\pokittolib\pokitto_hw\hwbuttons.o
                0x00002a94                RPressed()
 .text._Z8LPressedv
                0x00002ab0       0x1c .objs\pokittolib\pokitto_hw\hwbuttons.o
                0x00002ab0                LPressed()
 .text._ZN7Pokitto11initButtonsEv
                0x00002acc       0xd8 .objs\pokittolib\pokitto_hw\hwbuttons.o
                0x00002acc                Pokitto::initButtons()
 .text._ZN7Pokitto4Core4aBtnEv
                0x00002ba4        0xc .objs\pokittolib\pokitto_hw\hwbuttons.o
                0x00002ba4                Pokitto::Core::aBtn()
 .text._ZN7Pokitto4Core4bBtnEv
                0x00002bb0        0xc .objs\pokittolib\pokitto_hw\hwbuttons.o
                0x00002bb0                Pokitto::Core::bBtn()
 .text._ZN7Pokitto4Core4cBtnEv
                0x00002bbc        0xc .objs\pokittolib\pokitto_hw\hwbuttons.o
                0x00002bbc                Pokitto::Core::cBtn()
 .text._ZN7Pokitto4Core7leftBtnEv
                0x00002bc8        0xc .objs\pokittolib\pokitto_hw\hwbuttons.o
                0x00002bc8                Pokitto::Core::leftBtn()
 .text._ZN7Pokitto4Core8rightBtnEv
                0x00002bd4        0xc .objs\pokittolib\pokitto_hw\hwbuttons.o
                0x00002bd4                Pokitto::Core::rightBtn()
 .text.startup._GLOBAL__sub_I__s
                0x00002be0       0xe0 .objs\pokittolib\pokitto_hw\hwbuttons.o
 .text._ZL13setup_data_16t
                0x00002cc0       0x30 .objs\pokittolib\pokitto_hw\hwlcd.o
 .text._Z16write_command_16t
                0x00002cf0       0x34 .objs\pokittolib\pokitto_hw\hwlcd.o
                0x00002cf0                write_command_16(unsigned short)
 .text._Z13write_data_16t
                0x00002d24       0x34 .objs\pokittolib\pokitto_hw\hwlcd.o
                0x00002d24                write_data_16(unsigned short)
 .text._ZN7Pokitto13initBacklightEv
                0x00002d58       0x2c .objs\pokittolib\pokitto_hw\hwlcd.o
                0x00002d58                Pokitto::initBacklight()
 .text._ZN7Pokitto14lcdFillSurfaceEt
                0x00002d84       0x64 .objs\pokittolib\pokitto_hw\hwlcd.o
                0x00002d84                Pokitto::lcdFillSurface(unsigned short)
 .text._ZN7Pokitto8lcdClearEv
                0x00002de8       0x60 .objs\pokittolib\pokitto_hw\hwlcd.o
                0x00002de8                Pokitto::lcdClear()
 .text._ZN7Pokitto7lcdInitEv
                0x00002e48      0x218 .objs\pokittolib\pokitto_hw\hwlcd.o
                0x00002e48                Pokitto::lcdInit()
 .text._ZN7Pokitto9setWindowEhhhh
                0x00003060       0x58 .objs\pokittolib\pokitto_hw\hwlcd.o
                0x00003060                Pokitto::setWindow(unsigned char, unsigned char, unsigned char, unsigned char)
 .text._ZN7Pokitto8lcdPixelEsst
                0x000030b8       0x36 .objs\pokittolib\pokitto_hw\hwlcd.o
                0x000030b8                Pokitto::lcdPixel(short, short, unsigned short)
 .text._ZN7Pokitto12lcdRectangleEsssst
                0x000030ee       0x4c .objs\pokittolib\pokitto_hw\hwlcd.o
                0x000030ee                Pokitto::lcdRectangle(short, short, short, short, unsigned short)
 .text._ZN4mbed10DigitalOutC2E7PinName
                0x0000313a       0x1a .objs\pokittolib\pokitto_hw\hwsound.o
                0x0000313a                mbed::DigitalOut::DigitalOut(PinName)
                0x0000313a                mbed::DigitalOut::DigitalOut(PinName)
 .text._ZN7Pokitto11setHWvolumeEh
                0x00003154       0x38 .objs\pokittolib\pokitto_hw\hwsound.o
                0x00003154                Pokitto::setHWvolume(unsigned char)
 .text._Z19initHWvolumecontrolv
                0x0000318c       0x20 .objs\pokittolib\pokitto_hw\hwsound.o
                0x0000318c                initHWvolumecontrol()
 .text._ZN7Pokitto9dac_writeEh
                0x000031ac       0xc0 .objs\pokittolib\pokitto_hw\hwsound.o
                0x000031ac                Pokitto::dac_write(unsigned char)
 .text._Z11pokSoundIRQv
                0x0000326c       0xc8 .objs\pokittolib\pokitto_hw\hwsound.o
                0x0000326c                pokSoundIRQ()
 .text._ZN7Pokitto9soundInitEv
                0x00003334       0x48 .objs\pokittolib\pokitto_hw\hwsound.o
                0x00003334                Pokitto::soundInit()
 .text._Z13pokPlayStreamv
                0x0000337c        0xc .objs\pokittolib\pokitto_hw\hwsound.o
                0x0000337c                pokPlayStream()
 .text.startup._GLOBAL__sub_I_buffers
                0x00003388       0xc0 .objs\pokittolib\pokitto_hw\hwsound.o
 .text.SysTick_Handler
                0x00003448       0x10 .objs\pokittolib\pokitto_hw\pokittoclock.o
                0x00003448                SysTick_Handler
 .text._ZN7Pokitto4Core9initClockEv
                0x00003458       0x20 .objs\pokittolib\pokitto_hw\pokittoclock.o
                0x00003458                Pokitto::Core::initClock()
 .text._ZN7Pokitto4Core7getTimeEv
                0x00003478        0xc .objs\pokittolib\pokitto_hw\pokittoclock.o
                0x00003478                Pokitto::Core::getTime()
 .text._ZN7Pokitto4Core10initRandomEv
                0x00003484        0x2 .objs\pokittolib\pokitto_hw\pokittohw.o
                0x00003484                Pokitto::Core::initRandom()
 *fill*         0x00003486        0x2 ff
 .text._ZN7Pokitto4Core8initGPIOEv
                0x00003488      0x108 .objs\pokittolib\pokitto_hw\pokittohw.o
                0x00003488                Pokitto::Core::initGPIO()
 .text.gpio_write
                0x00003590       0x30 .objs\pokittolib\pokitto_hw\softwarei2c.o
 .text.gpio_read
                0x000035c0       0x2c .objs\pokittolib\pokitto_hw\softwarei2c.o
 .text._ZN4mbed12DigitalInOut6outputEv
                0x000035ec        0xa .objs\pokittolib\pokitto_hw\softwarei2c.o
                0x000035ec                mbed::DigitalInOut::output()
 .text._ZN11SoftwareI2C5startEv
                0x000035f6       0x46 .objs\pokittolib\pokitto_hw\softwarei2c.o
                0x000035f6                SoftwareI2C::start()
 .text._ZN11SoftwareI2C4stopEv
                0x0000363c       0x36 .objs\pokittolib\pokitto_hw\softwarei2c.o
                0x0000363c                SoftwareI2C::stop()
 .text._ZN11SoftwareI2C7putByteEh
                0x00003672       0x48 .objs\pokittolib\pokitto_hw\softwarei2c.o
                0x00003672                SoftwareI2C::putByte(unsigned char)
 .text._ZN11SoftwareI2C6getAckEv
                0x000036ba       0x52 .objs\pokittolib\pokitto_hw\softwarei2c.o
                0x000036ba                SoftwareI2C::getAck()
 .text._ZN11SoftwareI2CC2E7PinNameS0_
                0x0000370c       0x94 .objs\pokittolib\pokitto_hw\softwarei2c.o
                0x0000370c                SoftwareI2C::SoftwareI2C(PinName, PinName)
                0x0000370c                SoftwareI2C::SoftwareI2C(PinName, PinName)
 .text._ZN11SoftwareI2CD2Ev
                0x000037a0        0x2 .objs\pokittolib\pokitto_hw\softwarei2c.o
                0x000037a0                SoftwareI2C::~SoftwareI2C()
                0x000037a0                SoftwareI2C::~SoftwareI2C()
 .text._ZN11SoftwareI2C5writeEhh
                0x000037a2       0x34 .objs\pokittolib\pokitto_hw\softwarei2c.o
                0x000037a2                SoftwareI2C::write(unsigned char, unsigned char)
 *fill*         0x000037d6        0x2 ff
 .text.startup._GLOBAL__sub_I_playing
                0x000037d8       0x2c .objs\pokittolib\pokitto_libs\synth\synth.o
 .text.startup._GLOBAL__sub_I__dc
                0x00003804       0x10 .objs\pokittolib\pokitto_xternals\arduino\delay.o
 .text.floor    0x00003814      0x130 c:/program files (x86)/embitz/1.11/share/em_armgcc/bin/../lib/gcc/arm-none-eabi/5.4.1/../../../../arm-none-eabi/lib/armv6-m\libm.a(lib_a-s_floor.o)
                0x00003814                floor
 .text.exit     0x00003944       0x2c c:/program files (x86)/embitz/1.11/share/em_armgcc/bin/../lib/gcc/arm-none-eabi/5.4.1/../../../../arm-none-eabi/lib/armv6-m\libc_n.a(lib_a-exit.o)
                0x00003944                exit
 .text.__libc_init_array
                0x00003970       0x4c c:/program files (x86)/embitz/1.11/share/em_armgcc/bin/../lib/gcc/arm-none-eabi/5.4.1/../../../../arm-none-eabi/lib/armv6-m\libc_n.a(lib_a-init.o)
                0x00003970                __libc_init_array
 .text.free     0x000039bc       0x14 c:/program files (x86)/embitz/1.11/share/em_armgcc/bin/../lib/gcc/arm-none-eabi/5.4.1/../../../../arm-none-eabi/lib/armv6-m\libc_n.a(lib_a-malloc.o)
                0x000039bc                free
 .text.memset   0x000039d0       0x10 c:/program files (x86)/embitz/1.11/share/em_armgcc/bin/../lib/gcc/arm-none-eabi/5.4.1/../../../../arm-none-eabi/lib/armv6-m\libc_n.a(lib_a-memset.o)
                0x000039d0                memset
 .text._free_r  0x000039e0       0x98 c:/program files (x86)/embitz/1.11/share/em_armgcc/bin/../lib/gcc/arm-none-eabi/5.4.1/../../../../arm-none-eabi/lib/armv6-m\libc_n.a(lib_a-nano-freer.o)
                0x000039e0                _free_r
 .text.__malloc_lock
                0x00003a78        0x2 c:/program files (x86)/embitz/1.11/share/em_armgcc/bin/../lib/gcc/arm-none-eabi/5.4.1/../../../../arm-none-eabi/lib/armv6-m\libc_n.a(lib_a-mlock.o)
                0x00003a78                __malloc_lock
 .text.__malloc_unlock
                0x00003a7a        0x2 c:/program files (x86)/embitz/1.11/share/em_armgcc/bin/../lib/gcc/arm-none-eabi/5.4.1/../../../../arm-none-eabi/lib/armv6-m\libc_n.a(lib_a-mlock.o)
                0x00003a7a                __malloc_unlock
 .text          0x00003a7c       0x14 c:/program files (x86)/embitz/1.11/share/em_armgcc/bin/../lib/gcc/arm-none-eabi/5.4.1/armv6-m\libgcc.a(_thumb1_case_uqi.o)
                0x00003a7c                __gnu_thumb1_case_uqi
 .text          0x00003a90      0x114 c:/program files (x86)/embitz/1.11/share/em_armgcc/bin/../lib/gcc/arm-none-eabi/5.4.1/armv6-m\libgcc.a(_udivsi3.o)
                0x00003a90                __aeabi_uidiv
                0x00003a90                __udivsi3
                0x00003b9c                __aeabi_uidivmod
 .text          0x00003ba4      0x1d4 c:/program files (x86)/embitz/1.11/share/em_armgcc/bin/../lib/gcc/arm-none-eabi/5.4.1/armv6-m\libgcc.a(_divsi3.o)
                0x00003ba4                __divsi3
                0x00003ba4                __aeabi_idiv
                0x00003d70                __aeabi_idivmod
 .text          0x00003d78        0x4 c:/program files (x86)/embitz/1.11/share/em_armgcc/bin/../lib/gcc/arm-none-eabi/5.4.1/armv6-m\libgcc.a(_dvmd_tls.o)
                0x00003d78                __aeabi_idiv0
                0x00003d78                __aeabi_ldiv0
 .text          0x00003d7c       0x7c c:/program files (x86)/embitz/1.11/share/em_armgcc/bin/../lib/gcc/arm-none-eabi/5.4.1/armv6-m\libgcc.a(_arm_cmpdf2.o)
                0x00003d7c                __aeabi_cdrcmple
                0x00003d8c                __aeabi_cdcmple
                0x00003d8c                __aeabi_cdcmpeq
                0x00003d9c                __aeabi_dcmpeq
                0x00003da8                __aeabi_dcmplt
                0x00003dbc                __aeabi_dcmple
                0x00003dd0                __aeabi_dcmpgt
                0x00003de4                __aeabi_dcmpge
 .text          0x00003df8       0x74 c:/program files (x86)/embitz/1.11/share/em_armgcc/bin/../lib/gcc/arm-none-eabi/5.4.1/armv6-m\libgcc.a(_arm_cmpsf2.o)
                0x00003df8                __aeabi_cfrcmple
                0x00003e00                __aeabi_cfcmpeq
                0x00003e00                __aeabi_cfcmple
                0x00003e10                __aeabi_fcmpeq
                0x00003e1c                __aeabi_fcmplt
                0x00003e30                __aeabi_fcmple
                0x00003e44                __aeabi_fcmpgt
                0x00003e58                __aeabi_fcmpge
 .text          0x00003e6c       0x30 c:/program files (x86)/embitz/1.11/share/em_armgcc/bin/../lib/gcc/arm-none-eabi/5.4.1/armv6-m\libgcc.a(_fixunssfsi.o)
                0x00003e6c                __fixunssfsi
                0x00003e6c                __aeabi_f2uiz
 .text          0x00003e9c      0x2ec c:/program files (x86)/embitz/1.11/share/em_armgcc/bin/../lib/gcc/arm-none-eabi/5.4.1/armv6-m\libgcc.a(addsf3.o)
                0x00003e9c                __aeabi_fadd
 .text          0x00004188      0x234 c:/program files (x86)/embitz/1.11/share/em_armgcc/bin/../lib/gcc/arm-none-eabi/5.4.1/armv6-m\libgcc.a(divsf3.o)
                0x00004188                __aeabi_fdiv
 .text          0x000043bc       0x50 c:/program files (x86)/embitz/1.11/share/em_armgcc/bin/../lib/gcc/arm-none-eabi/5.4.1/armv6-m\libgcc.a(eqsf2.o)
                0x000043bc                __eqsf2
                0x000043bc                __nesf2
 .text          0x0000440c       0x88 c:/program files (x86)/embitz/1.11/share/em_armgcc/bin/../lib/gcc/arm-none-eabi/5.4.1/armv6-m\libgcc.a(gesf2.o)
                0x0000440c                __gesf2
                0x0000440c                __gtsf2
 .text          0x00004494       0x88 c:/program files (x86)/embitz/1.11/share/em_armgcc/bin/../lib/gcc/arm-none-eabi/5.4.1/armv6-m\libgcc.a(lesf2.o)
                0x00004494                __ltsf2
                0x00004494                __lesf2
 .text          0x0000451c      0x228 c:/program files (x86)/embitz/1.11/share/em_armgcc/bin/../lib/gcc/arm-none-eabi/5.4.1/armv6-m\libgcc.a(mulsf3.o)
                0x0000451c                __aeabi_fmul
 .text          0x00004744      0x30c c:/program files (x86)/embitz/1.11/share/em_armgcc/bin/../lib/gcc/arm-none-eabi/5.4.1/armv6-m\libgcc.a(subsf3.o)
                0x00004744                __aeabi_fsub
 .text          0x00004a50       0x44 c:/program files (x86)/embitz/1.11/share/em_armgcc/bin/../lib/gcc/arm-none-eabi/5.4.1/armv6-m\libgcc.a(fixsfsi.o)
                0x00004a50                __aeabi_f2iz
 .text          0x00004a94       0x90 c:/program files (x86)/embitz/1.11/share/em_armgcc/bin/../lib/gcc/arm-none-eabi/5.4.1/armv6-m\libgcc.a(floatsisf.o)
                0x00004a94                __aeabi_i2f
 .text          0x00004b24       0x7c c:/program files (x86)/embitz/1.11/share/em_armgcc/bin/../lib/gcc/arm-none-eabi/5.4.1/armv6-m\libgcc.a(floatunsisf.o)
                0x00004b24                __aeabi_ui2f
 .text          0x00004ba0      0x658 c:/program files (x86)/embitz/1.11/share/em_armgcc/bin/../lib/gcc/arm-none-eabi/5.4.1/armv6-m\libgcc.a(adddf3.o)
                0x00004ba0                __aeabi_dadd
 .text          0x000051f8       0x80 c:/program files (x86)/embitz/1.11/share/em_armgcc/bin/../lib/gcc/arm-none-eabi/5.4.1/armv6-m\libgcc.a(eqdf2.o)
                0x000051f8                __nedf2
                0x000051f8                __eqdf2
 .text          0x00005278       0xc8 c:/program files (x86)/embitz/1.11/share/em_armgcc/bin/../lib/gcc/arm-none-eabi/5.4.1/armv6-m\libgcc.a(gedf2.o)
                0x00005278                __gedf2
                0x00005278                __gtdf2
 .text          0x00005340       0xd4 c:/program files (x86)/embitz/1.11/share/em_armgcc/bin/../lib/gcc/arm-none-eabi/5.4.1/armv6-m\libgcc.a(ledf2.o)
                0x00005340                __ledf2
                0x00005340                __ltdf2
 .text          0x00005414       0x6c c:/program files (x86)/embitz/1.11/share/em_armgcc/bin/../lib/gcc/arm-none-eabi/5.4.1/armv6-m\libgcc.a(fixdfsi.o)
                0x00005414                __aeabi_d2iz
 .text          0x00005480       0xa8 c:/program files (x86)/embitz/1.11/share/em_armgcc/bin/../lib/gcc/arm-none-eabi/5.4.1/armv6-m\libgcc.a(extendsfdf2.o)
                0x00005480                __aeabi_f2d
 .text          0x00005528       0x3c c:/program files (x86)/embitz/1.11/share/em_armgcc/bin/../lib/gcc/arm-none-eabi/5.4.1/armv6-m\libgcc.a(_clzsi2.o)
                0x00005528                __clzsi2
 *(.rodata .rodata.*)
 .rodata.str1.1
                0x00005564       0x67 .objs\main.o
 .rodata.str1.1
                0x000055cb       0x31 .objs\pokittolib\mbed-pokitto\common\assert.o
 .rodata.str1.1
                0x000055fc       0x67 .objs\pokittolib\mbed-pokitto\common\board.o
 .rodata.str1.1
                0x000055fc       0x67 .objs\pokittolib\mbed-pokitto\common\gpio.o
 .rodata._ZTVN4mbed11InterruptInE
                0x000055fc       0x10 .objs\pokittolib\mbed-pokitto\common\interruptin.o
                0x000055fc                vtable for mbed::InterruptIn
 .rodata.str1.1
                0x0000560c       0x60 .objs\pokittolib\mbed-pokitto\common\pinmap_common.o
 .rodata._ZTVN4mbed3SPIE
                0x0000566c       0x14 .objs\pokittolib\mbed-pokitto\common\spi.o
                0x0000566c                vtable for mbed::SPI
 .rodata._ZTVN4mbed6TickerE
                0x00005680       0x14 .objs\pokittolib\mbed-pokitto\common\ticker.o
                0x00005680                vtable for mbed::Ticker
 .rodata._ZTVN4mbed10TimerEventE
                0x00005694       0x14 .objs\pokittolib\mbed-pokitto\common\timerevent.o
                0x00005694                vtable for mbed::TimerEvent
 .rodata.us_interface
                0x000056a8       0x14 .objs\pokittolib\mbed-pokitto\common\us_ticker_api.o
 .rodata.us_data
                0x000056bc        0x8 .objs\pokittolib\mbed-pokitto\common\us_ticker_api.o
 .rodata.str1.1
                0x000056c4       0x4a .objs\pokittolib\mbed-pokitto\targets\hal\target_nxp\target_lpc11u6x\gpio_api.o
                                 0x75 (size before relaxing)
 *fill*         0x0000570e        0x2 ff
 .rodata.CSWTCH.17
                0x00005710       0x20 .objs\pokittolib\mbed-pokitto\targets\hal\target_nxp\target_lpc11u6x\gpio_irq_api.o
 .rodata.str1.1
                0x00005730       0x48 .objs\pokittolib\mbed-pokitto\targets\hal\target_nxp\target_lpc11u6x\pinmap.o
                                 0x5b (size before relaxing)
 .rodata.PinMap_PWM
                0x00005778       0x6c .objs\pokittolib\mbed-pokitto\targets\hal\target_nxp\target_lpc11u6x\pwmout_api.o
 .rodata.str1.1
                0x000057e4       0x2b .objs\pokittolib\mbed-pokitto\targets\hal\target_nxp\target_lpc11u6x\pwmout_api.o
 *fill*         0x0000580f        0x1 ff
 .rodata.SCTs   0x00005810        0x8 .objs\pokittolib\mbed-pokitto\targets\hal\target_nxp\target_lpc11u6x\pwmout_api.o
 .rodata.PinMap_SPI_MISO
                0x00005818       0x3c .objs\pokittolib\mbed-pokitto\targets\hal\target_nxp\target_lpc11u6x\spi_api.o
 .rodata.PinMap_SPI_SCLK
                0x00005854       0x48 .objs\pokittolib\mbed-pokitto\targets\hal\target_nxp\target_lpc11u6x\spi_api.o
 .rodata.str1.1
                0x0000589c       0xc2 .objs\pokittolib\mbed-pokitto\targets\hal\target_nxp\target_lpc11u6x\spi_api.o
 *fill*         0x0000595e        0x2 ff
 .rodata.PinMap_SPI_MOSI
                0x00005960       0x3c .objs\pokittolib\mbed-pokitto\targets\hal\target_nxp\target_lpc11u6x\spi_api.o
 .rodata.PinMap_SPI_SSEL
                0x0000599c       0x3c .objs\pokittolib\mbed-pokitto\targets\hal\target_nxp\target_lpc11u6x\spi_api.o
 .rodata.font5x7
                0x000059d8      0x304 .objs\pokittolib\pokitto_core\fonts\font5x7.o
                0x000059d8                font5x7
 .rodata.fontC64
                0x00005cdc      0x364 .objs\pokittolib\pokitto_core\fonts\fontc64.o
                0x00005cdc                fontC64
 .rodata.fntC64UIGfx
                0x00006040      0x364 .objs\pokittolib\pokitto_core\fonts\fontc64uigfx.o
                0x00006040                fntC64UIGfx
 .rodata.fontMini
                0x000063a4      0x13a .objs\pokittolib\pokitto_core\fonts\mini4x6.o
                0x000063a4                fontMini
 .rodata.paletteCGA
                0x000064de       0x30 .objs\pokittolib\pokitto_core\palettes\palcga.o
                0x000064de                paletteCGA
 .rodata.str1.1
                0x0000650e      0x1e5 .objs\pokittolib\pokitto_core\pokittocore.o
                                0x1f6 (size before relaxing)
 .rodata.Pokitto_logo
                0x000066f3      0x50a .objs\pokittolib\pokitto_core\pokittologos.o
                0x000066f3                Pokitto_logo
 .rodata.Pokitto_headphones
                0x00006bfd       0x22 .objs\pokittolib\pokitto_core\pokittologos.o
                0x00006bfd                Pokitto_headphones
 .rodata.Pokitto_speaker
                0x00006c1f       0x22 .objs\pokittolib\pokitto_core\pokittologos.o
                0x00006c1f                Pokitto_speaker
 .rodata.Pokitto_volumebar
                0x00006c41        0x6 .objs\pokittolib\pokitto_core\pokittologos.o
                0x00006c41                Pokitto_volumebar
 .rodata.str1.1
                0x00006c47       0x67 .objs\pokittolib\pokitto_hw\softwarei2c.o
 *fill*         0x00006c47        0x1 ff
 .rodata.__sf_fake_stdin
                0x00006c48       0x20 c:/program files (x86)/embitz/1.11/share/em_armgcc/bin/../lib/gcc/arm-none-eabi/5.4.1/../../../../arm-none-eabi/lib/armv6-m\libc_n.a(lib_a-findfp.o)
                0x00006c48                __sf_fake_stdin
 .rodata.__sf_fake_stdout
                0x00006c68       0x20 c:/program files (x86)/embitz/1.11/share/em_armgcc/bin/../lib/gcc/arm-none-eabi/5.4.1/../../../../arm-none-eabi/lib/armv6-m\libc_n.a(lib_a-findfp.o)
                0x00006c68                __sf_fake_stdout
 .rodata.__sf_fake_stderr
                0x00006c88       0x20 c:/program files (x86)/embitz/1.11/share/em_armgcc/bin/../lib/gcc/arm-none-eabi/5.4.1/../../../../arm-none-eabi/lib/armv6-m\libc_n.a(lib_a-findfp.o)
                0x00006c88                __sf_fake_stderr
 .rodata.str1.1
                0x00006ca8      0x1e5 c:/program files (x86)/embitz/1.11/share/em_armgcc/bin/../lib/gcc/arm-none-eabi/5.4.1/../../../../arm-none-eabi/lib/armv6-m\libc_n.a(lib_a-impure.o)
                                  0x2 (size before relaxing)
 .rodata._global_impure_ptr
                0x00006ca8        0x4 c:/program files (x86)/embitz/1.11/share/em_armgcc/bin/../lib/gcc/arm-none-eabi/5.4.1/../../../../arm-none-eabi/lib/armv6-m\libc_n.a(lib_a-impure.o)
                0x00006ca8                _global_impure_ptr
 .rodata        0x00006cac       0x80 c:/program files (x86)/embitz/1.11/share/em_armgcc/bin/../lib/gcc/arm-none-eabi/5.4.1/armv6-m\libgcc.a(divsf3.o)
 .rodata        0x00006d2c       0x40 c:/program files (x86)/embitz/1.11/share/em_armgcc/bin/../lib/gcc/arm-none-eabi/5.4.1/armv6-m\libgcc.a(mulsf3.o)
                0x00006e90                . = ALIGN (0x4)
                0x00006e90                . = ALIGN (0x4)
 *(.init)
 .init          0x00006d6c        0x4 c:/program files (x86)/embitz/1.11/share/em_armgcc/bin/../lib/gcc/arm-none-eabi/5.4.1/armv6-m/crti.o
                0x00006d6c                _init
 .init          0x00006d70        0x8 c:/program files (x86)/embitz/1.11/share/em_armgcc/bin/../lib/gcc/arm-none-eabi/5.4.1/armv6-m/crtn.o
                0x00006e90                . = ALIGN (0x4)
                0x00006e90                __preinit_array_start = .
 *(.preinit_array)
                0x00006e90                __preinit_array_end = .
                0x00006e90                . = ALIGN (0x4)
                0x00006e90                __init_array_start = .
 *(SORT(.init_array.*))
 *(.init_array)
 .init_array    0x00006d78        0x4 c:/program files (x86)/embitz/1.11/share/em_armgcc/bin/../lib/gcc/arm-none-eabi/5.4.1/armv6-m/crtbegin.o
 .init_array    0x00006d7c        0x4 .objs\main.o
 .init_array    0x00006d80        0x4 .objs\pokittolib\pokitto_core\pokittoconsole.o
 .init_array    0x00006d84        0x4 .objs\pokittolib\pokitto_core\pokittocore.o
 .init_array    0x00006d88        0x4 .objs\pokittolib\pokitto_core\pokittodisk.o
 .init_array    0x00006d8c        0x4 .objs\pokittolib\pokitto_core\pokittodisplay.o
 .init_array    0x00006d90        0x4 .objs\pokittolib\pokitto_core\pokittosound.o
 .init_array    0x00006d94        0x4 .objs\pokittolib\pokitto_hw\hwbuttons.o
 .init_array    0x00006d98        0x4 .objs\pokittolib\pokitto_hw\hwsound.o
 .init_array    0x00006d9c        0x4 .objs\pokittolib\pokitto_libs\synth\synth.o
 .init_array    0x00006da0        0x4 .objs\pokittolib\pokitto_xternals\arduino\delay.o
                0x00006e90                __init_array_end = .
 *(.fini)
 .fini          0x00006da4        0x4 c:/program files (x86)/embitz/1.11/share/em_armgcc/bin/../lib/gcc/arm-none-eabi/5.4.1/armv6-m/crti.o
                0x00006da4                _fini
 .fini          0x00006da8        0x8 c:/program files (x86)/embitz/1.11/share/em_armgcc/bin/../lib/gcc/arm-none-eabi/5.4.1/armv6-m/crtn.o
                0x00006e90                . = ALIGN (0x4)
 *crtbegin.o(.ctors)
 *(EXCLUDE_FILE(*crtend.o) .ctors)
 *(SORT(.ctors.*))
 *crtend.o(.ctors)
                0x00006e90                . = ALIGN (0x4)
 *crtbegin.o(.dtors)
 *(EXCLUDE_FILE(*crtend.o) .dtors)
 *(SORT(.dtors.*))
 *crtend.o(.dtors)

.glue_7         0x00006db0        0x0
 .glue_7        0x00006db0        0x0 linker stubs

.glue_7t        0x00006db0        0x0
 .glue_7t       0x00006db0        0x0 linker stubs

.vfp11_veneer   0x00006db0        0x0
 .vfp11_veneer  0x00006db0        0x0 linker stubs

.v4_bx          0x00006db0        0x0
 .v4_bx         0x00006db0        0x0 linker stubs

.iplt           0x00006db0        0x0
 .iplt          0x00006db0        0x0 c:/program files (x86)/embitz/1.11/share/em_armgcc/bin/../lib/gcc/arm-none-eabi/5.4.1/armv6-m/crtbegin.o

.eh_frame       0x00006db0        0x0
 .eh_frame      0x00006db0        0x0 c:/program files (x86)/embitz/1.11/share/em_armgcc/bin/../lib/gcc/arm-none-eabi/5.4.1/armv6-m/crtbegin.o

.rel.dyn        0x00006db0        0x0
 .rel.iplt      0x00006db0        0x0 c:/program files (x86)/embitz/1.11/share/em_armgcc/bin/../lib/gcc/arm-none-eabi/5.4.1/armv6-m/crtbegin.o

.ARM.extab
 *(.ARM.extab* .gnu.linkonce.armextab.*)
                0x00006db0                __exidx_start = .

.ARM.exidx
 *(.ARM.exidx* .gnu.linkonce.armexidx.*)
                0x00006db0                __exidx_end = .
                0x00006db0                _etext = .

.mtb_buffer_RAM2
 *(.mtb.$RAM2*)
 *(.mtb.$RAM1_2*)

.data_RAM2      0x20000000        0x0 load address 0x00006db0
 FILL mask 0xff
 *(.ramfunc.$RAM2)
 *(.ramfunc.$Ram1_2)
 *(.data.$RAM2*)
 *(.data.$Ram1_2*)
                0x20000000                . = ALIGN (0x4)

.mtb_buffer_RAM3
 *(.mtb.$RAM3*)
 *(.mtb.$RAM2USB_2*)

.data_RAM3      0x20004000        0x0 load address 0x00006db0
 FILL mask 0xff
 *(.ramfunc.$RAM3)
 *(.ramfunc.$Ram2USB_2)
 *(.data.$RAM3*)
 *(.data.$Ram2USB_2*)
                0x20004000                . = ALIGN (0x4)

.mtb_buffer_default
 *(.mtb*)

.uninit_RESERVED
                0x10000100        0x0
 *(.bss.$RESERVED*)
                0x10000100                . = ALIGN (0x4)
                0x10000100                _end_uninit_RESERVED = .

.data           0x10000100       0x80 load address 0x00006db0
 FILL mask 0xff
                0x10000100                _data = .
 *(vtable)
 *(.ramfunc*)
 *(.data*)
 .data          0x10000100        0x4 c:/program files (x86)/embitz/1.11/share/em_armgcc/bin/../lib/gcc/arm-none-eabi/5.4.1/armv6-m/crtbegin.o
                0x10000100                __dso_handle
 .data.SystemCoreClock
                0x10000104        0x4 .objs\pokittolib\mbed-pokitto\targets\cmsis\target_nxp\target_lpc11u6x\system_lpc11u6x.o
                0x10000104                SystemCoreClock
 .data._ZN7Pokitto7Display11directcolorE
                0x10000108        0x2 .objs\pokittolib\pokitto_core\pokittodisplay.o
                0x10000108                Pokitto::Display::directcolor
 .data._ZN7Pokitto7Display14adjustLineStepE
                0x1000010a        0x1 .objs\pokittolib\pokitto_core\pokittodisplay.o
                0x1000010a                Pokitto::Display::adjustLineStep
 .data._ZN7Pokitto7Display3bppE
                0x1000010b        0x1 .objs\pokittolib\pokitto_core\pokittodisplay.o
                0x1000010b                Pokitto::Display::bpp
 .data._ZN7Pokitto7Display8textWrapE
                0x1000010c        0x1 .objs\pokittolib\pokitto_core\pokittodisplay.o
                0x1000010c                Pokitto::Display::textWrap
 *fill*         0x1000010d        0x1 ff
 .data._ZN7Pokitto7Display5colorE
                0x1000010e        0x2 .objs\pokittolib\pokitto_core\pokittodisplay.o
                0x1000010e                Pokitto::Display::color
 .data._ZN7Pokitto7Display8fontSizeE
                0x10000110        0x1 .objs\pokittolib\pokitto_core\pokittodisplay.o
                0x10000110                Pokitto::Display::fontSize
 .data._ZN7Pokitto7Display14adjustCharStepE
                0x10000111        0x1 .objs\pokittolib\pokitto_core\pokittodisplay.o
                0x10000111                Pokitto::Display::adjustCharStep
 .data._ZN7Pokitto7Display5widthE
                0x10000112        0x1 .objs\pokittolib\pokitto_core\pokittodisplay.o
                0x10000112                Pokitto::Display::width
 *fill*         0x10000113        0x1 ff
 .data._ZN7Pokitto7Display14invisiblecolorE
                0x10000114        0x2 .objs\pokittolib\pokitto_core\pokittodisplay.o
                0x10000114                Pokitto::Display::invisiblecolor
 .data._ZN7Pokitto7Display6heightE
                0x10000116        0x1 .objs\pokittolib\pokitto_core\pokittodisplay.o
                0x10000116                Pokitto::Display::height
 *fill*         0x10000117        0x1 ff
 .data._ZN7Pokitto5Sound9volumeMaxE
                0x10000118        0x2 .objs\pokittolib\pokitto_core\pokittosound.o
                0x10000118                Pokitto::Sound::volumeMax
 .data.streamvol
                0x1000011a        0x1 .objs\pokittolib\pokitto_hw\hwsound.o
                0x1000011a                streamvol
 .data.tempo    0x1000011b        0x1 .objs\pokittolib\pokitto_libs\synth\synth.o
                0x1000011b                tempo
 .data.impure_data
                0x1000011c       0x60 c:/program files (x86)/embitz/1.11/share/em_armgcc/bin/../lib/gcc/arm-none-eabi/5.4.1/../../../../arm-none-eabi/lib/armv6-m\libc_n.a(lib_a-impure.o)
 .data._impure_ptr
                0x1000017c        0x4 c:/program files (x86)/embitz/1.11/share/em_armgcc/bin/../lib/gcc/arm-none-eabi/5.4.1/../../../../arm-none-eabi/lib/armv6-m\libc_n.a(lib_a-impure.o)
                0x1000017c                _impure_ptr
                0x10000180                . = ALIGN (0x4)
                0x10000180                _edata = .

.jcr            0x10000180        0x0 load address 0x00006e30
 .jcr           0x10000180        0x0 c:/program files (x86)/embitz/1.11/share/em_armgcc/bin/../lib/gcc/arm-none-eabi/5.4.1/armv6-m/crtbegin.o

.igot.plt       0x10000180        0x0 load address 0x00006e30
 .igot.plt      0x10000180        0x0 c:/program files (x86)/embitz/1.11/share/em_armgcc/bin/../lib/gcc/arm-none-eabi/5.4.1/armv6-m/crtbegin.o

.bss_RAM2       0x20000000        0x0
 *(.bss.$RAM2*)
 *(.bss.$Ram1_2*)
                0x20000000                . = ALIGN (0x4)

.bss_RAM3       0x20004000        0x0
 *(.bss.$RAM3*)
 *(.bss.$Ram2USB_2*)
                0x20004000                . = ALIGN (0x4)

.bss            0x10000180     0x395c
                0x10000180                _bss = .
 *(.bss*)
 .bss           0x10000180       0x1c c:/program files (x86)/embitz/1.11/share/em_armgcc/bin/../lib/gcc/arm-none-eabi/5.4.1/armv6-m/crtbegin.o
 .bss._Down     0x1000019c        0x3 .objs\main.o
                0x1000019c                _Down
 *fill*         0x1000019f        0x1 
 .bss._aPin     0x100001a0       0x18 .objs\main.o
                0x100001a0                _aPin
 .bss._cPin     0x100001b8       0x18 .objs\main.o
                0x100001b8                _cPin
 .bss.ExPad     0x100001d0        0x1 .objs\main.o
                0x100001d0                ExPad
 *fill*         0x100001d1        0x3 
 .bss.frameNumber
                0x100001d4        0x4 .objs\main.o
                0x100001d4                frameNumber
 .bss._upPin    0x100001d8       0x18 .objs\main.o
                0x100001d8                _upPin
 .bss._A        0x100001f0        0x3 .objs\main.o
                0x100001f0                _A
 .bss._B        0x100001f3        0x3 .objs\main.o
                0x100001f3                _B
 .bss._C        0x100001f6        0x3 .objs\main.o
                0x100001f6                _C
 *fill*         0x100001f9        0x3 
 .bss._leftPin  0x100001fc       0x18 .objs\main.o
                0x100001fc                _leftPin
 .bss.myPad     0x10000214        0x1 .objs\main.o
                0x10000214                myPad
 *fill*         0x10000215        0x3 
 .bss._downPin  0x10000218       0x18 .objs\main.o
                0x10000218                _downPin
 .bss._bPin     0x10000230       0x18 .objs\main.o
                0x10000230                _bPin
 .bss.tempTime  0x10000248        0x4 .objs\main.o
                0x10000248                tempTime
 .bss.game      0x1000024c        0x1 .objs\main.o
                0x1000024c                game
 *fill*         0x1000024d        0x3 
 .bss._rightPin
                0x10000250       0x18 .objs\main.o
                0x10000250                _rightPin
 .bss.gameMode  0x10000268        0x1 .objs\main.o
                0x10000268                gameMode
 .bss.CompletePad
                0x10000269        0x1 .objs\main.o
                0x10000269                CompletePad
 .bss._Left     0x1000026a        0x3 .objs\main.o
                0x1000026a                _Left
 .bss._Right    0x1000026d        0x3 .objs\main.o
                0x1000026d                _Right
 .bss.myDelay   0x10000270        0x4 .objs\main.o
                0x10000270                myDelay
 .bss._Up       0x10000274        0x3 .objs\main.o
                0x10000274                _Up
 *fill*         0x10000277        0x1 
 .bss._ZN4mbed3SPI6_ownerE
                0x10000278        0x4 .objs\pokittolib\mbed-pokitto\common\spi.o
                0x10000278                mbed::SPI::_owner
 .bss.events    0x1000027c        0x8 .objs\pokittolib\mbed-pokitto\common\us_ticker_api.o
 .bss.gpio_enabled
                0x10000284        0x4 .objs\pokittolib\mbed-pokitto\targets\hal\target_nxp\target_lpc11u6x\gpio_api.o
 .bss.irq_handler
                0x10000288        0x4 .objs\pokittolib\mbed-pokitto\targets\hal\target_nxp\target_lpc11u6x\gpio_irq_api.o
 .bss.channel_ids
                0x1000028c       0x20 .objs\pokittolib\mbed-pokitto\targets\hal\target_nxp\target_lpc11u6x\gpio_irq_api.o
 .bss.sct_used  0x100002ac        0x1 .objs\pokittolib\mbed-pokitto\targets\hal\target_nxp\target_lpc11u6x\pwmout_api.o
 *fill*         0x100002ad        0x3 
 .bss.us_ticker_inited
                0x100002b0        0x4 .objs\pokittolib\mbed-pokitto\targets\hal\target_nxp\target_lpc11u6x\us_ticker.o
                0x100002b0                us_ticker_inited
 .bss._ZN7Pokitto7Battery5levelE
                0x100002b4        0x1 .objs\pokittolib\pokitto_core\pokittobattery.o
                0x100002b4                Pokitto::Battery::level
 .bss._ZN7Pokitto7Buttons13buttons_stateE
                0x100002b5        0x1 .objs\pokittolib\pokitto_core\pokittobuttons.o
                0x100002b5                Pokitto::Buttons::buttons_state
 .bss._ZN7Pokitto7Buttons6statesE
                0x100002b6        0x7 .objs\pokittolib\pokitto_core\pokittobuttons.o
                0x100002b6                Pokitto::Buttons::states
 .bss._ZN7Pokitto7Buttons16buttons_releasedE
                0x100002bd        0x1 .objs\pokittolib\pokitto_core\pokittobuttons.o
                0x100002bd                Pokitto::Buttons::buttons_released
 .bss._ZN7Pokitto7Buttons12buttons_heldE
                0x100002be        0x1 .objs\pokittolib\pokitto_core\pokittobuttons.o
                0x100002be                Pokitto::Buttons::buttons_held
 .bss._ZN7Pokitto7Console8conslastE
                0x100002bf        0x1 .objs\pokittolib\pokitto_core\pokittoconsole.o
                0x100002bf                Pokitto::Console::conslast
 .bss.pConsole  0x100002c0        0x1 .objs\pokittolib\pokitto_core\pokittoconsole.o
                0x100002c0                pConsole
 *fill*         0x100002c1        0x1 
 .bss._ZN7Pokitto7Console5colorE
                0x100002c2        0x2 .objs\pokittolib\pokitto_core\pokittoconsole.o
                0x100002c2                Pokitto::Console::color
 .bss._ZN7Pokitto7Console4modeE
                0x100002c4        0x1 .objs\pokittolib\pokitto_core\pokittoconsole.o
                0x100002c4                Pokitto::Console::mode
 .bss._ZN7Pokitto7Console11conspointerE
                0x100002c5        0x1 .objs\pokittolib\pokitto_core\pokittoconsole.o
                0x100002c5                Pokitto::Console::conspointer
 .bss._ZN7Pokitto7Console11conscounterE
                0x100002c6        0x2 .objs\pokittolib\pokitto_core\pokittoconsole.o
                0x100002c6                Pokitto::Console::conscounter
 .bss._ZN7Pokitto7Console4fontE
                0x100002c8        0x4 .objs\pokittolib\pokitto_core\pokittoconsole.o
                0x100002c8                Pokitto::Console::font
 .bss._ZN7Pokitto7Console9consfirstE
                0x100002cc        0x1 .objs\pokittolib\pokitto_core\pokittoconsole.o
                0x100002cc                Pokitto::Console::consfirst
 .bss._ZN7Pokitto4Core14startMenuTimerE
                0x100002cd        0x1 .objs\pokittolib\pokitto_core\pokittocore.o
                0x100002cd                Pokitto::Core::startMenuTimer
 .bss._ZN7Pokitto4Core9run_stateE
                0x100002ce        0x1 .objs\pokittolib\pokitto_core\pokittocore.o
                0x100002ce                Pokitto::Core::run_state
 .bss._ZN7Pokitto4Core12timePerFrameE
                0x100002cf        0x1 .objs\pokittolib\pokitto_core\pokittocore.o
                0x100002cf                Pokitto::Core::timePerFrame
 .bss._ZN7Pokitto4Core14volbar_visibleE
                0x100002d0        0x1 .objs\pokittolib\pokitto_core\pokittocore.o
                0x100002d0                Pokitto::Core::volbar_visible
 .bss._ZN7Pokitto4Core7displayE
                0x100002d1        0x1 .objs\pokittolib\pokitto_core\pokittocore.o
                0x100002d1                Pokitto::Core::display
 *fill*         0x100002d2        0x2 
 .bss._ZN7Pokitto4Core14frameEndMicrosE
                0x100002d4        0x4 .objs\pokittolib\pokitto_core\pokittocore.o
                0x100002d4                Pokitto::Core::frameEndMicros
 .bss.device    0x100002d8       0x18 .objs\pokittolib\pokitto_core\pokittodisk.o
                0x100002d8                device
 .bss._ZN7Pokitto7Display8m_scrbufE
                0x100002f0        0x4 .objs\pokittolib\pokitto_core\pokittodisplay.o
                0x100002f0                Pokitto::Display::m_scrbuf
 .bss._ZN7Pokitto7Display12m_colordepthE
                0x100002f4        0x1 .objs\pokittolib\pokitto_core\pokittodisplay.o
                0x100002f4                Pokitto::Display::m_colordepth
 *fill*         0x100002f5        0x1 
 .bss._ZN7Pokitto7Display3m_wE
                0x100002f6        0x2 .objs\pokittolib\pokitto_core\pokittodisplay.o
                0x100002f6                Pokitto::Display::m_w
 .bss._ZN7Pokitto7Display7paletteE
                0x100002f8       0x20 .objs\pokittolib\pokitto_core\pokittodisplay.o
                0x100002f8                Pokitto::Display::palette
 .bss._ZN7Pokitto7Display10paletteptrE
                0x10000318        0x4 .objs\pokittolib\pokitto_core\pokittodisplay.o
                0x10000318                Pokitto::Display::paletteptr
 .bss._ZN7Pokitto7Display10fontHeightE
                0x1000031c        0x1 .objs\pokittolib\pokitto_core\pokittodisplay.o
                0x1000031c                Pokitto::Display::fontHeight
 .bss._ZN7Pokitto7Display9fontWidthE
                0x1000031d        0x1 .objs\pokittolib\pokitto_core\pokittodisplay.o
                0x1000031d                Pokitto::Display::fontWidth
 .bss._ZN7Pokitto7Display7bgcolorE
                0x1000031e        0x2 .objs\pokittolib\pokitto_core\pokittodisplay.o
                0x1000031e                Pokitto::Display::bgcolor
 .bss._ZN7Pokitto7Display4fontE
                0x10000320        0x4 .objs\pokittolib\pokitto_core\pokittodisplay.o
                0x10000320                Pokitto::Display::font
 .bss._ZN7Pokitto7Display7cursorXE
                0x10000324        0x2 .objs\pokittolib\pokitto_core\pokittodisplay.o
                0x10000324                Pokitto::Display::cursorX
 .bss._ZN7Pokitto7Display3m_hE
                0x10000326        0x2 .objs\pokittolib\pokitto_core\pokittodisplay.o
                0x10000326                Pokitto::Display::m_h
 .bss.core      0x10000328        0x1 .objs\pokittolib\pokitto_core\pokittodisplay.o
                0x10000328                core
 .bss._ZN7Pokitto7Display6m_modeE
                0x10000329        0x1 .objs\pokittolib\pokitto_core\pokittodisplay.o
                0x10000329                Pokitto::Display::m_mode
 .bss._ZN7Pokitto7Display7cursorYE
                0x1000032a        0x2 .objs\pokittolib\pokitto_core\pokittodisplay.o
                0x1000032a                Pokitto::Display::cursorY
 .bss._ZN7Pokitto7Display13directbgcolorE
                0x1000032c        0x2 .objs\pokittolib\pokitto_core\pokittodisplay.o
                0x1000032c                Pokitto::Display::directbgcolor
 .bss._ZN7Pokitto7Display12screenbufferE
                0x1000032e     0x131f .objs\pokittolib\pokitto_core\pokittodisplay.o
                0x1000032e                Pokitto::Display::screenbuffer
 .bss.c         0x1000164d        0x1 .objs\pokittolib\pokitto_core\pokittosound.o
                0x1000164d                c
 .bss._ZN7Pokitto5Sound12globalVolumeE
                0x1000164e        0x2 .objs\pokittolib\pokitto_core\pokittosound.o
                0x1000164e                Pokitto::Sound::globalVolume
 .bss.CBtn      0x10001650       0x50 .objs\pokittolib\pokitto_hw\hwbuttons.o
                0x10001650                CBtn
 .bss.DBtn      0x100016a0       0x50 .objs\pokittolib\pokitto_hw\hwbuttons.o
                0x100016a0                DBtn
 .bss._bd       0x100016f0        0x1 .objs\pokittolib\pokitto_hw\hwbuttons.o
                0x100016f0                _bd
 *fill*         0x100016f1        0x3 
 .bss.LBtn      0x100016f4       0x50 .objs\pokittolib\pokitto_hw\hwbuttons.o
                0x100016f4                LBtn
 .bss.RBtn      0x10001744       0x50 .objs\pokittolib\pokitto_hw\hwbuttons.o
                0x10001744                RBtn
 .bss.UBtn      0x10001794       0x50 .objs\pokittolib\pokitto_hw\hwbuttons.o
                0x10001794                UBtn
 .bss._ZN7Pokitto10heldStatesE
                0x100017e4        0x7 .objs\pokittolib\pokitto_hw\hwbuttons.o
                0x100017e4                Pokitto::heldStates
 *fill*         0x100017eb        0x1 
 .bss.ABtn      0x100017ec       0x50 .objs\pokittolib\pokitto_hw\hwbuttons.o
                0x100017ec                ABtn
 .bss.BBtn      0x1000183c       0x50 .objs\pokittolib\pokitto_hw\hwbuttons.o
                0x1000183c                BBtn
 .bss.prevdata  0x1000188c        0x2 .objs\pokittolib\pokitto_hw\hwlcd.o
                0x1000188c                prevdata
 *fill*         0x1000188e        0x2 
 .bss.backlightpwm
                0x10001890        0x8 .objs\pokittolib\pokitto_hw\hwlcd.o
                0x10001890                backlightpwm
 .bss.dac3      0x10001898       0x18 .objs\pokittolib\pokitto_hw\hwsound.o
                0x10001898                dac3
 .bss.currentPtr
                0x100018b0        0x4 .objs\pokittolib\pokitto_hw\hwsound.o
                0x100018b0                currentPtr
 .bss.soundbuf  0x100018b4      0x100 .objs\pokittolib\pokitto_hw\hwsound.o
                0x100018b4                soundbuf
 .bss.dac0      0x100019b4       0x18 .objs\pokittolib\pokitto_hw\hwsound.o
                0x100019b4                dac0
 .bss.endPtr    0x100019cc        0x4 .objs\pokittolib\pokitto_hw\hwsound.o
                0x100019cc                endPtr
 .bss.dac2      0x100019d0       0x18 .objs\pokittolib\pokitto_hw\hwsound.o
                0x100019d0                dac2
 .bss.currentBuffer
                0x100019e8        0x4 .objs\pokittolib\pokitto_hw\hwsound.o
                0x100019e8                currentBuffer
 .bss.dac4      0x100019ec       0x18 .objs\pokittolib\pokitto_hw\hwsound.o
                0x100019ec                dac4
 .bss.dac5      0x10001a04       0x18 .objs\pokittolib\pokitto_hw\hwsound.o
                0x10001a04                dac5
 .bss.dac6      0x10001a1c       0x18 .objs\pokittolib\pokitto_hw\hwsound.o
                0x10001a1c                dac6
 .bss.dac7      0x10001a34       0x18 .objs\pokittolib\pokitto_hw\hwsound.o
                0x10001a34                dac7
 .bss._ZN7Pokitto8audiopwmE
                0x10001a4c        0x8 .objs\pokittolib\pokitto_hw\hwsound.o
                0x10001a4c                Pokitto::audiopwm
 .bss._ZN7Pokitto8streamonE
                0x10001a54        0x1 .objs\pokittolib\pokitto_hw\hwsound.o
                0x10001a54                Pokitto::streamon
 *fill*         0x10001a55        0x3 
 .bss.amp       0x10001a58       0x18 .objs\pokittolib\pokitto_hw\hwsound.o
                0x10001a58                amp
 .bss._ZN7Pokitto5audioE
                0x10001a70       0x30 .objs\pokittolib\pokitto_hw\hwsound.o
                0x10001a70                Pokitto::audio
 .bss._ZN7Pokitto10streambyteE
                0x10001aa0        0x1 .objs\pokittolib\pokitto_hw\hwsound.o
                0x10001aa0                Pokitto::streambyte
 .bss.buffers   0x10001aa1     0x2000 .objs\pokittolib\pokitto_hw\hwsound.o
                0x10001aa1                buffers
 .bss._ZN7Pokitto8HWvolumeE
                0x10003aa1        0x1 .objs\pokittolib\pokitto_hw\hwsound.o
                0x10003aa1                Pokitto::HWvolume
 .bss.streamstep
                0x10003aa2        0x1 .objs\pokittolib\pokitto_hw\hwsound.o
                0x10003aa2                streamstep
 *fill*         0x10003aa3        0x1 
 .bss.soundbyte
                0x10003aa4        0x2 .objs\pokittolib\pokitto_hw\hwsound.o
                0x10003aa4                soundbyte
 .bss.volpotError
                0x10003aa6        0x1 .objs\pokittolib\pokitto_hw\hwsound.o
                0x10003aa6                volpotError
 *fill*         0x10003aa7        0x1 
 .bss.dac1      0x10003aa8       0x18 .objs\pokittolib\pokitto_hw\hwsound.o
                0x10003aa8                dac1
 .bss.soundbufindex
                0x10003ac0        0x1 .objs\pokittolib\pokitto_hw\hwsound.o
                0x10003ac0                soundbufindex
 *fill*         0x10003ac1        0x3 
 .bss.pt_count  0x10003ac4        0x4 .objs\pokittolib\pokitto_hw\pokittoclock.o
                0x10003ac4                pt_count
 .bss._ZN7Pokitto4Core11refreshtimeE
                0x10003ac8        0x4 .objs\pokittolib\pokitto_hw\pokittoclock.o
                0x10003ac8                Pokitto::Core::refreshtime
 .bss.samplespertick
                0x10003acc        0x2 .objs\pokittolib\pokitto_libs\synth\synth.o
                0x10003acc                samplespertick
 *fill*         0x10003ace        0x2 
 .bss.per       0x10003ad0        0x4 .objs\pokittolib\pokitto_libs\synth\synth.o
                0x10003ad0                per
 .bss._dc       0x10003ad4        0x1 .objs\pokittolib\pokitto_xternals\arduino\delay.o
                0x10003ad4                _dc
 *fill*         0x10003ad5        0x3 
 .bss.__malloc_free_list
                0x10003ad8        0x4 c:/program files (x86)/embitz/1.11/share/em_armgcc/bin/../lib/gcc/arm-none-eabi/5.4.1/../../../../arm-none-eabi/lib/armv6-m\libc_n.a(lib_a-nano-mallocr.o)
                0x10003ad8                __malloc_free_list
 *(COMMON)
                0x10003adc                . = ALIGN (0x4)
                0x10003adc                _ebss = .
                [!provide]                PROVIDE (end, .)
                0x10003adc                __end__ = .

.noinit_RAM2    0x20000000        0x0
 *(.noinit.$RAM2*)
 *(.noinit.$Ram1_2*)
                0x20000000                . = ALIGN (0x4)

.noinit_RAM3    0x20004000        0x0
 *(.noinit.$RAM3*)
 *(.noinit.$Ram2USB_2*)
                0x20004000                . = ALIGN (0x4)

.noinit         0x10003adc        0x0
                0x10003adc                _noinit = .
 *(.noinit*)
                0x10003adc                . = ALIGN (0x4)
                0x10003adc                _end_noinit = .
                [!provide]                PROVIDE (_pvHeapStart, .)
                0x10008000                PROVIDE (_vStackTop, (__top_Ram0_32 - 0x0))
LOAD .objs\main.o
LOAD .objs\pokittolib\libpff\mmc.o
LOAD .objs\pokittolib\libpff\pff.o
LOAD .objs\pokittolib\mbed-pokitto\common\assert.o
LOAD .objs\pokittolib\mbed-pokitto\common\board.o
LOAD .objs\pokittolib\mbed-pokitto\common\busin.o
LOAD .objs\pokittolib\mbed-pokitto\common\businout.o
LOAD .objs\pokittolib\mbed-pokitto\common\busout.o
LOAD .objs\pokittolib\mbed-pokitto\common\callchain.o
LOAD .objs\pokittolib\mbed-pokitto\common\can.o
LOAD .objs\pokittolib\mbed-pokitto\common\error.o
LOAD .objs\pokittolib\mbed-pokitto\common\ethernet.o
LOAD .objs\pokittolib\mbed-pokitto\common\filebase.o
LOAD .objs\pokittolib\mbed-pokitto\common\filelike.o
LOAD .objs\pokittolib\mbed-pokitto\common\filepath.o
LOAD .objs\pokittolib\mbed-pokitto\common\filesystemlike.o
LOAD .objs\pokittolib\mbed-pokitto\common\gpio.o
LOAD .objs\pokittolib\mbed-pokitto\common\i2c.o
LOAD .objs\pokittolib\mbed-pokitto\common\i2cslave.o
LOAD .objs\pokittolib\mbed-pokitto\common\interruptin.o
LOAD .objs\pokittolib\mbed-pokitto\common\interruptmanager.o
LOAD .objs\pokittolib\mbed-pokitto\common\localfilesystem.o
LOAD .objs\pokittolib\mbed-pokitto\common\lp_ticker_api.o
LOAD .objs\pokittolib\mbed-pokitto\common\mbed_interface.o
LOAD .objs\pokittolib\mbed-pokitto\common\pinmap_common.o
LOAD .objs\pokittolib\mbed-pokitto\common\rawserial.o
LOAD .objs\pokittolib\mbed-pokitto\common\retarget.o
LOAD .objs\pokittolib\mbed-pokitto\common\rtc_time.o
LOAD .objs\pokittolib\mbed-pokitto\common\semihost_api.o
LOAD .objs\pokittolib\mbed-pokitto\common\serial.o
LOAD .objs\pokittolib\mbed-pokitto\common\serialbase.o
LOAD .objs\pokittolib\mbed-pokitto\common\spi.o
LOAD .objs\pokittolib\mbed-pokitto\common\spislave.o
LOAD .objs\pokittolib\mbed-pokitto\common\stream.o
LOAD .objs\pokittolib\mbed-pokitto\common\ticker.o
LOAD .objs\pokittolib\mbed-pokitto\common\ticker_api.o
LOAD .objs\pokittolib\mbed-pokitto\common\timeout.o
LOAD .objs\pokittolib\mbed-pokitto\common\timer.o
LOAD .objs\pokittolib\mbed-pokitto\common\timerevent.o
LOAD .objs\pokittolib\mbed-pokitto\common\us_ticker_api.o
LOAD .objs\pokittolib\mbed-pokitto\common\wait_api.o
LOAD .objs\pokittolib\mbed-pokitto\targets\cmsis\target_nxp\target_lpc11u6x\cmsis_nvic.o
LOAD .objs\pokittolib\mbed-pokitto\targets\cmsis\target_nxp\target_lpc11u6x\system_lpc11u6x.o
LOAD .objs\pokittolib\mbed-pokitto\targets\cmsis\target_nxp\target_lpc11u6x\toolchain_gcc_arm\target_lpc11u68\startup_lpc11u68.o
LOAD .objs\pokittolib\mbed-pokitto\targets\hal\target_nxp\target_lpc11u6x\analogin_api.o
LOAD .objs\pokittolib\mbed-pokitto\targets\hal\target_nxp\target_lpc11u6x\gpio_api.o
LOAD .objs\pokittolib\mbed-pokitto\targets\hal\target_nxp\target_lpc11u6x\gpio_irq_api.o
LOAD .objs\pokittolib\mbed-pokitto\targets\hal\target_nxp\target_lpc11u6x\i2c_api.o
LOAD .objs\pokittolib\mbed-pokitto\targets\hal\target_nxp\target_lpc11u6x\pinmap.o
LOAD .objs\pokittolib\mbed-pokitto\targets\hal\target_nxp\target_lpc11u6x\pwmout_api.o
LOAD .objs\pokittolib\mbed-pokitto\targets\hal\target_nxp\target_lpc11u6x\rtc_api.o
LOAD .objs\pokittolib\mbed-pokitto\targets\hal\target_nxp\target_lpc11u6x\serial_api.o
LOAD .objs\pokittolib\mbed-pokitto\targets\hal\target_nxp\target_lpc11u6x\sleep.o
LOAD .objs\pokittolib\mbed-pokitto\targets\hal\target_nxp\target_lpc11u6x\spi_api.o
LOAD .objs\pokittolib\mbed-pokitto\targets\hal\target_nxp\target_lpc11u6x\us_ticker.o
LOAD .objs\pokittolib\pokitto_core\fonts\adventurer12x16.o
LOAD .objs\pokittolib\pokitto_core\fonts\donut7x10.o
LOAD .objs\pokittolib\pokitto_core\fonts\dragon6x8.o
LOAD .objs\pokittolib\pokitto_core\fonts\font3x3.o
LOAD .objs\pokittolib\pokitto_core\fonts\font3x5.o
LOAD .objs\pokittolib\pokitto_core\fonts\font5x7.o
LOAD .objs\pokittolib\pokitto_core\fonts\fontc64.o
LOAD .objs\pokittolib\pokitto_core\fonts\fontc64uigfx.o
LOAD .objs\pokittolib\pokitto_core\fonts\karateka8x11.o
LOAD .objs\pokittolib\pokitto_core\fonts\koubit7x7.o
LOAD .objs\pokittolib\pokitto_core\fonts\mini4x6.o
LOAD .objs\pokittolib\pokitto_core\fonts\runes6x8.o
LOAD .objs\pokittolib\pokitto_core\fonts\tic806x6.o
LOAD .objs\pokittolib\pokitto_core\fonts\tight4x7.o
LOAD .objs\pokittolib\pokitto_core\fonts\tiny5x7.o
LOAD .objs\pokittolib\pokitto_core\fonts\zxspec.o
LOAD .objs\pokittolib\pokitto_core\palettes\palaction.o
LOAD .objs\pokittolib\pokitto_core\palettes\palcga.o
LOAD .objs\pokittolib\pokitto_core\palettes\paldb16.o
LOAD .objs\pokittolib\pokitto_core\palettes\paldefault.o
LOAD .objs\pokittolib\pokitto_core\palettes\palgameboy.o
LOAD .objs\pokittolib\pokitto_core\palettes\palmagma.o
LOAD .objs\pokittolib\pokitto_core\palettes\palmono.o
LOAD .objs\pokittolib\pokitto_core\palettes\palpico.o
LOAD .objs\pokittolib\pokitto_core\palettes\palrainbow.o
LOAD .objs\pokittolib\pokitto_core\palettes\palzxspec.o
LOAD .objs\pokittolib\pokitto_core\pokittobacklight.o
LOAD .objs\pokittolib\pokitto_core\pokittobattery.o
LOAD .objs\pokittolib\pokitto_core\pokittobuttons.o
LOAD .objs\pokittolib\pokitto_core\pokittoconsole.o
LOAD .objs\pokittolib\pokitto_core\pokittocore.o
LOAD .objs\pokittolib\pokitto_core\pokittodisk.o
LOAD .objs\pokittolib\pokitto_core\pokittodisplay.o
LOAD .objs\pokittolib\pokitto_core\pokittoitoa.o
LOAD .objs\pokittolib\pokitto_core\pokittologos.o
LOAD .objs\pokittolib\pokitto_core\pokittopalette.o
LOAD .objs\pokittolib\pokitto_core\pokittosound.o
LOAD .objs\pokittolib\pokitto_hw\hwbuttons.o
LOAD .objs\pokittolib\pokitto_hw\hwlcd.o
LOAD .objs\pokittolib\pokitto_hw\hwsound.o
LOAD .objs\pokittolib\pokitto_hw\iap.o
LOAD .objs\pokittolib\pokitto_hw\pokitto_extport.o
LOAD .objs\pokittolib\pokitto_hw\pokittoclock.o
LOAD .objs\pokittolib\pokitto_hw\pokittohw.o
LOAD .objs\pokittolib\pokitto_hw\softwarei2c.o
LOAD .objs\pokittolib\pokitto_libs\synth\synth.o
LOAD .objs\pokittolib\pokitto_libs\synth\synth_envfuncs.o
LOAD .objs\pokittolib\pokitto_libs\synth\synth_helpers.o
LOAD .objs\pokittolib\pokitto_libs\synth\synth_mixfuncs.o
LOAD .objs\pokittolib\pokitto_libs\synth\synth_oscfuncs.o
LOAD .objs\pokittolib\pokitto_libs\synth\synth_songfuncs.o
LOAD .objs\pokittolib\pokitto_libs\synth\synth_wavefuncs.o
LOAD .objs\pokittolib\pokitto_xternals\arduino\delay.o
LOAD c:/program files (x86)/embitz/1.11/share/em_armgcc/bin/../lib/gcc/arm-none-eabi/5.4.1/../../../../arm-none-eabi/lib/armv6-m\libstdc++_s.a
LOAD c:/program files (x86)/embitz/1.11/share/em_armgcc/bin/../lib/gcc/arm-none-eabi/5.4.1/../../../../arm-none-eabi/lib/armv6-m\libsupc++_s.a